10-18 11:27:38.841  1315  1356 D RestartProcessManager: Last Running Package : com.google.firebase.fiamquickstart , start time 1539854858841
10-18 11:27:38.843 29458 30130 V FA      : Connecting to remote service
10-18 11:27:38.856 29458 29458 I FIAM.Headless: Setting display event listener
10-18 11:27:38.858  1315  1409 I DisplayPowerController: useProximityForceSuspend = false
10-18 11:27:38.858  1315  1409 D RestartProcessManager: Screen off is false
10-18 11:27:38.859 29458 30130 V FA      : Activity paused, time: 72506757
10-18 11:27:38.867  1315  1409 I DisplayPowerController: useProximityForceSuspend = false
10-18 11:27:38.867  1315  1409 D RestartProcessManager: Screen off is false
10-18 11:27:38.868  1315  1409 I DisplayPowerController: useProximityForceSuspend = false
10-18 11:27:38.868  1315  1409 D RestartProcessManager: Screen off is false
10-18 11:27:38.872 29458 30130 D FA      : Logging event (FE): user_engagement(_e), Bundle[{firebase_event_origin(_o)=auto, engagement_time_msec(_et)=72850, firebase_screen_class(_sc)=KotlinMainActivity, firebase_screen_id(_si)=8840417714410460124}]
10-18 11:27:38.882  1315  1409 I DisplayPowerController: useProximityForceSuspend = false
10-18 11:27:38.883  1315  1409 D RestartProcessManager: Screen off is false
10-18 11:27:38.883  1315  1409 I DisplayPowerController: useProximityForceSuspend = false
10-18 11:27:38.883  1315  1409 D RestartProcessManager: Screen off is false
10-18 11:27:38.898  1315  1409 I DisplayPowerController: useProximityForceSuspend = false
10-18 11:27:38.898  1315  1409 D RestartProcessManager: Screen off is false
10-18 11:27:38.915  1315  1409 I DisplayPowerController: useProximityForceSuspend = false
10-18 11:27:38.915  1315  1409 D RestartProcessManager: Screen off is false
10-18 11:27:38.915  1315  1409 I DisplayPowerController: useProximityForceSuspend = false
10-18 11:27:38.915  1315  1409 D RestartProcessManager: Screen off is false
10-18 11:27:38.917 29458 30130 V FA      : Connection attempt already in progress
10-18 11:27:38.922 29458 30130 D FA      : Logging event (FE): screen_view(_vs), Bundle[{firebase_event_origin(_o)=auto, firebase_previous_class(_pc)=KotlinMainActivity, firebase_previous_id(_pi)=8840417714410460124, firebase_screen_class(_sc)=EntryChoiceActivity, firebase_screen_id(_si)=8840417714410460123}]
10-18 11:27:38.935  1315  1409 I DisplayPowerController: useProximityForceSuspend = false
10-18 11:27:38.936  1315  1409 D RestartProcessManager: Screen off is false
10-18 11:27:38.943 29458 30130 V FA      : Connection attempt already in progress
10-18 11:27:38.943 29458 30130 V FA      : Connection attempt already in progress
10-18 11:27:38.943 29458 30130 V FA      : Activity resumed, time: 72506776
10-18 11:27:38.944 29458 30130 D FA      : Connected to remote service
10-18 11:27:38.945 29458 30130 V FA      : Processing queued up service tasks: 4
10-18 11:27:38.949  1315  1409 I DisplayPowerController: useProximityForceSuspend = false
10-18 11:27:38.949  1315  1409 D RestartProcessManager: Screen off is false
10-18 11:27:38.949  1315  1409 I DisplayPowerController: useProximityForceSuspend = false
10-18 11:27:38.949  1315  1409 D RestartProcessManager: Screen off is false
10-18 11:27:38.962  3103 30131 V FA-SVC  : Logging event: origin=auto,name=user_engagement(_e),params=Bundle[{firebase_event_origin(_o)=auto, engagement_time_msec(_et)=72850, firebase_screen_class(_sc)=KotlinMainActivity, firebase_screen_id(_si)=8840417714410460124}]
10-18 11:27:38.968   808  2356 V LocSvc_HIDL_IzatProvider: [onLocationChanged][71] [HS] =>>>> [HC]
10-18 11:27:38.968  1315 19107 V LocSvc_HIDL_IzatProvider_jni: [onLocationChanged][136] [HC] <<= [HS]
10-18 11:27:38.969   808  2356 V LocSvc_HIDL_IzatProvider: [onLocationChanged][71] [HS] =>>>> [HC]
10-18 11:27:38.969  1315 19107 V LocSvc_HIDL_IzatProvider_jni: [onLocationChanged][136] [HC] <<= [HS]
10-18 11:27:38.969  1315  1409 I DisplayPowerController: useProximityForceSuspend = false
10-18 11:27:38.969  1315  1409 D RestartProcessManager: Screen off is false
10-18 11:27:38.978  3103 30131 V FA-SVC  : Saving event, name, data size: user_engagement(_e), 74
10-18 11:27:38.978  3103 30131 V FA-SVC  : Event recorded: Event{appId='com.google.firebase.fiamquickstart', name='user_engagement(_e)', params=Bundle[{firebase_event_origin(_o)=auto, engagement_time_msec(_et)=72850, firebase_screen_class(_sc)=KotlinMainActivity, firebase_screen_id(_si)=8840417714410460124}]}
10-18 11:27:38.982  3103 30131 V FA-SVC  : Upload scheduled in approximately ms: 2540603
10-18 11:27:38.984  3103 30131 V FA-SVC  : Cancelling job. JobID: 812057698
10-18 11:27:38.986  1315  1409 I DisplayPowerController: useProximityForceSuspend = false
10-18 11:27:38.986  1315  1409 D RestartProcessManager: Screen off is false
10-18 11:27:38.986  1315  1409 I DisplayPowerController: useProximityForceSuspend = false
10-18 11:27:38.986  1315  1409 D RestartProcessManager: Screen off is false
10-18 11:27:38.987  3103 30131 V FA-SVC  : Scheduling upload with GcmTaskService
10-18 11:27:38.987  3103 30131 V FA-SVC  : Scheduling task with Gcm. time: 2540603
10-18 11:27:38.996  1315  1583 I SettingsState: [PERSIST START] 
10-18 11:27:38.996  1315  1583 I SettingsState: file:settings_system.xml
10-18 11:27:38.996  3103 30131 V FA-SVC  : Background event processing time, ms: 35
10-18 11:27:38.998  1315  1409 I DisplayPowerController: useProximityForceSuspend = false
10-18 11:27:38.998  1315  1409 D RestartProcessManager: Screen off is false
10-18 11:27:39.007  1315  1409 I DisplayPowerController: useProximityForceSuspend = false
10-18 11:27:39.007  1315  1409 D RestartProcessManager: Screen off is false
10-18 11:27:39.008  2377 26624 E NetworkScheduler: Invalid component specified.
10-18 11:27:39.017  1315  1409 I DisplayPowerController: useProximityForceSuspend = false
10-18 11:27:39.017  1315  1409 D RestartProcessManager: Screen off is false
10-18 11:27:39.020  1315  1583 I SettingsState: [PERSIST END]
10-18 11:27:39.024  3103 30131 V FA-SVC  : Logging event: origin=auto,name=screen_view(_vs),params=Bundle[{firebase_event_origin(_o)=auto, firebase_previous_class(_pc)=KotlinMainActivity, firebase_previous_id(_pi)=8840417714410460124, firebase_screen_class(_sc)=EntryChoiceActivity, firebase_screen_id(_si)=8840417714410460123}]
10-18 11:27:39.025  2377  5097 E ExecutionCriteria: Package unavailable for task: com.google.android.talk/com.google.android.apps.hangouts.concurrent.impl.GcmTriggeredNotifier{u=0 tag="network_connectivity_wakeup:persisted" trigger=window{start=259111s,end=259112s,earliest=-39622348s,latest=-39622347s} requirements=[NET_CONNECTED] attributes=[PERSISTED] scheduled=-39881459s last_run=N/A jid=N/A status=PENDING retries=0 client_lib=MANCHEGO_GCM-0}
10-18 11:27:39.027  3103 30131 V FA-SVC  : Saving event, name, data size: screen_view(_vs), 108
10-18 11:27:39.027  3103 30131 V FA-SVC  : Event recorded: Event{appId='com.google.firebase.fiamquickstart', name='screen_view(_vs)', params=Bundle[{firebase_event_origin(_o)=auto, firebase_previous_class(_pc)=KotlinMainActivity, firebase_previous_id(_pi)=8840417714410460124, firebase_screen_class(_sc)=EntryChoiceActivity, firebase_screen_id(_si)=8840417714410460123}]}
10-18 11:27:39.029  3103 30131 V FA-SVC  : Upload scheduled in approximately ms: 2540555
10-18 11:27:39.030  3103 30131 V FA-SVC  : Cancelling job. JobID: 812057698
10-18 11:27:39.036  3103 30131 V FA-SVC  : Scheduling upload with GcmTaskService
10-18 11:27:39.036  3103 30131 V FA-SVC  : Scheduling task with Gcm. time: 2540555
10-18 11:27:39.040  3103 30131 V FA-SVC  : Background event processing time, ms: 16
10-18 11:27:39.044  2377 26624 E NetworkScheduler: Invalid component specified.
10-18 11:27:39.065  2377  5097 E ExecutionCriteria: Package unavailable for task: com.google.android.talk/com.google.android.apps.hangouts.concurrent.impl.GcmTriggeredNotifier{u=0 tag="network_connectivity_wakeup:persisted" trigger=window{start=259111s,end=259112s,earliest=-39622348s,latest=-39622347s} requirements=[NET_CONNECTED] attributes=[PERSISTED] scheduled=-39881459s last_run=N/A jid=N/A status=PENDING retries=0 client_lib=MANCHEGO_GCM-0}
10-18 11:27:39.203  1315  1583 I SettingsState: [PERSIST START] 
10-18 11:27:39.203  1315  1583 I SettingsState: file:settings_system.xml
10-18 11:27:39.228  1315  1583 I SettingsState: [PERSIST END]
10-18 11:27:39.545  1315  1583 I SettingsState: [PERSIST START] 
10-18 11:27:39.546  1315  1583 I SettingsState: file:settings_system.xml
10-18 11:27:39.580  1315  1583 I SettingsState: [PERSIST END]
10-18 11:27:39.963   809   852 E ANDR-PERF-UTIL: Failed to read 
10-18 11:27:41.576  1315  1356 D RestartProcessManager: increase duration : 2725 for com.google.firebase.fiamquickstart
10-18 11:27:41.579 29458 29458 I FIAM.Headless: Removing display event listener
10-18 11:27:41.581 29458 30130 V FA      : Recording user engagement, ms: 2722
10-18 11:27:41.582  1315  1356 D RestartProcessManager: Update Total Launch Times :net.oneplus.launcher
10-18 11:27:41.582  1315  1356 D RestartProcessManager: sLastRunningPackage (null) : net.oneplus.launcher
10-18 11:27:41.584 29458 30130 V FA      : Activity paused, time: 72509497
10-18 11:27:41.585  3694  3694 D RecyclerViewWrapper: onWindowVisibilityChanged:4
10-18 11:27:41.591 29458 30130 D FA      : Logging event (FE): user_engagement(_e), Bundle[{firebase_event_origin(_o)=auto, engagement_time_msec(_et)=2722, firebase_screen_class(_sc)=EntryChoiceActivity, firebase_screen_id(_si)=8840417714410460123}]
10-18 11:27:41.608  3694  3694 D Launcher: onStart
10-18 11:27:41.610  3694  3694 D BlurWallpaperEventHandler: [onLauncherStart] mUserForeground=true
10-18 11:27:41.612  3694  3694 D WallpaperUtils: [isOnePlusH2BlurWallpaper]: user=0, info=null
10-18 11:27:41.612  3694  3694 D BlurWallpaperEventHandler: [onLauncherStart] mWillResetWallpaper=false, isOnePlusH2BlurWallpaper=false
10-18 11:27:41.612  3694  3694 D Launcher: onResume
10-18 11:27:41.616  3694  3694 D NotificationListener: permissionGranted# grant: false
10-18 11:27:41.617  1315  1356 W BroadcastQueue: Background execution not allowed: receiving Intent { act=org.codeaurora.action.stk.idle_screen flg=0x10 (has extras) } to com.android.stk/.StkCmdReceiver
10-18 11:27:41.617  3694  3694 D Launcher: DynamicIcon doWorkspaceOrFolderIconAnimation be enter
10-18 11:27:41.617  3694  3694 D Launcher.Workspace: DynamicIcon Workspace updateCurrentPageDynamicIconState success
10-18 11:27:41.619  3694  3976 D ClockIconDelegate: updateClockData hour = 11, newHour = 11, oldHour = 3, minute = 27, newMinute = 27, oldMinute = 23, obj = net.oneplus.launcher.dynamicicon.clock.ClockIconDelegate@1378463
10-18 11:27:41.619  3694  3976 D ClockIconDelegate: DynamicIcon check needInvalidate true, oldHour = 3, newHour = 11, obj = net.oneplus.launcher.dynamicicon.clock.ClockIconDelegate@1378463
10-18 11:27:41.620  3694  3694 D RecyclerViewWrapper: onWindowVisibilityChanged:0
10-18 11:27:41.633  3694  3694 D PopupDataProvider: onNotificationFullRefresh#
10-18 11:27:41.636  3694  3694 D WPOffsetInterpolator: wallpaperOffsetForScroll# lock to default. return default offset: 0.0
10-18 11:27:41.651  2152  2152 D StatusBar: useDarkText:false, lockDarkText:false, useDarkTheme:false
10-18 11:27:41.655  3103 30131 V FA-SVC  : Logging event: origin=auto,name=user_engagement(_e),params=Bundle[{firebase_event_origin(_o)=auto, engagement_time_msec(_et)=2722, firebase_screen_class(_sc)=EntryChoiceActivity, firebase_screen_id(_si)=8840417714410460123}]
10-18 11:27:41.655  3694  3976 D ClockIconDelegate: DynamicIcon check needInvalidate true, oldHour = 3, newHour = 11, obj = net.oneplus.launcher.dynamicicon.clock.ClockIconDelegate@1378463
10-18 11:27:41.658  3103 30131 V FA-SVC  : Saving event, name, data size: user_engagement(_e), 74
10-18 11:27:41.658  3103 30131 V FA-SVC  : Event recorded: Event{appId='com.google.firebase.fiamquickstart', name='user_engagement(_e)', params=Bundle[{firebase_event_origin(_o)=auto, engagement_time_msec(_et)=2722, firebase_screen_class(_sc)=EntryChoiceActivity, firebase_screen_id(_si)=8840417714410460123}]}
10-18 11:27:41.660  3103 30131 V FA-SVC  : Upload scheduled in approximately ms: 2537924
10-18 11:27:41.661  3694  3976 D ToolBoxGrid: onDynamicIconChanged: ComponentName= ComponentInfo{com.oneplus.deskclock/com.oneplus.deskclock.DeskClock}, user= UserHandle{0}
10-18 11:27:41.661  3694  3976 D Launcher.Utilities: getShelfUpdateList: ComponentName= ComponentInfo{com.oneplus.deskclock/com.oneplus.deskclock.DeskClock}, user= UserHandle{0}
10-18 11:27:41.689  3694  3694 D FlowIconTextView: applyState:Calculadora, false, 0, 100, 0, false
10-18 11:27:41.689  3103 30131 V FA-SVC  : Cancelling job. JobID: 812057698
10-18 11:27:41.689  3694  3694 D FlowIconTextView: applyState:Ajustes, false, 0, 100, 0, false
10-18 11:27:41.690  3694  3694 D FlowIconTextView: applyState:Iniciar grabación, false, 0, 100, 0, false
10-18 11:27:41.691  3694  3694 D FlowIconTextView: applyState:Temporizador nuevo, false, 0, 100, 0, false
10-18 11:27:41.691  3694  3694 D FlowIconTextView: applyState:Nuevo contacto, false, 0, 100, 0, false
10-18 11:27:41.692  3694  3694 W StaticLayout: maxLineHeight should not be -1.  maxLines:1 lineCount:1
10-18 11:27:41.692  3694  3694 I chatty  : uid=10075(net.oneplus.launcher) identical 2 lines
10-18 11:27:41.692  3694  3694 W StaticLayout: maxLineHeight should not be -1.  maxLines:1 lineCount:1
10-18 11:27:41.692  3694  3694 D WPOffsetInterpolator: wallpaperOffsetForScroll# lock to default. return default offset: 0.0
10-18 11:27:41.693  3103 30131 V FA-SVC  : Scheduling upload with GcmTaskService
10-18 11:27:41.693  3103 30131 V FA-SVC  : Scheduling task with Gcm. time: 2537924
10-18 11:27:41.697  3103 30131 V FA-SVC  : Background event processing time, ms: 42
10-18 11:27:41.704  2377 26624 E NetworkScheduler: Invalid component specified.
10-18 11:27:41.714  2377  5097 E ExecutionCriteria: Package unavailable for task: com.google.android.talk/com.google.android.apps.hangouts.concurrent.impl.GcmTriggeredNotifier{u=0 tag="network_connectivity_wakeup:persisted" trigger=window{start=259111s,end=259112s,earliest=-39622350s,latest=-39622349s} requirements=[NET_CONNECTED] attributes=[PERSISTED] scheduled=-39881461s last_run=N/A jid=N/A status=PENDING retries=0 client_lib=MANCHEGO_GCM-0}
10-18 11:27:41.839  3694  3694 D AllAppsGridAdapter: onClick onBindViewHolder 0, false
10-18 11:27:41.840  3694  3694 D AllAppsGridAdapter: onClick onBindViewHolder 1, false
10-18 11:27:41.841  3694  3694 D AllAppsGridAdapter: onClick onBindViewHolder 2, false
10-18 11:27:41.843  3694  3694 D AllAppsGridAdapter: onClick onBindViewHolder 3, false
10-18 11:27:41.844  3694  3694 D AllAppsGridAdapter: onClick onBindViewHolder 4, false
10-18 11:27:41.845  3694  3694 D AllAppsGridAdapter: onClick onBindViewHolder 5, false
10-18 11:27:41.848  3694  3694 D AllAppsGridAdapter: onClick onBindViewHolder 6, false
10-18 11:27:41.848  3694  3694 D AllAppsGridAdapter: onClick onBindViewHolder 7, false
10-18 11:27:41.849  3694  3694 D AllAppsGridAdapter: onClick onBindViewHolder 8, false
10-18 11:27:41.849  3694  3694 D AllAppsGridAdapter: onClick onBindViewHolder 9, false
10-18 11:27:41.850  3694  3694 D AllAppsGridAdapter: onClick onBindViewHolder 10, false
10-18 11:27:41.853  3694  3694 D AllAppsGridAdapter: onClick onBindViewHolder 11, false
10-18 11:27:41.854  3694  3694 D AllAppsGridAdapter: onClick onBindViewHolder 12, false
10-18 11:27:41.855  3694  3694 D AllAppsGridAdapter: onClick onBindViewHolder 13, false
10-18 11:27:41.855  3694  3694 D AllAppsGridAdapter: onClick onBindViewHolder 14, false
10-18 11:27:41.855  3694  3694 D AllAppsGridAdapter: onClick onBindViewHolder 15, false
10-18 11:27:41.859  3694  3694 D AllAppsGridAdapter: onClick onBindViewHolder 16, false
10-18 11:27:41.860  3694  3694 D AllAppsGridAdapter: onClick onBindViewHolder 17, false
10-18 11:27:41.860  3694  3694 D AllAppsGridAdapter: onClick onBindViewHolder 18, false
10-18 11:27:41.860  3694  3694 D AllAppsGridAdapter: onClick onBindViewHolder 19, false
10-18 11:27:41.861  3694  3694 D AllAppsGridAdapter: onClick onBindViewHolder 20, false
10-18 11:27:41.862  3694  3694 D AllAppsGridAdapter: onClick onBindViewHolder 21, false
10-18 11:27:41.862  3694  3694 D AllAppsGridAdapter: onClick onBindViewHolder 22, false
10-18 11:27:41.862  3694  3694 D AllAppsGridAdapter: onClick onBindViewHolder 23, false
10-18 11:27:41.862  3694  3694 D AllAppsGridAdapter: onClick onBindViewHolder 24, false
10-18 11:27:41.862  3694  3694 D AllAppsGridAdapter: onClick onBindViewHolder 25, false
10-18 11:27:41.863  3694  3694 D AllAppsGridAdapter: onClick onBindViewHolder 26, false
10-18 11:27:41.863  3694  3694 D AllAppsGridAdapter: onClick onBindViewHolder 27, false
10-18 11:27:41.863  3694  3694 D AllAppsGridAdapter: onClick onBindViewHolder 28, false
10-18 11:27:41.864  3694  3694 D AllAppsGridAdapter: onClick onBindViewHolder 29, false
10-18 11:27:41.864  3694  3694 D AllAppsGridAdapter: onClick onBindViewHolder 30, false
10-18 11:27:41.870  3694  3694 D AllAppsGridAdapter: onClick onBindViewHolder 0, false
10-18 11:27:41.871  3694  3694 D AllAppsGridAdapter: onClick onBindViewHolder 1, true
10-18 11:27:41.874  3694  3694 D Launcher: DynamicIcon doWorkspaceOrFolderIconAnimation be enter
10-18 11:27:41.874  3694  3694 D Launcher.Workspace: DynamicIcon Workspace updateCurrentPageDynamicIconState success
10-18 11:27:41.975  1315  1356 I ActivityManager: Killing 28595:com.xiaomi.hm.health:pushservice/u0a22 (adj 906): empty #17
10-18 11:27:41.977  1315  1358 W zygote64: kill(-28595, 9) failed: No such process
10-18 11:27:41.986  1315  1358 W zygote64: kill(-28595, 9) failed: No such process
10-18 11:27:41.993  1315  3660 D EmbryoManager: prepare com.xiaomi.hm.health user 0
10-18 11:27:41.993  1315  3660 D ActivityManager: Process com.xiaomi.hm.health:pushservice has 0 services
10-18 11:27:41.998  1315  1358 W zygote64: kill(-28595, 9) failed: No such process
10-18 11:27:41.998  1315  1358 I zygote64: Successfully killed process cgroup uid 10022 pid 28595 in 21ms
10-18 11:27:42.136  3694  3694 D Launcher.Workspace: buildPageHardwareLayer# page: 0 type: LAYER_TYPE_HARDWARE
10-18 11:27:42.155  3694  3694 D Launcher.Workspace: buildPageHardwareLayer# page: 1 type: LAYER_TYPE_HARDWARE
10-18 11:27:42.157  3694  3986 W OpenGLRenderer: Incorrectly called buildLayer on View: ShortcutAndWidgetContainer, destroying layer...
10-18 11:27:42.157  3694  3986 W OpenGLRenderer: Incorrectly called buildLayer on View: ShortcutAndWidgetContainer, destroying layer...
10-18 11:27:42.160  3694  3694 D FoldersTransitionController: onInterceptTouchEvent# not in folders mode
10-18 11:27:42.167   809   852 E ANDR-PERF-UTIL: Failed to read 
10-18 11:27:42.171  3694  3694 D DragLayer: printActiveController# event action: 2, pos: (932, 1275), active: net.oneplus.launcher.allapps.AllAppsTransitionController@f24c509
10-18 11:27:42.219  3694  3694 D Launcher: [showAppsOrWidgetsOrWallpapers] toState=APPS, fromWorkspaceState=NORMAL
10-18 11:27:42.225  3694  3694 D WPOffsetInterpolator: wallpaperOffsetForScroll# lock to default. return default offset: 0.0
10-18 11:27:42.284  1315  1583 I SettingsState: [PERSIST START] 
10-18 11:27:42.284  1315  1583 I SettingsState: file:settings_system.xml
10-18 11:27:42.302  1315  1583 I SettingsState: [PERSIST END]
10-18 11:27:42.303  3694  3694 D Launcher.Utilities: activateLightStatusBar setSystemUiVisibility = 8192
10-18 11:27:42.304  3694  3694 D Launcher.Utilities:     [Launcher.Utilities] AllAppsTransitionController.java, a, line: 362
10-18 11:27:42.735  3694  3694 D FoldersTransitionController: onInterceptTouchEvent# not in folders mode
10-18 11:27:42.741  1315  1929 E TaskPersister: File error accessing recents directory (directory doesn't exist?).
10-18 11:27:42.778  3694  3694 D Launcher: onClick
10-18 11:27:42.782  1315  1338 I ActivityManager: START u0 {act=android.intent.action.MAIN cat=[android.intent.category.LAUNCHER] flg=0x10200000 cmp=com.llollo.bipi.debug/com.llollo.rental.presentation.ui.module.splash.SplashActivity bnds=[639,521][838,832] (has extras)} from uid 10075 pid 3694
10-18 11:27:42.806   607   607 W /system/bin/hwservicemanager: getTransport: Cannot find entry vendor.qti.hardware.iop@1.0::IIop/default in either framework or device manifest.
10-18 11:27:42.807  1315  1338 E ANDR-PERF-JNI: Iop tryGetService failed
10-18 11:27:42.812  3694  3694 D Launcher.PERF: startActivity(Intent { act=android.intent.action.MAIN cat=[android.intent.category.LAUNCHER] flg=0x10200000 cmp=com.llollo.bipi.debug/com.llollo.rental.presentation.ui.module.splash.SplashActivity bnds=[639,521][838,832] (has extras) }) takes 33 ms
10-18 11:27:42.812  3694  3694 D Stats   : Intent.getPackage() is null. therefore try to get package name from componentName.getPackageName(): com.llollo.bipi.debug
10-18 11:27:42.812  3694 30135 D Stats   : SaveStats doInBackground...
10-18 11:27:42.813  3694  3694 I AudioManager: playSoundEffect denied!
10-18 11:27:42.813  3694  3694 D Launcher: onPause
10-18 11:27:42.814  1315  1356 D RestartProcessManager: Update Total Launch Times :com.llollo.bipi.debug
10-18 11:27:42.814  1315  1356 D RestartProcessManager: updateSelf :  com.llollo.bipi.debug, size : 30
10-18 11:27:42.814  1315  1356 D RestartProcessManager: Increase Total Launch Time : com.llollo.bipi.debug, times : 64, index : 29
10-18 11:27:42.814  1315  1356 D RestartProcessManager: Last Running Package : com.llollo.bipi.debug , start time 1539854862814
10-18 11:27:42.815  1315  5929 D EmbryoManager: Embryo claimed. com.llollo.bipi.debug, pid=29746
10-18 11:27:42.830 29746 29746 I MultiDex: VM with version 2.1.0 has multidex support
10-18 11:27:42.830 29746 29746 I MultiDex: Installing application
10-18 11:27:42.830 29746 29746 I MultiDex: VM has multidex support, MultiDex support library is disabled.
10-18 11:27:42.837  3694 30135 D GridItemProvider: saveToolBoxItemsToPreference: jsonStr= [{"id":0,"intent":{"mAction":"android.intent.action.MAIN","mCategories":["android.intent.category.LAUNCHER"],"mComponent":{"mClass":"com.llollo.rental.presentation.ui.module.splash.SplashActivity","mPackage":"com.llollo.bipi.debug"},"mContentUserHint":-2,"mFlags":270532608,"mPackage":"com.llollo.bipi.debug"},"itemType":0,"launchCount":16,"restored":0,"serialNumber":0},{"id":0,"intent":{"mAction":"android.intent.action.MAIN","mCategories":["android.intent.category.LAUNCHER"],"mComponent":{"mClass":"com.instagram.android.activity.MainTabActivity","mPackage":"com.instagram.android"},"mContentUserHint":-2,"mFlags":270532608,"mPackage":"com.instagram.android"},"itemType":0,"launchCount":1647,"restored":0,"serialNumber":0},{"id":0,"intent":{"mAction":"android.intent.action.MAIN","mCategories":["android.intent.category.LAUNCHER"],"mComponent":{"mClass":"com.whatsapp.Main","mPackage":"com.whatsapp"},"mContentUserHint":-2,"mFlags":270532608,"mPackage":"com.whatsapp"},"itemType":0,"launchCount":12850,"restored":0,"serialNumber":0},{"id":0,"intent":{"mAction":"android.intent.action.MAIN","mCategories":["android.intent.category.LAUNCHER"],"mComponent":{"mClass":"com.spotify.music.MainActivity","mPackage":"com.spotify.music"},"mContentUserHint":-2,"mFlags":270532608,"mPackage":"com.spotify.music"},"itemType":0,"launchCount":1038,"restored":0,"serialNumber":0},{"id":0,"intent":{"mAction":"android.intent.action.MAIN","mCategories":["android.intent.category.LAUNCHER"],"mComponent":{"mClass":"com.bbva.woody.phone.modules.initial.splash.view.SplashActivity","mPackage":"com.bbva.bbvacontigo"},"mContentUserHint":-2,"mFlags":270532608,"mPackage":"com.bbva.bbvacontigo"},"itemType":0,"launchCount":42,"restored":0,"serialNumber":0},{"id":0,"intent":{"mAction":"android.intent.action.MAIN","mCategories":["android.intent.category.LAUNCHER"],"mComponent":{"mClass":"com.google.android.apps.chrome.Main","mPackage":"com.android.chrome"},"mContentUserHint":-2,"mFlags":270532608,"mPackage":"com.android.chrome"},"itemType":0,"launchCount":1328,"restored":0,"serialNumber":0},{"id":0,"intent":{"mAction":"android.intent.action.MAIN","mCategories":["android.intent.category.LAUNCHER"],"mComponent":{"mClass":"com.xiaomi.hm.health.activity.StartUpActivity","mPackage":"com.xiaomi.hm.health"},"mContentUserHint":-2,"mFlags":270532608,"mPackage":"com.xiaomi.hm.health"},"itemType":0,"launchCount":103,"restored":0,"serialNumber":0},{"id":0,"intent":{"mAction":"android.intent.action.MAIN","mCategories":["android.intent.category.LAUNCHER"],"mComponent":{"mClass":"com.twitter.android.StartActivity","mPackage":"com.twitter.android"},"mContentUserHint":-2,"mFlags":270532608,"mPackage":"com.twitter.android"},"itemType":0,"launchCount":1915,"restored":0,"serialNumber":0},{"id":0,"intent":{"mAction":"android.intent.action.MAIN","mCategories":["android.intent.category.LAUNCHER"],"mComponent":{"mClass":"com.oneplus.contacts.activities.OPDialtactsActivity","mPackage":"com.android.dialer"},"mContentUserHint":-2,"mFlags":270532608,"mPackage":"com.android.dialer"},"itemType":0,"launchCount":712,"restored":0,"serialNumber":0},{"id":0,"intent":{"mAction":"android.intent.action.MAIN","mCategories":["android.intent.category.LAUNCHER"],"mComponent":{"mClass":"com.google.android.apps.photos.home.HomeActivity","mPackage":"com.google.android.apps.photos"},"mContentUserHint":-2,"mFlags":270532608,"mPackage":"com.google.android.apps.photos"},"itemType":0,"launchCount":269,"restored":0,"serialNumber":0},{"id":0,"intent":{"mAction":"android.intent.action.MAIN","mCategories":["android.intent.category.LAUNCHER"],"mComponent":{"mClass":"com.pepper.apps.android.app.activity.MainActivity","mPackage":"com.chollometro"},"mContentUserHint":-2,"mFlags":270532608,"mPackage":"com.chollometro"},"itemType":0,"launchCount":68,"restored":0,"serialNumber":0},{"id":0,"intent":{"mAction":"android.intent.action.MAIN","mCategories":["android.intent.category.LAUNCHER"],"mComponent":{"mClass":"org.telegram.ui.LaunchActivity","mPa
10-18 11:27:42.857 29746 29746 V FA      : Registered activity lifecycle callback
10-18 11:27:42.870  3694  3694 D RecyclerViewWrapper: onWindowVisibilityChanged:8
10-18 11:27:42.883 29746 29746 D NetworkSecurityConfig: Using Network Security Config from resource network_security_config debugBuild: true
10-18 11:27:42.922 29746 29746 I FIAM.Headless: Starting InAppMessaging runtime with Instance ID ciDljoeRF6o
10-18 11:27:42.932  1315 11941 I OpenGLRenderer: Initialized EGL, version 1.4
10-18 11:27:42.932  1315 11941 D OpenGLRenderer: Swap behavior 2
10-18 11:27:42.933 29746 29746 W Settings: Setting airplane_mode_on has moved from android.provider.Settings.System to android.provider.Settings.Global, returning read-only value.
10-18 11:27:42.939 29746 29746 D FirebaseApp: com.google.firebase.auth.FirebaseAuth is not linked. Skipping initialization.
10-18 11:27:42.939 29746 29746 D FirebaseApp: com.google.firebase.crash.FirebaseCrash is not linked. Skipping initialization.
10-18 11:27:42.939 29746 29746 I FirebaseInitProvider: FirebaseApp initialization successful
10-18 11:27:42.943 29746 29746 W com.facebook.internal.Validate: FacebookActivity is not declared in the AndroidManifest.xml. If you are using the facebook-common module or dependent modules please add com.facebook.FacebookActivity to your AndroidManifest.xml file. See https://developers.facebook.com/docs/android/getting-started for more info.
10-18 11:27:42.962 29746 30149 I DpmTcmClient: RegisterTcmMonitor from: com.android.okhttp.TcmIdleTimerMonitor
10-18 11:27:42.964 29746 30149 I DpmTcmClient: RegisterTcmMonitor from: com.android.okhttp.TcmIdleTimerMonitor
10-18 11:27:43.005 29746 29746 I CustomActivityOnCrash: CustomActivityOnCrash has been installed.
10-18 11:27:43.038 29746 30140 V FA      : Collection enabled
10-18 11:27:43.038 29746 29746 W SoundPool: Use of stream types is deprecated for operations other than volume control
10-18 11:27:43.038 29746 29746 W SoundPool: See the documentation of SoundPool() for what to use instead with android.media.AudioAttributes to qualify your playback use case
10-18 11:27:43.038 29746 30140 V FA      : App package, google app id: com.llollo.bipi.debug, 1:360997133265:android:67d0214ccad8caf1
10-18 11:27:43.039 29746 30140 I FA      : App measurement is starting up, version: 13001
10-18 11:27:43.039 29746 30140 I FA      : To enable debug logging run: adb shell setprop log.tag.FA VERBOSE
10-18 11:27:43.039 29746 30140 I FA      : Faster debug mode event logging enabled. To disable, run:
10-18 11:27:43.039 29746 30140 I FA      :   adb shell setprop debug.firebase.analytics.app .none.
10-18 11:27:43.039 29746 30140 D FA      : Debug-level message logging enabled
10-18 11:27:43.039 29746 30173 V NuMediaExtractor: setDataSource fd=66 (/data/app/com.llollo.bipi.debug-xvI9HHy2gODK4QKaZt4f1Q==/base.apk), offset=9998016, length=6705
10-18 11:27:43.042 29746 29746 W Glide   : Failed to find GeneratedAppGlideModule. You should include an annotationProcessor compile dependency on com.github.bumptech.glide:compiler in your application and a @GlideModule annotated AppGlideModule implementation or LibraryGlideModules will be silently ignored
10-18 11:27:43.043   945 13581 I MediaExtractor: MediaExtractor mime audio/mpeg flags 0
10-18 11:27:43.043   945 13581 I ExtendedExtractor: QTIParser is prefered .. flags 0
10-18 11:27:43.044   945 13581 D MMParserExtractor: MMParserExtractor create m_eFileFormat 15
10-18 11:27:43.044   945 13581 D MMParserExtractor: setExtraFlags called with flags 0 for paser instance a76409c0
10-18 11:27:43.044   945 13581 I ExtendedExtractor: ExtendedExtractor::create 0x74a76409c0
10-18 11:27:43.044   945 13581 D MMParserExtractor: MMParserExtractor::getMetaData ++++ mDataSource TinyCacheSource(CallbackDataSource(RemoteDataSource(FileSource(fd(/data/app/com.llollo.bipi.debug-xvI9HHy2gODK4QKaZt4f1Q==/base.apk), 9998016, 6705)))) flag 16
10-18 11:27:43.044   945 13581 E libc    : Access denied finding property "mmosal.debug.config"
10-18 11:27:43.035   945   945 W Binder:945_6: type=1400 audit(0.0:12390): avc: denied { read } for name="u:object_r:oem_prop:s0" dev="tmpfs" ino=19195 scontext=u:r:mediaextractor:s0 tcontext=u:object_r:oem_prop:s0 tclass=file permissive=0
10-18 11:27:43.045   945 13581 D MMParserExtractor: MMParserExtractor::getMetaData ++++ mDataSource TinyCacheSource(CallbackDataSource(RemoteDataSource(FileSource(fd(/data/app/com.llollo.bipi.debug-xvI9HHy2gODK4QKaZt4f1Q==/base.apk), 9998016, 6705)))) flag 16
10-18 11:27:43.045 29746 30173 E MediaExtractor: Trace connect 0x7a6d50a780 0x7a6d4aaa00
10-18 11:27:43.045   945 13581 D MMParserExtractor: MMParserExtractor::getMetaData ++++ mDataSource TinyCacheSource(CallbackDataSource(RemoteDataSource(FileSource(fd(/data/app/com.llollo.bipi.debug-xvI9HHy2gODK4QKaZt4f1Q==/base.apk), 9998016, 6705)))) flag 16
10-18 11:27:43.045   945 13581 I chatty  : uid=1040(mediaex) Binder:945_6 identical 1 line
10-18 11:27:43.045   945 13581 D MMParserExtractor: MMParserExtractor::getMetaData ++++ mDataSource TinyCacheSource(CallbackDataSource(RemoteDataSource(FileSource(fd(/data/app/com.llollo.bipi.debug-xvI9HHy2gODK4QKaZt4f1Q==/base.apk), 9998016, 6705)))) flag 16
10-18 11:27:43.045 29746 30173 V NuMediaExtractor: track of type 'audio/mpeg' does not publish bitrate
10-18 11:27:43.045   945 13581 D MMParserExtractor: MMParserExtractor::getMetaData ++++ mDataSource TinyCacheSource(CallbackDataSource(RemoteDataSource(FileSource(fd(/data/app/com.llollo.bipi.debug-xvI9HHy2gODK4QKaZt4f1Q==/base.apk), 9998016, 6705)))) flag 16
10-18 11:27:43.046   945 13581 I chatty  : uid=1040(mediaex) Binder:945_6 identical 2 lines
10-18 11:27:43.046   945 13581 D MMParserExtractor: MMParserExtractor::getMetaData ++++ mDataSource TinyCacheSource(CallbackDataSource(RemoteDataSource(FileSource(fd(/data/app/com.llollo.bipi.debug-xvI9HHy2gODK4QKaZt4f1Q==/base.apk), 9998016, 6705)))) flag 16
10-18 11:27:43.048 29746 29751 I zygote64: Do partial code cache collection, code=29KB, data=22KB
10-18 11:27:43.049 29746 29751 I zygote64: After code cache collection, code=26KB, data=22KB
10-18 11:27:43.049 29746 29751 I zygote64: Increasing code cache capacity to 128KB
10-18 11:27:43.059 29746 30174 I OMXClient: Treble IOmx obtained
10-18 11:27:43.060   950  8249 I OMXMaster: makeComponentInstance(OMX.google.mp3.decoder) in omx@1.0-service process
10-18 11:27:43.062   950  1148 E OMXNodeInstance: getConfig(0xe5b98e20:google.mp3.decoder, ConfigAndroidVendorExtension(0x6f100004)) ERROR: Undefined(0x80001001)
10-18 11:27:43.062 29746 30174 W ExtendedACodec: Failed to get extension for extradata parameter
10-18 11:27:43.064   782   782 W /system/bin/hw/android.hidl.allocator@1.0-service: ashmem_create_region(8192) returning hidl_memory(0x7026a2b510, 8192)
10-18 11:27:43.068   782   782 I chatty  : uid=1000(system) allocator@1.0-s identical 2 lines
10-18 11:27:43.068   782   782 W /system/bin/hw/android.hidl.allocator@1.0-service: ashmem_create_region(8192) returning hidl_memory(0x7026a2b510, 8192)
10-18 11:27:43.069   782   782 W /system/bin/hw/android.hidl.allocator@1.0-service: ashmem_create_region(9216) returning hidl_memory(0x7026a2b510, 9216)
10-18 11:27:43.070   782   782 I chatty  : uid=1000(system) allocator@1.0-s identical 2 lines
10-18 11:27:43.070   782   782 W /system/bin/hw/android.hidl.allocator@1.0-service: ashmem_create_region(9216) returning hidl_memory(0x7026a2b510, 9216)
10-18 11:27:43.071   945 13581 D MMParserExtractor: MMParserExtractor::getMetaData ++++ mDataSource TinyCacheSource(CallbackDataSource(RemoteDataSource(FileSource(fd(/data/app/com.llollo.bipi.debug-xvI9HHy2gODK4QKaZt4f1Q==/base.apk), 9998016, 6705)))) flag 16
10-18 11:27:43.071   945 13581 D MMParserExtractor: MMParserExtractor::getMetaData ++++ mDataSource TinyCacheSource(CallbackDataSource(RemoteDataSource(FileSource(fd(/data/app/com.llollo.bipi.debug-xvI9HHy2gODK4QKaZt4f1Q==/base.apk), 9998016, 6705)))) flag 16
10-18 11:27:43.071   945 13581 D MMParserExtractor: Using default parser out buffer size  = 3000 
10-18 11:27:43.089  2152  2152 D StatusBar: useDarkText:false, lockDarkText:false, useDarkTheme:false
10-18 11:27:43.093 29746 30140 V FA      : Connecting to remote service
10-18 11:27:43.097 29746 30173 V NuMediaExtractor: setDataSource fd=67 (/data/app/com.llollo.bipi.debug-xvI9HHy2gODK4QKaZt4f1Q==/base.apk), offset=10297796, length=7425
10-18 11:27:43.101   945  2893 I MediaExtractor: MediaExtractor mime audio/mpeg flags 0
10-18 11:27:43.101   945  2893 I ExtendedExtractor: QTIParser is prefered .. flags 0
10-18 11:27:43.102   945  2893 D MMParserExtractor: MMParserExtractor create m_eFileFormat 15
10-18 11:27:43.102   945  2893 D MMParserExtractor: setExtraFlags called with flags 0 for paser instance a76421c0
10-18 11:27:43.102   945  2893 I ExtendedExtractor: ExtendedExtractor::create 0x74a76421c0
10-18 11:27:43.102   945  2893 D MMParserExtractor: MMParserExtractor::getMetaData ++++ mDataSource TinyCacheSource(CallbackDataSource(RemoteDataSource(FileSource(fd(/data/app/com.llollo.bipi.debug-xvI9HHy2gODK4QKaZt4f1Q==/base.apk), 10297796, 7425)))) flag 16
10-18 11:27:43.102   945  2893 E libc    : Access denied finding property "mmosal.debug.config"
10-18 11:27:43.095   945   945 W Binder:945_3: type=1400 audit(0.0:12391): avc: denied { read } for name="u:object_r:oem_prop:s0" dev="tmpfs" ino=19195 scontext=u:r:mediaextractor:s0 tcontext=u:object_r:oem_prop:s0 tclass=file permissive=0
10-18 11:27:43.107   945  2893 D MMParserExtractor: MMParserExtractor::getMetaData ++++ mDataSource TinyCacheSource(CallbackDataSource(RemoteDataSource(FileSource(fd(/data/app/com.llollo.bipi.debug-xvI9HHy2gODK4QKaZt4f1Q==/base.apk), 10297796, 7425)))) flag 16
10-18 11:27:43.107 29746 30173 E MediaExtractor: Trace connect 0x7a6d50a940 0x7a6d4aab00
10-18 11:27:43.110   945  2893 D MMParserExtractor: MMParserExtractor::getMetaData ++++ mDataSource TinyCacheSource(CallbackDataSource(RemoteDataSource(FileSource(fd(/data/app/com.llollo.bipi.debug-xvI9HHy2gODK4QKaZt4f1Q==/base.apk), 10297796, 7425)))) flag 16
10-18 11:27:43.110   945  2893 I chatty  : uid=1040(mediaex) Binder:945_3 identical 1 line
10-18 11:27:43.110   945  2893 D MMParserExtractor: MMParserExtractor::getMetaData ++++ mDataSource TinyCacheSource(CallbackDataSource(RemoteDataSource(FileSource(fd(/data/app/com.llollo.bipi.debug-xvI9HHy2gODK4QKaZt4f1Q==/base.apk), 10297796, 7425)))) flag 16
10-18 11:27:43.110 29746 30173 V NuMediaExtractor: track of type 'audio/mpeg' does not publish bitrate
10-18 11:27:43.111   945  2893 D MMParserExtractor: MMParserExtractor::getMetaData ++++ mDataSource TinyCacheSource(CallbackDataSource(RemoteDataSource(FileSource(fd(/data/app/com.llollo.bipi.debug-xvI9HHy2gODK4QKaZt4f1Q==/base.apk), 10297796, 7425)))) flag 16
10-18 11:27:43.111   945  2893 I chatty  : uid=1040(mediaex) Binder:945_3 identical 2 lines
10-18 11:27:43.112   945  2893 D MMParserExtractor: MMParserExtractor::getMetaData ++++ mDataSource TinyCacheSource(CallbackDataSource(RemoteDataSource(FileSource(fd(/data/app/com.llollo.bipi.debug-xvI9HHy2gODK4QKaZt4f1Q==/base.apk), 10297796, 7425)))) flag 16
10-18 11:27:43.119 29746 29746 I CrashlyticsCore: Initializing Crashlytics 2.6.3.25
10-18 11:27:43.122 29746 30191 I OMXClient: Treble IOmx obtained
10-18 11:27:43.122   950  8249 I OMXMaster: makeComponentInstance(OMX.google.mp3.decoder) in omx@1.0-service process
10-18 11:27:43.123 29746 30140 V FA      : Connection attempt already in progress
10-18 11:27:43.125   950  8249 E OMXNodeInstance: getConfig(0xe5b98e20:google.mp3.decoder, ConfigAndroidVendorExtension(0x6f100004)) ERROR: Undefined(0x80001001)
10-18 11:27:43.125 29746 30191 W ExtendedACodec: Failed to get extension for extradata parameter
10-18 11:27:43.127   782   782 W /system/bin/hw/android.hidl.allocator@1.0-service: ashmem_create_region(8192) returning hidl_memory(0x7026a2b510, 8192)
10-18 11:27:43.129   782   782 I chatty  : uid=1000(system) allocator@1.0-s identical 2 lines
10-18 11:27:43.129   782   782 W /system/bin/hw/android.hidl.allocator@1.0-service: ashmem_create_region(8192) returning hidl_memory(0x7026a2b510, 8192)
10-18 11:27:43.130   782   782 W /system/bin/hw/android.hidl.allocator@1.0-service: ashmem_create_region(9216) returning hidl_memory(0x7026a2b510, 9216)
10-18 11:27:43.131   782   782 I chatty  : uid=1000(system) allocator@1.0-s identical 2 lines
10-18 11:27:43.132   782   782 W /system/bin/hw/android.hidl.allocator@1.0-service: ashmem_create_region(9216) returning hidl_memory(0x7026a2b510, 9216)
10-18 11:27:43.133   945  2893 D MMParserExtractor: MMParserExtractor::getMetaData ++++ mDataSource TinyCacheSource(CallbackDataSource(RemoteDataSource(FileSource(fd(/data/app/com.llollo.bipi.debug-xvI9HHy2gODK4QKaZt4f1Q==/base.apk), 10297796, 7425)))) flag 16
10-18 11:27:43.133   945  2893 D MMParserExtractor: MMParserExtractor::getMetaData ++++ mDataSource TinyCacheSource(CallbackDataSource(RemoteDataSource(FileSource(fd(/data/app/com.llollo.bipi.debug-xvI9HHy2gODK4QKaZt4f1Q==/base.apk), 10297796, 7425)))) flag 16
10-18 11:27:43.133   945  2893 D MMParserExtractor: Using default parser out buffer size  = 3000 
10-18 11:27:43.163 29746 30173 V NuMediaExtractor: setDataSource fd=68 (/data/app/com.llollo.bipi.debug-xvI9HHy2gODK4QKaZt4f1Q==/base.apk), offset=10818160, length=4203
10-18 11:27:43.165   945  2893 I MediaExtractor: MediaExtractor mime audio/mpeg flags 0
10-18 11:27:43.165   945  2893 I ExtendedExtractor: QTIParser is prefered .. flags 0
10-18 11:27:43.166   945  2893 D MMParserExtractor: MMParserExtractor create m_eFileFormat 15
10-18 11:27:43.166   945  2893 D MMParserExtractor: setExtraFlags called with flags 0 for paser instance a52b7840
10-18 11:27:43.166   945  2893 I ExtendedExtractor: ExtendedExtractor::create 0x74a52b7840
10-18 11:27:43.166   945  2893 D MMParserExtractor: MMParserExtractor::getMetaData ++++ mDataSource TinyCacheSource(CallbackDataSource(RemoteDataSource(FileSource(fd(/data/app/com.llollo.bipi.debug-xvI9HHy2gODK4QKaZt4f1Q==/base.apk), 10818160, 4203)))) flag 16
10-18 11:27:43.166   945  2893 E libc    : Access denied finding property "mmosal.debug.config"
10-18 11:27:43.155   945   945 W Binder:945_3: type=1400 audit(0.0:12392): avc: denied { read } for name="u:object_r:oem_prop:s0" dev="tmpfs" ino=19195 scontext=u:r:mediaextractor:s0 tcontext=u:object_r:oem_prop:s0 tclass=file permissive=0
10-18 11:27:43.167   945  2893 D MMParserExtractor: MMParserExtractor::getMetaData ++++ mDataSource TinyCacheSource(CallbackDataSource(RemoteDataSource(FileSource(fd(/data/app/com.llollo.bipi.debug-xvI9HHy2gODK4QKaZt4f1Q==/base.apk), 10818160, 4203)))) flag 16
10-18 11:27:43.167 29746 30173 E MediaExtractor: Trace connect 0x7a6d5b1240 0x7a6d4aad80
10-18 11:27:43.167   945  2893 D MMParserExtractor: MMParserExtractor::getMetaData ++++ mDataSource TinyCacheSource(CallbackDataSource(RemoteDataSource(FileSource(fd(/data/app/com.llollo.bipi.debug-xvI9HHy2gODK4QKaZt4f1Q==/base.apk), 10818160, 4203)))) flag 16
10-18 11:27:43.168   945  2893 I chatty  : uid=1040(mediaex) Binder:945_3 identical 5 lines
10-18 11:27:43.168   945  2893 D MMParserExtractor: MMParserExtractor::getMetaData ++++ mDataSource TinyCacheSource(CallbackDataSource(RemoteDataSource(FileSource(fd(/data/app/com.llollo.bipi.debug-xvI9HHy2gODK4QKaZt4f1Q==/base.apk), 10818160, 4203)))) flag 16
10-18 11:27:43.170 29746 30203 I OMXClient: Treble IOmx obtained
10-18 11:27:43.170   950  8249 I OMXMaster: makeComponentInstance(OMX.google.mp3.decoder) in omx@1.0-service process
10-18 11:27:43.171   950  1148 E OMXNodeInstance: getConfig(0xe5b98e20:google.mp3.decoder, ConfigAndroidVendorExtension(0x6f100004)) ERROR: Undefined(0x80001001)
10-18 11:27:43.172 29746 30203 W ExtendedACodec: Failed to get extension for extradata parameter
10-18 11:27:43.173   782   782 W /system/bin/hw/android.hidl.allocator@1.0-service: ashmem_create_region(8192) returning hidl_memory(0x7026a2b510, 8192)
10-18 11:27:43.174   782   782 I chatty  : uid=1000(system) allocator@1.0-s identical 2 lines
10-18 11:27:43.174   782   782 W /system/bin/hw/android.hidl.allocator@1.0-service: ashmem_create_region(8192) returning hidl_memory(0x7026a2b510, 8192)
10-18 11:27:43.175   782   782 W /system/bin/hw/android.hidl.allocator@1.0-service: ashmem_create_region(9216) returning hidl_memory(0x7026a2b510, 9216)
10-18 11:27:43.175   782   782 I chatty  : uid=1000(system) allocator@1.0-s identical 2 lines
10-18 11:27:43.175   782   782 W /system/bin/hw/android.hidl.allocator@1.0-service: ashmem_create_region(9216) returning hidl_memory(0x7026a2b510, 9216)
10-18 11:27:43.176   945  2893 D MMParserExtractor: MMParserExtractor::getMetaData ++++ mDataSource TinyCacheSource(CallbackDataSource(RemoteDataSource(FileSource(fd(/data/app/com.llollo.bipi.debug-xvI9HHy2gODK4QKaZt4f1Q==/base.apk), 10818160, 4203)))) flag 16
10-18 11:27:43.176   945  2893 D MMParserExtractor: MMParserExtractor::getMetaData ++++ mDataSource TinyCacheSource(CallbackDataSource(RemoteDataSource(FileSource(fd(/data/app/com.llollo.bipi.debug-xvI9HHy2gODK4QKaZt4f1Q==/base.apk), 10818160, 4203)))) flag 16
10-18 11:27:43.176   945  2893 D MMParserExtractor: Using default parser out buffer size  = 3000 
10-18 11:27:43.182 29746 29746 V FA      : onActivityCreated
10-18 11:27:43.185 29746 30140 D FA      : Setting app measurement enabled (FE): true
10-18 11:27:43.185 29746 30140 V FA      : Setting measurementEnabled: true
10-18 11:27:43.191 29746 30173 V NuMediaExtractor: setDataSource fd=70 (/data/app/com.llollo.bipi.debug-xvI9HHy2gODK4QKaZt4f1Q==/base.apk), offset=10290100, length=7639
10-18 11:27:43.194   945  2893 I MediaExtractor: MediaExtractor mime audio/mpeg flags 0
10-18 11:27:43.194   945  2893 I ExtendedExtractor: QTIParser is prefered .. flags 0
10-18 11:27:43.195   945  2893 D MMParserExtractor: MMParserExtractor create m_eFileFormat 15
10-18 11:27:43.195   945  2893 D MMParserExtractor: setExtraFlags called with flags 0 for paser instance a7641680
10-18 11:27:43.195   945  2893 I ExtendedExtractor: ExtendedExtractor::create 0x74a7641680
10-18 11:27:43.195   945  2893 D MMParserExtractor: MMParserExtractor::getMetaData ++++ mDataSource TinyCacheSource(CallbackDataSource(RemoteDataSource(FileSource(fd(/data/app/com.llollo.bipi.debug-xvI9HHy2gODK4QKaZt4f1Q==/base.apk), 10290100, 7639)))) flag 16
10-18 11:27:43.195   945  2893 E libc    : Access denied finding property "mmosal.debug.config"
10-18 11:27:43.195 29746 30140 D FA      : Updating Scion state (FE)
10-18 11:27:43.185   945   945 W Binder:945_3: type=1400 audit(0.0:12393): avc: denied { read } for name="u:object_r:oem_prop:s0" dev="tmpfs" ino=19195 scontext=u:r:mediaextractor:s0 tcontext=u:object_r:oem_prop:s0 tclass=file permissive=0
10-18 11:27:43.197   945  2893 D MMParserExtractor: MMParserExtractor::getMetaData ++++ mDataSource TinyCacheSource(CallbackDataSource(RemoteDataSource(FileSource(fd(/data/app/com.llollo.bipi.debug-xvI9HHy2gODK4QKaZt4f1Q==/base.apk), 10290100, 7639)))) flag 16
10-18 11:27:43.197 29746 30173 E MediaExtractor: Trace connect 0x7a6d5b1440 0x7a6d4aae80
10-18 11:27:43.197   945  2893 D MMParserExtractor: MMParserExtractor::getMetaData ++++ mDataSource TinyCacheSource(CallbackDataSource(RemoteDataSource(FileSource(fd(/data/app/com.llollo.bipi.debug-xvI9HHy2gODK4QKaZt4f1Q==/base.apk), 10290100, 7639)))) flag 16
10-18 11:27:43.197   945  2893 I chatty  : uid=1040(mediaex) Binder:945_3 identical 1 line
10-18 11:27:43.198   945  2893 D MMParserExtractor: MMParserExtractor::getMetaData ++++ mDataSource TinyCacheSource(CallbackDataSource(RemoteDataSource(FileSource(fd(/data/app/com.llollo.bipi.debug-xvI9HHy2gODK4QKaZt4f1Q==/base.apk), 10290100, 7639)))) flag 16
10-18 11:27:43.198 29746 30173 V NuMediaExtractor: track of type 'audio/mpeg' does not publish bitrate
10-18 11:27:43.198   945  2893 D MMParserExtractor: MMParserExtractor::getMetaData ++++ mDataSource TinyCacheSource(CallbackDataSource(RemoteDataSource(FileSource(fd(/data/app/com.llollo.bipi.debug-xvI9HHy2gODK4QKaZt4f1Q==/base.apk), 10290100, 7639)))) flag 16
10-18 11:27:43.199   945  2893 I chatty  : uid=1040(mediaex) Binder:945_3 identical 2 lines
10-18 11:27:43.199   945  2893 D MMParserExtractor: MMParserExtractor::getMetaData ++++ mDataSource TinyCacheSource(CallbackDataSource(RemoteDataSource(FileSource(fd(/data/app/com.llollo.bipi.debug-xvI9HHy2gODK4QKaZt4f1Q==/base.apk), 10290100, 7639)))) flag 16
10-18 11:27:43.200 29746 29751 I zygote64: Do partial code cache collection, code=61KB, data=42KB
10-18 11:27:43.201 29746 29751 I zygote64: After code cache collection, code=60KB, data=42KB
10-18 11:27:43.201 29746 29751 I zygote64: Increasing code cache capacity to 256KB
10-18 11:27:43.203 29746 30209 I OMXClient: Treble IOmx obtained
10-18 11:27:43.204   950  1148 I OMXMaster: makeComponentInstance(OMX.google.mp3.decoder) in omx@1.0-service process
10-18 11:27:43.206   950  1148 E OMXNodeInstance: getConfig(0xe5b98e20:google.mp3.decoder, ConfigAndroidVendorExtension(0x6f100004)) ERROR: Undefined(0x80001001)
10-18 11:27:43.207 29746 30209 W ExtendedACodec: Failed to get extension for extradata parameter
10-18 11:27:43.209 29746 30140 V FA      : Connection attempt already in progress
10-18 11:27:43.213   782   782 W /system/bin/hw/android.hidl.allocator@1.0-service: ashmem_create_region(8192) returning hidl_memory(0x7026a2b510, 8192)
10-18 11:27:43.214   782   782 I chatty  : uid=1000(system) allocator@1.0-s identical 2 lines
10-18 11:27:43.214   782   782 W /system/bin/hw/android.hidl.allocator@1.0-service: ashmem_create_region(8192) returning hidl_memory(0x7026a2b510, 8192)
10-18 11:27:43.215   782   782 W /system/bin/hw/android.hidl.allocator@1.0-service: ashmem_create_region(9216) returning hidl_memory(0x7026a2b510, 9216)
10-18 11:27:43.215   782   782 W /system/bin/hw/android.hidl.allocator@1.0-service: ashmem_create_region(9216) returning hidl_memory(0x7026a2b510, 9216)
10-18 11:27:43.216 29746 30159 I FirebasePerformance: Logging NetworkRequestMetric - https://graph.facebook.com/v3.1/1949239295298427 663b 247ms,
10-18 11:27:43.220   782   782 W /system/bin/hw/android.hidl.allocator@1.0-service: ashmem_create_region(9216) returning hidl_memory(0x7026a2b510, 9216)
10-18 11:27:43.221   782   782 W /system/bin/hw/android.hidl.allocator@1.0-service: ashmem_create_region(9216) returning hidl_memory(0x7026a2b510, 9216)
10-18 11:27:43.222   945  2893 D MMParserExtractor: MMParserExtractor::getMetaData ++++ mDataSource TinyCacheSource(CallbackDataSource(RemoteDataSource(FileSource(fd(/data/app/com.llollo.bipi.debug-xvI9HHy2gODK4QKaZt4f1Q==/base.apk), 10290100, 7639)))) flag 16
10-18 11:27:43.222   945  2893 D MMParserExtractor: MMParserExtractor::getMetaData ++++ mDataSource TinyCacheSource(CallbackDataSource(RemoteDataSource(FileSource(fd(/data/app/com.llollo.bipi.debug-xvI9HHy2gODK4QKaZt4f1Q==/base.apk), 10290100, 7639)))) flag 16
10-18 11:27:43.222   945  2893 D MMParserExtractor: Using default parser out buffer size  = 3000 
10-18 11:27:43.233 29746 29746 W Settings: Setting airplane_mode_on has moved from android.provider.Settings.System to android.provider.Settings.Global, returning read-only value.
10-18 11:27:43.256 29746 29746 I zygote64: Rejecting re-init on previously-failed class java.lang.Class<android.support.v4.view.ViewCompat$OnUnhandledKeyEventListenerWrapper>: java.lang.NoClassDefFoundError: Failed resolution of: Landroid/view/View$OnUnhandledKeyEventListener;
10-18 11:27:43.256 29746 29746 I zygote64:   at void android.support.v4.view.ViewCompat.setOnApplyWindowInsetsListener(android.view.View, android.support.v4.view.OnApplyWindowInsetsListener) (ViewCompat.java:2203)
10-18 11:27:43.256 29746 29746 I zygote64:   at android.view.ViewGroup android.support.v7.app.AppCompatDelegateImpl.createSubDecor() (AppCompatDelegateImpl.java:637)
