10-18 11:27:49.033  3103 30131 V FA-SVC  : Uploading data. app, uncompressed size, data: com.llollo.bipi.debug, 508, 
10-18 11:27:49.033  3103 30131 V FA-SVC  : batch {
10-18 11:27:49.033  3103 30131 V FA-SVC  :   bundle {
10-18 11:27:49.033  3103 30131 V FA-SVC  :     protocol_version: 1
10-18 11:27:49.033  3103 30131 V FA-SVC  :     platform: android
10-18 11:27:49.033  3103 30131 V FA-SVC  :     gmp_version: 13001
10-18 11:27:49.033  3103 30131 V FA-SVC  :     uploading_gmp_version: 14366
10-18 11:27:49.033  3103 30131 V FA-SVC  :     config_version: 1533072593697360
10-18 11:27:49.033  3103 30131 V FA-SVC  :     gmp_app_id: 1:360997133265:android:67d0214ccad8caf1
10-18 11:27:49.033  3103 30131 V FA-SVC  :     app_id: com.llollo.bipi.debug
10-18 11:27:49.033  3103 30131 V FA-SVC  :     app_version: 2.13.0
10-18 11:27:49.033  3103 30131 V FA-SVC  :     app_version_major: 970
10-18 11:27:49.033  3103 30131 V FA-SVC  :     firebase_instance_id: ciDljoeRF6o
10-18 11:27:49.033  3103 30131 V FA-SVC  :     dev_cert_hash: -7624568468233478009
10-18 11:27:49.033  3103 30131 V FA-SVC  :     app_store: manual_install
10-18 11:27:49.033  3103 30131 V FA-SVC  :     upload_timestamp_millis: 1539854868962
10-18 11:27:49.033  3103 30131 V FA-SVC  :     start_timestamp_millis: 1539854868337
10-18 11:27:49.033  3103 30131 V FA-SVC  :     end_timestamp_millis: 1539854868337
10-18 11:27:49.033  3103 30131 V FA-SVC  :     previous_bundle_start_timestamp_millis: 1539854864835
10-18 11:27:49.033  3103 30131 V FA-SVC  :     previous_bundle_end_timestamp_millis: 1539854865462
10-18 11:27:49.033  3103 30131 V FA-SVC  :     app_instance_id: 396707d5fb15a1ac5fd2be825f60fadd
10-18 11:27:49.033  3103 30131 V FA-SVC  :     resettable_device_id: 75955a8a-9bb1-407f-b504-b87ce594c7fa
10-18 11:27:49.033  3103 30131 V FA-SVC  :     limited_ad_tracking: false
10-18 11:27:49.033  3103 30131 V FA-SVC  :     os_version: 8.1.0
10-18 11:27:49.033  3103 30131 V FA-SVC  :     device_model: ONEPLUS A5000
10-18 11:27:49.033  3103 30131 V FA-SVC  :     user_default_language: es-es
10-18 11:27:49.033  3103 30131 V FA-SVC  :     time_zone_offset_minutes: 120
10-18 11:27:49.033  3103 30131 V FA-SVC  :     bundle_sequential_index: 344
10-18 11:27:49.033  3103 30131 V FA-SVC  :     service_upload: true
10-18 11:27:49.033  3103 30131 V FA-SVC  :     user_property {
10-18 11:27:49.033  3103 30131 V FA-SVC  :       set_timestamp_millis: 1539776296628
10-18 11:27:49.033  3103 30131 V FA-SVC  :       name: first_open_time(_fot)
10-18 11:27:49.033  3103 30131 V FA-SVC  :       int_value: 1539777600000
10-18 11:27:49.033  3103 30131 V FA-SVC  :     }
10-18 11:27:49.033  3103 30131 V FA-SVC  :     user_property {
10-18 11:27:49.033  3103 30131 V FA-SVC  :       set_timestamp_millis: 1539776296628
10-18 11:27:49.033  3103 30131 V FA-SVC  :       name: first_open_after_install(_fi)
10-18 11:27:49.033  3103 30131 V FA-SVC  :       int_value: 1
10-18 11:27:49.033  3103 30131 V FA-SVC  :     }
10-18 11:27:49.033  3103 30131 V FA-SVC  :     user_property {
10-18 11:27:49.033  3103 30131 V FA-SVC  :       set_timestamp_millis: 1539778753076
10-18 11:27:49.033  3103 30131 V FA-SVC  :       name: firebase_last_notification(_ln)
10-18 11:27:49.033  3103 30131 V FA-SVC  :       string_value: fiam:10548978439673610240
10-18 11:27:49.033  3103 30131 V FA-SVC  :     }
10-18 11:27:49.033  3103 30131 V FA-SVC  :     user_property {
10-18 11:27:49.033  3103 30131 V FA-SVC  :       set_timestamp_millis: 1539854868966
10-18 11:27:49.033  3103 30131 V FA-SVC  :       name: lifetime_user_engagement(_lte)
10-18 11:27:49.033  3103 30131 V FA-SVC  :       int_value: 2971035
10-18 11:27:49.033  3103 30131 V FA-SVC  :     }
10-18 11:27:49.033  3103 30131 V FA-SVC  :     event {
10-18 11:27:49.033  3103 30131 V FA-SVC  :       name: user_engagement(_e)
10-18 11:27:49.033  3103 30131 V FA-SVC  :       timestamp_millis: 1539854868337
10-18 11:27:49.033  3103 30131 V FA-SVC  :       previous_timestamp_millis: 1539854864835
10-18 11:27:49.033  3103 30131 V FA-SVC  :       param {
10-18 11:27:49.033  3103 30131 V FA-SVC  :         name: firebase_event_origin(_o)
10-18 11:27:49.033  3103 30131 V FA-SVC  :         string_value: auto
10-18 11:27:49.033  3103 30131 V FA-SVC  :       }
10-18 11:27:49.033  3103 30131 V FA-SVC  :       param {
10-18 11:27:49.033  3103 30131 V FA-SVC  :         name: _r
10-18 11:27:49.033  3103 30131 V FA-SVC  :         int_value: 1
10-18 11:27:49.033  3103 30131 V FA-SVC  :       }
10-18 11:27:49.033  3103 30131 V FA-SVC  :       param {
10-18 11:27:49.033  3103 30131 V FA-SVC  :         name: engagement_time_msec(_et)
10-18 11:27:49.033  3103 30131 V FA-SVC  :         int_value: 2926
10-18 11:27:49.033  3103 30131 V FA-SVC  :       }
10-18 11:27:49.033  3103 30131 V FA-SVC  :       param {
10-18 11:27:49.033  3103 30131 V FA-SVC  :         name: firebase_screen_class(_sc)
10-18 11:27:49.033  3103 30131 V FA-SVC  :         string_value: TutorialActivity
10-18 11:27:49.033  3103 30131 V FA-SVC  :       }
10-18 11:27:49.033  3103 30131 V FA-SVC  :       param {
10-18 11:27:49.033  3103 30131 V FA-SVC  :         name: firebase_screen_id(_si)
10-18 11:27:49.033  3103 30131 V FA-SVC  :         int_value: -2760778087466238701
10-18 11:27:49.033  3103 30131 V FA-SVC  :       }
10-18 11:27:49.033  3103 30131 V FA-SVC  :       param {
10-18 11:27:49.033  3103 30131 V FA-SVC  :         name: _dbg
10-18 11:27:49.033  3103 30131 V FA-SVC  :         int_value: 1
10-18 11:27:49.033  3103 30131 V FA-SVC  :       }
10-18 11:27:49.033  3103 30131 V FA-SVC  :     }
10-18 11:27:49.033  3103 30131 V FA-SVC  :   }
10-18 11:27:49.033  3103 30131 V FA-SVC  : }
10-18 11:27:49.033  3103 30131 V FA-SVC  : Not stopping services. fetch, network, upload: false, true, false
10-18 11:27:49.036  3103 30247 V FA-SVC  : Uploading data. size: 487
10-18 11:27:49.037  1315  1583 I SettingsState: [PERSIST START] 
10-18 11:27:49.037  1315  1583 I SettingsState: file:settings_system.xml
10-18 11:27:49.057  1315  1583 I SettingsState: [PERSIST END]
10-18 11:27:49.072  3103 30131 V FA-SVC  : Upload scheduled in approximately ms: 3599998
10-18 11:27:49.073  3103 30131 V FA-SVC  : Cancelling job. JobID: 812057698
10-18 11:27:49.075  3103 30131 V FA-SVC  : Scheduling upload with GcmTaskService
10-18 11:27:49.075  3103 30131 V FA-SVC  : Scheduling task with Gcm. time: 3599998
10-18 11:27:49.077  3103 30131 V FA-SVC  : Successful upload. Got network response. code, size: 204, 0
10-18 11:27:49.084  2377  5097 E ExecutionCriteria: Package unavailable for task: com.google.android.talk/com.google.android.apps.hangouts.concurrent.impl.GcmTriggeredNotifier{u=0 tag="network_connectivity_wakeup:persisted" trigger=window{start=259111s,end=259112s,earliest=-39622358s,latest=-39622357s} requirements=[NET_CONNECTED] attributes=[PERSISTED] scheduled=-39881469s last_run=N/A jid=N/A status=PENDING retries=0 client_lib=MANCHEGO_GCM-0}
10-18 11:27:49.084  2377 26624 E NetworkScheduler: Invalid component specified.
10-18 11:27:49.101  3103 30131 V FA-SVC  : Nothing to upload or uploading impossible
10-18 11:27:49.102  3103 30131 V FA-SVC  : Cancelling job. JobID: 812057698
10-18 11:27:49.104  3103 30131 V FA-SVC  : Stopping uploading service(s)
10-18 11:27:49.139  2377  5097 E ExecutionCriteria: Package unavailable for task: com.google.android.talk/com.google.android.apps.hangouts.concurrent.impl.GcmTriggeredNotifier{u=0 tag="network_connectivity_wakeup:persisted" trigger=window{start=259111s,end=259112s,earliest=-39622358s,latest=-39622357s} requirements=[NET_CONNECTED] attributes=[PERSISTED] scheduled=-39881469s last_run=N/A jid=N/A status=PENDING retries=0 client_lib=MANCHEGO_GCM-0}
10-18 11:27:49.150  3694  3694 D FoldersTransitionController: onInterceptTouchEvent# not in folders mode
10-18 11:27:49.160   809   852 E ANDR-PERF-UTIL: Failed to read 
10-18 11:27:49.180  3694  3694 D AllAppsGridAdapter: onClick onBindViewHolder 31, false
10-18 11:27:49.181  3694  3694 D AllAppsGridAdapter: onClick onBindViewHolder 32, false
10-18 11:27:49.181  3694  3694 D AllAppsGridAdapter: onClick onBindViewHolder 33, false
10-18 11:27:49.191  3694  3694 D AllAppsGridAdapter: onClick onBindViewHolder 34, false
10-18 11:27:49.192  3694  3694 D AllAppsGridAdapter: onClick onBindViewHolder 35, false
10-18 11:27:49.199  3694  3694 D AllAppsGridAdapter: onClick onBindViewHolder 36, false
10-18 11:27:49.199  3694  3694 D AllAppsGridAdapter: onClick onBindViewHolder 37, false
10-18 11:27:49.199  3694  3694 D AllAppsGridAdapter: onClick onBindViewHolder 38, false
10-18 11:27:49.199  3694  3694 D AllAppsGridAdapter: onClick onBindViewHolder 39, false
10-18 11:27:49.199  3694  3694 D AllAppsGridAdapter: onClick onBindViewHolder 40, false
10-18 11:27:49.216  3694  3694 D AllAppsGridAdapter: onClick onBindViewHolder 41, false
10-18 11:27:49.216  3694  3694 D AllAppsGridAdapter: onClick onBindViewHolder 42, false
10-18 11:27:49.216  3694  3694 D AllAppsGridAdapter: onClick onBindViewHolder 43, false
10-18 11:27:49.216  3694  3694 D AllAppsGridAdapter: onClick onBindViewHolder 44, false
10-18 11:27:49.216  3694  3694 D AllAppsGridAdapter: onClick onBindViewHolder 45, false
10-18 11:27:49.249  3694  3694 D AllAppsGridAdapter: onClick onBindViewHolder 46, false
10-18 11:27:49.250  3694  3694 D AllAppsGridAdapter: onClick onBindViewHolder 47, false
10-18 11:27:49.250  3694  3694 D AllAppsGridAdapter: onClick onBindViewHolder 48, false
10-18 11:27:49.250  3694  3694 D AllAppsGridAdapter: onClick onBindViewHolder 49, false
10-18 11:27:49.250  3694  3694 D AllAppsGridAdapter: onClick onBindViewHolder 50, false
10-18 11:27:49.265  3694  3694 D AllAppsGridAdapter: onClick onBindViewHolder 51, false
10-18 11:27:49.265  3694  3694 D AllAppsGridAdapter: onClick onBindViewHolder 52, false
10-18 11:27:49.265  3694  3694 D AllAppsGridAdapter: onClick onBindViewHolder 53, false
10-18 11:27:49.265  3694  3694 D AllAppsGridAdapter: onClick onBindViewHolder 54, false
10-18 11:27:49.266  3694  3694 D AllAppsGridAdapter: onClick onBindViewHolder 55, false
10-18 11:27:49.282  3694  3694 D AllAppsGridAdapter: onClick onBindViewHolder 56, false
10-18 11:27:49.283  3694  3694 D AllAppsGridAdapter: onClick onBindViewHolder 57, false
10-18 11:27:49.283  3694  3694 D AllAppsGridAdapter: onClick onBindViewHolder 58, false
10-18 11:27:49.283  3694  3694 D AllAppsGridAdapter: onClick onBindViewHolder 59, false
10-18 11:27:49.283  3694  3694 D AllAppsGridAdapter: onClick onBindViewHolder 60, false
10-18 11:27:49.300  3694  3694 D AllAppsGridAdapter: onClick onBindViewHolder 61, false
10-18 11:27:49.300  3694  3694 D AllAppsGridAdapter: onClick onBindViewHolder 62, false
10-18 11:27:49.300  3694  3694 D AllAppsGridAdapter: onClick onBindViewHolder 63, false
10-18 11:27:49.300  3694  3694 D AllAppsGridAdapter: onClick onBindViewHolder 64, false
10-18 11:27:49.300  3694  3694 D AllAppsGridAdapter: onClick onBindViewHolder 65, false
10-18 11:27:49.333  3694  3694 D AllAppsGridAdapter: onClick onBindViewHolder 66, false
10-18 11:27:49.334  3694  3694 D AllAppsGridAdapter: onClick onBindViewHolder 67, false
10-18 11:27:49.334  3694  3694 D AllAppsGridAdapter: onClick onBindViewHolder 68, false
10-18 11:27:49.334  3694  3694 D AllAppsGridAdapter: onClick onBindViewHolder 69, false
10-18 11:27:49.334  3694  3694 D AllAppsGridAdapter: onClick onBindViewHolder 70, false
10-18 11:27:49.351  3694  3694 D AllAppsGridAdapter: onClick onBindViewHolder 71, false
10-18 11:27:49.351  3694  3694 D AllAppsGridAdapter: onClick onBindViewHolder 72, false
10-18 11:27:49.351  3694  3694 D AllAppsGridAdapter: onClick onBindViewHolder 73, false
10-18 11:27:49.352  3694  3694 D AllAppsGridAdapter: onClick onBindViewHolder 74, false
10-18 11:27:49.352  3694  3694 D AllAppsGridAdapter: onClick onBindViewHolder 75, false
10-18 11:27:49.366  3694  3694 D AllAppsGridAdapter: onClick onBindViewHolder 76, false
10-18 11:27:49.366  3694  3694 D AllAppsGridAdapter: onClick onBindViewHolder 77, false
10-18 11:27:49.366  3694  3694 D AllAppsGridAdapter: onClick onBindViewHolder 78, false
10-18 11:27:49.366  3694  3694 D AllAppsGridAdapter: onClick onBindViewHolder 79, false
10-18 11:27:49.367  3694  3694 D AllAppsGridAdapter: onClick onBindViewHolder 80, false
10-18 11:27:49.400  3694  3694 D AllAppsGridAdapter: onClick onBindViewHolder 81, false
10-18 11:27:49.400  3694  3694 D AllAppsGridAdapter: onClick onBindViewHolder 82, false
10-18 11:27:49.400  3694  3694 D AllAppsGridAdapter: onClick onBindViewHolder 83, false
10-18 11:27:49.400  3694  3694 D AllAppsGridAdapter: onClick onBindViewHolder 84, false
10-18 11:27:49.400  3694  3694 D AllAppsGridAdapter: onClick onBindViewHolder 85, false
10-18 11:27:49.417  3694  3694 D AllAppsGridAdapter: onClick onBindViewHolder 86, false
10-18 11:27:49.417  3694  3694 D AllAppsGridAdapter: onClick onBindViewHolder 87, false
10-18 11:27:49.417  3694  3694 D AllAppsGridAdapter: onClick onBindViewHolder 88, false
10-18 11:27:49.417  3694  3694 D AllAppsGridAdapter: onClick onBindViewHolder 89, false
10-18 11:27:49.418  3694  3694 D AllAppsGridAdapter: onClick onBindViewHolder 90, false
10-18 11:27:49.450  3694  3694 D AllAppsGridAdapter: onClick onBindViewHolder 91, false
10-18 11:27:49.450  3694  3694 D AllAppsGridAdapter: onClick onBindViewHolder 92, false
10-18 11:27:49.450  3694  3694 D AllAppsGridAdapter: onClick onBindViewHolder 93, false
10-18 11:27:49.451  3694  3694 D AllAppsGridAdapter: onClick onBindViewHolder 94, false
10-18 11:27:49.451  3694  3694 D AllAppsGridAdapter: onClick onBindViewHolder 95, false
10-18 11:27:49.466  3694  3694 D AllAppsGridAdapter: onClick onBindViewHolder 96, false
10-18 11:27:49.466  3694  3694 D AllAppsGridAdapter: onClick onBindViewHolder 97, false
10-18 11:27:49.466  3694  3694 D AllAppsGridAdapter: onClick onBindViewHolder 98, false
10-18 11:27:49.466  3694  3694 D AllAppsGridAdapter: onClick onBindViewHolder 99, false
10-18 11:27:49.466  3694  3694 D AllAppsGridAdapter: onClick onBindViewHolder 100, false
10-18 11:27:49.484  3694  3694 D AllAppsGridAdapter: onClick onBindViewHolder 101, false
10-18 11:27:49.484  3694  3694 D AllAppsGridAdapter: onClick onBindViewHolder 102, false
10-18 11:27:49.484  3694  3694 D AllAppsGridAdapter: onClick onBindViewHolder 103, false
10-18 11:27:50.973 29746 30199 I zygote64: Explicit concurrent copying GC freed 44839(2030KB) AllocSpace objects, 21(932KB) LOS objects, 25% free, 4MB/6MB, paused 330us total 97.279ms
10-18 11:27:51.356  3694  3694 D AllAppsTrans: onControllerInterceptTouchEvent# all apps mode but can't scroll the container
10-18 11:27:51.357  3694  3694 D FoldersTransitionController: onInterceptTouchEvent# not in folders mode
10-18 11:27:51.388   809   852 E ANDR-PERF-UTIL: Failed to read 
10-18 11:27:51.451  3694  3694 D AllAppsGridAdapter: onClick onBindViewHolder 70, false
10-18 11:27:51.451  3694  3694 D AllAppsGridAdapter: onClick onBindViewHolder 69, false
10-18 11:27:51.451  3694  3694 D AllAppsGridAdapter: onClick onBindViewHolder 68, false
10-18 11:27:51.920  3694  3694 D AllAppsTrans: onControllerInterceptTouchEvent# all apps mode but can't scroll the container
10-18 11:27:51.920  3694  3694 D FoldersTransitionController: onInterceptTouchEvent# not in folders mode
10-18 11:27:51.953   809   852 E ANDR-PERF-UTIL: Failed to read 
10-18 11:27:51.986  3694  3694 D AllAppsGridAdapter: onClick onBindViewHolder 65, false
10-18 11:27:51.986  3694  3694 D AllAppsGridAdapter: onClick onBindViewHolder 64, false
10-18 11:27:51.986  3694  3694 D AllAppsGridAdapter: onClick onBindViewHolder 63, false
10-18 11:27:51.987  3694  3694 D AllAppsGridAdapter: onClick onBindViewHolder 62, false
10-18 11:27:51.987  3694  3694 D AllAppsGridAdapter: onClick onBindViewHolder 61, false
10-18 11:27:52.118  3694  3694 D AllAppsGridAdapter: onClick onBindViewHolder 60, false
10-18 11:27:52.118  3694  3694 D AllAppsGridAdapter: onClick onBindViewHolder 59, false
10-18 11:27:52.118  3694  3694 D AllAppsGridAdapter: onClick onBindViewHolder 58, false
10-18 11:27:52.119  3694  3694 D AllAppsGridAdapter: onClick onBindViewHolder 57, false
10-18 11:27:52.119  3694  3694 D AllAppsGridAdapter: onClick onBindViewHolder 56, false
10-18 11:27:52.397  3694  3694 D AllAppsTrans: onControllerInterceptTouchEvent# all apps mode but can't scroll the container
10-18 11:27:52.397  3694  3694 D FoldersTransitionController: onInterceptTouchEvent# not in folders mode
10-18 11:27:52.458   809   852 E ANDR-PERF-UTIL: Failed to read 
10-18 11:27:52.536  3694  3694 D AllAppsGridAdapter: onClick onBindViewHolder 55, false
10-18 11:27:52.536  3694  3694 D AllAppsGridAdapter: onClick onBindViewHolder 54, false
10-18 11:27:52.536  3694  3694 D AllAppsGridAdapter: onClick onBindViewHolder 53, false
10-18 11:27:52.536  3694  3694 D AllAppsGridAdapter: onClick onBindViewHolder 52, false
10-18 11:27:52.536  3694  3694 D AllAppsGridAdapter: onClick onBindViewHolder 51, false
10-18 11:27:52.619  3694  3694 D AllAppsGridAdapter: onClick onBindViewHolder 50, false
10-18 11:27:52.619  3694  3694 D AllAppsGridAdapter: onClick onBindViewHolder 49, false
10-18 11:27:52.619  3694  3694 D AllAppsGridAdapter: onClick onBindViewHolder 48, false
10-18 11:27:52.619  3694  3694 D AllAppsGridAdapter: onClick onBindViewHolder 47, false
10-18 11:27:52.620  3694  3694 D AllAppsGridAdapter: onClick onBindViewHolder 46, false
10-18 11:27:52.719  3694  3694 D AllAppsGridAdapter: onClick onBindViewHolder 45, false
10-18 11:27:52.719  3694  3694 D AllAppsGridAdapter: onClick onBindViewHolder 44, false
10-18 11:27:52.719  3694  3694 D AllAppsGridAdapter: onClick onBindViewHolder 43, false
10-18 11:27:52.720  3694  3694 D AllAppsGridAdapter: onClick onBindViewHolder 42, false
10-18 11:27:52.720  3694  3694 D AllAppsGridAdapter: onClick onBindViewHolder 41, false
10-18 11:27:52.886  3694  3694 D AllAppsGridAdapter: onClick onBindViewHolder 40, false
10-18 11:27:52.886  3694  3694 D AllAppsGridAdapter: onClick onBindViewHolder 39, false
10-18 11:27:52.886  3694  3694 D AllAppsGridAdapter: onClick onBindViewHolder 38, false
10-18 11:27:52.887  3694  3694 D AllAppsGridAdapter: onClick onBindViewHolder 37, false
10-18 11:27:52.887  3694  3694 D AllAppsGridAdapter: onClick onBindViewHolder 36, false
10-18 11:27:53.447 29746 30140 V FA      : Inactivity, disconnecting from the service
10-18 11:27:53.586  3694  3694 D AllAppsTrans: onControllerInterceptTouchEvent# all apps mode but can't scroll the container
10-18 11:27:53.586  3694  3694 D FoldersTransitionController: onInterceptTouchEvent# not in folders mode
10-18 11:27:53.638   809   852 E ANDR-PERF-UTIL: Failed to read 
10-18 11:27:53.703  3694  3694 D AllAppsGridAdapter: onClick onBindViewHolder 35, false
10-18 11:27:53.703  3694  3694 D AllAppsGridAdapter: onClick onBindViewHolder 34, false
10-18 11:27:53.703  3694  3694 D AllAppsGridAdapter: onClick onBindViewHolder 33, false
10-18 11:27:53.703  3694  3694 D AllAppsGridAdapter: onClick onBindViewHolder 32, false
10-18 11:27:53.704  3694  3694 D AllAppsGridAdapter: onClick onBindViewHolder 31, false
10-18 11:27:54.785  3694  3694 D AllAppsTrans: onControllerInterceptTouchEvent# all apps mode but can't scroll the container
10-18 11:27:54.786  3694  3694 D FoldersTransitionController: onInterceptTouchEvent# not in folders mode
10-18 11:27:54.842   809   852 E ANDR-PERF-UTIL: Failed to read 
10-18 11:27:55.073  3694  3694 D AllAppsGridAdapter: onClick onBindViewHolder 30, false
10-18 11:27:55.074  3694  3694 D AllAppsGridAdapter: onClick onBindViewHolder 29, false
10-18 11:27:55.074  3694  3694 D AllAppsGridAdapter: onClick onBindViewHolder 28, false
10-18 11:27:55.074  3694  3694 D AllAppsGridAdapter: onClick onBindViewHolder 27, false
10-18 11:27:55.074  3694  3694 D AllAppsGridAdapter: onClick onBindViewHolder 26, false
10-18 11:27:55.819  3694  3694 D AllAppsTrans: onControllerInterceptTouchEvent# all apps mode but can't scroll the container
10-18 11:27:55.819  3694  3694 D FoldersTransitionController: onInterceptTouchEvent# not in folders mode
10-18 11:27:55.875   809   852 E ANDR-PERF-UTIL: Failed to read 
10-18 11:27:56.533  3694  3694 D AllAppsTrans: onControllerInterceptTouchEvent# all apps mode but can't scroll the container
10-18 11:27:56.533  3694  3694 D FoldersTransitionController: onInterceptTouchEvent# not in folders mode
10-18 11:27:56.571   809   852 E ANDR-PERF-UTIL: Failed to read 
10-18 11:27:56.692  3694  3694 D AllAppsGridAdapter: onClick onBindViewHolder 25, false
10-18 11:27:56.692  3694  3694 D AllAppsGridAdapter: onClick onBindViewHolder 24, false
10-18 11:27:56.693  3694  3694 D AllAppsGridAdapter: onClick onBindViewHolder 23, false
10-18 11:27:56.693  3694  3694 D AllAppsGridAdapter: onClick onBindViewHolder 22, false
10-18 11:27:56.693  3694  3694 D AllAppsGridAdapter: onClick onBindViewHolder 21, false
10-18 11:27:57.084  3694  3694 D AllAppsTrans: onControllerInterceptTouchEvent# all apps mode but can't scroll the container
10-18 11:27:57.085  3694  3694 D FoldersTransitionController: onInterceptTouchEvent# not in folders mode
10-18 11:27:57.136   809   852 E ANDR-PERF-UTIL: Failed to read 
10-18 11:27:57.564  3694  3694 D AllAppsTrans: onControllerInterceptTouchEvent# all apps mode but can't scroll the container
10-18 11:27:57.564  3694  3694 D FoldersTransitionController: onInterceptTouchEvent# not in folders mode
10-18 11:27:57.605   809   852 E ANDR-PERF-UTIL: Failed to read 
10-18 11:27:57.646  3694  3694 D AllAppsGridAdapter: onClick onBindViewHolder 20, false
10-18 11:27:57.646  3694  3694 D AllAppsGridAdapter: onClick onBindViewHolder 19, false
10-18 11:27:57.646  3694  3694 D AllAppsGridAdapter: onClick onBindViewHolder 18, false
10-18 11:27:57.646  3694  3694 D AllAppsGridAdapter: onClick onBindViewHolder 17, false
10-18 11:27:57.646  3694  3694 D AllAppsGridAdapter: onClick onBindViewHolder 16, false
10-18 11:27:58.130  3694  3694 D AllAppsTrans: onControllerInterceptTouchEvent# all apps mode but can't scroll the container
10-18 11:27:58.130  3694  3694 D FoldersTransitionController: onInterceptTouchEvent# not in folders mode
10-18 11:27:58.170   809   852 E ANDR-PERF-UTIL: Failed to read 
10-18 11:27:58.196  3694  3694 D AllAppsGridAdapter: onClick onBindViewHolder 20, false
10-18 11:27:58.197  3694  3694 D AllAppsGridAdapter: onClick onBindViewHolder 19, false
10-18 11:27:58.197  3694  3694 D AllAppsGridAdapter: onClick onBindViewHolder 18, false
10-18 11:27:58.197  3694  3694 D AllAppsGridAdapter: onClick onBindViewHolder 17, false
10-18 11:27:58.197  3694  3694 D AllAppsGridAdapter: onClick onBindViewHolder 16, false
10-18 11:27:58.277  3694  3694 D AllAppsGridAdapter: onClick onBindViewHolder 15, false
10-18 11:27:58.277  3694  3694 D AllAppsGridAdapter: onClick onBindViewHolder 14, false
10-18 11:27:58.277  3694  3694 D AllAppsGridAdapter: onClick onBindViewHolder 13, false
10-18 11:27:58.277  3694  3694 D AllAppsGridAdapter: onClick onBindViewHolder 12, false
10-18 11:27:58.278  3694  3694 D AllAppsGridAdapter: onClick onBindViewHolder 11, false
10-18 11:28:00.000  1315  1593 V AlarmManager: Triggering alarm #0: 3 when =72527919 package =android operation =*alarm*:android.intent.action.TIME_TICK flags =0x1
10-18 11:28:00.039  2152  2409 I ClockCtrl:  schedule next: 59961
10-18 11:28:00.040  2152  2409 I KeyguardUpdateMonitor: onTimeChanged
10-18 11:28:00.040  2152  2152 D KeyguardUpdateMonitor: handleTimeUpdate
10-18 11:28:00.045  2152  2152 I Clock   : onTimeChanged
10-18 11:28:00.046  2152  2152 I DateView: onTimeChanged
10-18 11:28:06.178  4121  8945 D NetworkStateUtils: netWorkState=1
10-18 11:28:14.069 27942 27963 I Finsky  : [530] com.google.android.finsky.bo.ad.run(6): Stats for Executor: BlockingExecutor com.google.android.finsky.bo.ae@2d22b47[Running, pool size = 0, active threads = 0, queued tasks = 0, completed tasks = 6]
10-18 11:28:14.071 27942 27963 I Finsky  : [530] com.google.android.finsky.bo.ad.run(6): Stats for Executor: LightweightExecutor com.google.android.finsky.bo.ae@c963f74[Running, pool size = 4, active threads = 0, queued tasks = 0, completed tasks = 42]
10-18 11:28:14.071 27942 27963 I Finsky  : [530] com.google.android.finsky.bo.ad.run(6): Stats for Executor: bgExecutor com.google.android.finsky.bo.ae@b068c9d[Running, pool size = 4, active threads = 0, queued tasks = 0, completed tasks = 32]
10-18 11:28:17.055   932  1064 I ThermalEngine: Monitor : quiet_therm = 30, msm_therm = 31, ufs_therm = -40, battery_therm = 273,current_now = -341000 
10-18 11:28:28.408 30297 30297 W ADebug  : Failed to get property persist.sys.media.traces
10-18 11:28:28.422 30297 30297 D AndroidRuntime: >>>>>> START com.android.internal.os.RuntimeInit uid 2000 <<<<<<
10-18 11:28:28.500 30297 30297 E app_process: No implementation found for boolean android.os.SystemProperties.native_get_boolean(java.lang.String, boolean) (tried Java_android_os_SystemProperties_native_1get_1boolean and Java_android_os_SystemProperties_native_1get_1boolean__Ljava_lang_String_2Z)
10-18 11:28:28.500 30297 30297 I chatty  : uid=2000(shell) main identical 1 line
10-18 11:28:28.501 30297 30297 E app_process: No implementation found for boolean android.os.SystemProperties.native_get_boolean(java.lang.String, boolean) (tried Java_android_os_SystemProperties_native_1get_1boolean and Java_android_os_SystemProperties_native_1get_1boolean__Ljava_lang_String_2Z)
10-18 11:28:28.502 30297 30297 I app_process: The ClassLoaderContext is a special shared library.
10-18 11:28:28.539 30297 30297 D AndroidRuntime: Calling main entry com.android.commands.pm.Pm
10-18 11:28:28.556 30297 30297 I app_process: System.exit called, status: 0
10-18 11:28:28.556 30297 30297 I AndroidRuntime: VM exiting with result code 0.
10-18 11:28:28.556 30297 30306 W MessageQueue: Handler (android.os.Handler) {eab53b3} sending message to a Handler on a dead thread
10-18 11:28:28.556 30297 30306 W MessageQueue: java.lang.IllegalStateException: Handler (android.os.Handler) {eab53b3} sending message to a Handler on a dead thread
10-18 11:28:28.556 30297 30306 W MessageQueue: 	at android.os.MessageQueue.enqueueMessage(MessageQueue.java:579)
10-18 11:28:28.556 30297 30306 W MessageQueue: 	at android.os.Handler.enqueueMessage(Handler.java:662)
10-18 11:28:28.556 30297 30306 W MessageQueue: 	at android.os.Handler.sendMessageAtTime(Handler.java:631)
10-18 11:28:28.556 30297 30306 W MessageQueue: 	at android.os.Handler.sendMessageDelayed(Handler.java:601)
10-18 11:28:28.556 30297 30306 W MessageQueue: 	at android.os.Handler.post(Handler.java:357)
10-18 11:28:28.556 30297 30306 W MessageQueue: 	at android.os.ResultReceiver$MyResultReceiver.send(ResultReceiver.java:57)
10-18 11:28:28.556 30297 30306 W MessageQueue: 	at com.android.internal.os.IResultReceiver$Stub.onTransact(IResultReceiver.java:58)
10-18 11:28:28.556 30297 30306 W MessageQueue: 	at android.os.Binder.execTransact(Binder.java:714)
10-18 11:28:28.676  1315  1360 I WifiService: reportActivityInfo uid=1000
10-18 11:28:28.680  4121  4121 D WidgetViewService: ------BatteryReceiver------power=79
10-18 11:28:28.685  2152  2152 D KeyguardIndication: onRefreshBatteryInfo: plugged:true, charged:false, level:79, speed:0, last speed:0, visible:false
10-18 11:28:28.700  1315  1360 E BatteryExternalStatsWorker: no controller energy info supplied for bluetooth
10-18 11:28:28.785  1315 30314 E OHPD    : [BgDetect] AppForkedProc kworker/3:1 pid 29526 uid 0 can't find pkgName
10-18 11:28:28.797 30310 30310 W ADebug  : Failed to get property persist.sys.media.traces
10-18 11:28:28.810 30310 30310 D AndroidRuntime: >>>>>> START com.android.internal.os.RuntimeInit uid 2000 <<<<<<
10-18 11:28:28.887 30310 30310 E app_process: No implementation found for boolean android.os.SystemProperties.native_get_boolean(java.lang.String, boolean) (tried Java_android_os_SystemProperties_native_1get_1boolean and Java_android_os_SystemProperties_native_1get_1boolean__Ljava_lang_String_2Z)
10-18 11:28:28.887 30310 30310 I chatty  : uid=2000(shell) main identical 1 line
10-18 11:28:28.887 30310 30310 E app_process: No implementation found for boolean android.os.SystemProperties.native_get_boolean(java.lang.String, boolean) (tried Java_android_os_SystemProperties_native_1get_1boolean and Java_android_os_SystemProperties_native_1get_1boolean__Ljava_lang_String_2Z)
10-18 11:28:28.888 30310 30310 I app_process: The ClassLoaderContext is a special shared library.
10-18 11:28:28.929 30310 30310 D AndroidRuntime: Calling main entry com.android.commands.pm.Pm
10-18 11:28:28.935  1315 10725 I ActivityManager: Force stopping com.google.firebase.fiamquickstart appid=10413 user=0: clear data
10-18 11:28:28.936  1315 10725 I ActivityManager: Killing 29458:com.google.firebase.fiamquickstart/u0a413 (adj 902): stop com.google.firebase.fiamquickstart
10-18 11:28:28.936  1315 10725 D ActivityManager: Process com.google.firebase.fiamquickstart has 0 services
10-18 11:28:28.936  1315  1358 W zygote64: kill(-29458, 9) failed: No such process
10-18 11:28:28.938  1315 10725 D EmbryoManager: prepare com.google.firebase.fiamquickstart user 0
10-18 11:28:28.941  1315 10725 D ZenModeHelper: setConfigLocked reason=removeAutomaticZenRules
10-18 11:28:28.941  1315 10725 D ZenModeHelper: java.lang.Throwable
10-18 11:28:28.941  1315 10725 D ZenModeHelper: 	at com.android.server.notification.ZenModeHelper.setConfigLocked(ZenModeHelper.java:779)
10-18 11:28:28.941  1315 10725 D ZenModeHelper: 	at com.android.server.notification.ZenModeHelper.removeAutomaticZenRules(ZenModeHelper.java:424)
10-18 11:28:28.941  1315 10725 D ZenModeHelper: 	at com.android.server.notification.NotificationManagerService$7.removeAutomaticZenRules(NotificationManagerService.java:2973)
10-18 11:28:28.941  1315 10725 D ZenModeHelper: 	at com.android.server.notification.ConditionProviders.onPackagesChanged(ConditionProviders.java:178)
10-18 11:28:28.941  1315 10725 D ZenModeHelper: 	at com.android.server.notification.NotificationManagerService$7.clearData(NotificationManagerService.java:2391)
10-18 11:28:28.941  1315 10725 D ZenModeHelper: 	at com.android.server.am.ActivityManagerService.clearApplicationUserData(ActivityManagerService.java:7179)
10-18 11:28:28.941  1315 10725 D ZenModeHelper: 	at android.app.IActivityManager$Stub.onTransact(IActivityManager.java:1220)
10-18 11:28:28.941  1315 10725 D ZenModeHelper: 	at com.android.server.am.ActivityManagerService.onTransact(ActivityManagerService.java:3436)
10-18 11:28:28.941  1315 10725 D ZenModeHelper: 	at android.os.Binder.execTransact(Binder.java:714)
10-18 11:28:28.945   943   943 I keystore: clear_uid 10413
10-18 11:28:28.947  1315  1358 W zygote64: kill(-29458, 9) failed: No such process
10-18 11:28:28.948  1315  1356 I ActivityManager: Force stopping com.google.firebase.fiamquickstart appid=10413 user=-1: clearApplicationUserData
10-18 11:28:28.955  1315 10725 W ConditionProviders: Unable to subscribe to ComponentInfo{android/com.android.server.notification.ScheduleConditionProvider} condition://android/schedule?days=1.2.3.4.5&start=22.0&end=7.0&exitAtAlarm=false
10-18 11:28:28.955  1315 10725 W ConditionProviders: Unable to subscribe to ComponentInfo{android/com.android.server.notification.ScheduleConditionProvider} condition://android/schedule?days=6.7&start=23.30&end=10.0&exitAtAlarm=false
10-18 11:28:28.955  1315 10725 W ConditionProviders: Unable to subscribe to ComponentInfo{android/com.android.server.notification.EventConditionProvider} condition://android/event?userId=-10000&calendar=&reply=1
10-18 11:28:28.955  1315 10725 I ConditionProviders: Disallowing condition provider com.google.firebase.fiamquickstart
10-18 11:28:28.966  1315  1929 E TaskPersister: File error accessing recents directory (directory doesn't exist?).
10-18 11:28:28.986  1315  1406 W ActivityManager: setHasOverlayUi called on unknown pid: 29458
10-18 11:28:28.986  1315  1358 I chatty  : uid=1000(system) ActivityManager identical 6 lines
10-18 11:28:28.991  1315  1358 W zygote64: kill(-29458, 9) failed: No such process
10-18 11:28:28.991  1315  1358 I zygote64: Successfully killed process cgroup uid 10413 pid 29458 in 55ms
10-18 11:28:29.122  2377  2377 I GeofencerStateMachine: removeGeofences: removeRequest=RemoveGeofencingRequest[REMOVE_ALL packageName=com.google.firebase.fiamquickstart]
10-18 11:28:29.123  1315  1951 W ActivityManager: Permission Denial: Accessing service ComponentInfo{com.google.android.music/com.google.android.music.dial.DialMediaRouteProviderService} from pid=3103, uid=10014 that is not exported from uid 10071
10-18 11:28:29.124  2480  2480 D CarrierSvcBindHelper: No carrier app for: 0
10-18 11:28:29.125 30310 30310 I app_process: System.exit called, status: 0
10-18 11:28:29.125 30310 30310 I AndroidRuntime: VM exiting with result code 0.
10-18 11:28:29.127  2480  2480 D CarrierSvcBindHelper: No carrier app for: 1
10-18 11:28:29.134  3522  3522 D RegisteredServicesCache:  Reading service state data always from file
10-18 11:28:29.135  3522  3522 D RegisteredServicesCache: ServiceStateFileVersion=1.0
10-18 11:28:29.135  3522  3522 E RegisteredServicesCache: Next Tag=services
10-18 11:28:29.135  3522  3522 D RegisteredServicesCache:  curr component com.google.android.apps.walletnfcrel/com.google.commerce.tapandpay.android.transit.tap.service.TransitHceService
10-18 11:28:29.135  3522  3522 D RegisteredServicesCache:  curr uid 10069
10-18 11:28:29.135  3522  3522 D RegisteredServicesCache:  curr state 1
10-18 11:28:29.135  3522  3522 E RegisteredServicesCache: installedServices no uidString 
10-18 11:28:29.135  3522  3522 D RegisteredServicesCache:  curr component com.google.android.apps.walletnfcrel/com.google.commerce.tapandpay.android.hce.service.ValuableApduService
10-18 11:28:29.135  3522  3522 D RegisteredServicesCache:  curr uid 10069
10-18 11:28:29.135  3522  3522 D RegisteredServicesCache:  curr state 1
10-18 11:28:29.135  3522  3522 E RegisteredServicesCache: installedServices contains uidString : 10069
10-18 11:28:29.135  3522  3522 E RegisteredServicesCache: 1invalidateCache:WriteServiceStateToFile
10-18 11:28:29.135  3522  3522 E RegisteredServicesCache:  Writing service state Data Always
10-18 11:28:29.141  3522  3522 E RegisteredServicesCache: component namecom.google.android.apps.walletnfcrel/com.google.commerce.tapandpay.android.transit.tap.service.TransitHceService
10-18 11:28:29.141  3522  3522 E RegisteredServicesCache: component namecom.google.android.apps.walletnfcrel/com.google.commerce.tapandpay.android.hce.service.ValuableApduService
10-18 11:28:29.153  3522  3522 D CardEmulationManager: Current default: ComponentInfo{com.google.android.gms/com.google.android.gms.tapandpay.hce.service.TpHceService}
10-18 11:28:29.153  1315  1315 E LockSettingsService: ACTION_PACKAGE_DATA_CLEARED10413, userId =0
10-18 11:28:29.157  3522  3522 D RegisteredNfcFServicesCache: Service unchanged, not updating
10-18 11:28:29.158  3103 30341 I LocationSettingsChecker: Removing dialog suppression flag for package com.google.firebase.fiamquickstart
10-18 11:28:29.167  3103 28857 I Icing   : doRemovePackageData com.google.firebase.fiamquickstart
10-18 11:28:29.689  4121  4121 D WidgetViewService: --------updateRemoteViews widgetDataItems={0=WidgetData [type=0, value=2,07, units=GB], 1=WidgetData [type=1, value=21, units=%], 2=WidgetData [type=2, value=79, units=%]},widgets.length:1
10-18 11:28:29.696  3694  3694 D LauncherWidgetHostView: updateAppWidget: com.oneplus.security
10-18 11:28:29.703  3694  3694 D WPOffsetInterpolator: wallpaperOffsetForScroll# lock to default. return default offset: 0.0
10-18 11:28:30.929  1315 10360 I ActivityManager: START u0 {flg=0x10000000 cmp=com.google.firebase.fiamquickstart/.EntryChoiceActivity} from uid 2000 pid 30355
10-18 11:28:30.935   607   607 W /system/bin/hwservicemanager: getTransport: Cannot find entry vendor.qti.hardware.iop@1.0::IIop/default in either framework or device manifest.
10-18 11:28:30.935  1315 10360 E ANDR-PERF-JNI: Iop tryGetService failed
10-18 11:28:30.939  3694  3694 D Launcher: onPause
10-18 11:28:30.941  1315  1356 D RestartProcessManager: Update Total Launch Times :com.google.firebase.fiamquickstart
10-18 11:28:30.941  1315  1356 D RestartProcessManager: updateSelf :  com.google.firebase.fiamquickstart, size : 30
10-18 11:28:30.941  1315  1356 D RestartProcessManager: Increase Total Launch Time : com.google.firebase.fiamquickstart, times : 6, index : 29
10-18 11:28:30.941  1315  1356 D RestartProcessManager: Last Running Package : com.google.firebase.fiamquickstart , start time 1539854910941
10-18 11:28:30.949 30361 30361 I zygote64: Late-enabling -Xcheck:jni
10-18 11:28:30.952  1315  3666 I ActivityManager: Start proc 30361:com.google.firebase.fiamquickstart/u0a413 for activity com.google.firebase.fiamquickstart/.EntryChoiceActivity
10-18 11:28:30.978 30361 30374 I zygote64: Debugger is no longer active
10-18 11:28:30.979 30361 30383 I zygote64: The ClassLoaderContext is a special shared library.
10-18 11:28:30.999  3694  3694 D RecyclerViewWrapper: onWindowVisibilityChanged:8
10-18 11:28:31.026 30361 30361 I MultiDex: VM with version 2.1.0 has multidex support
10-18 11:28:31.027 30361 30361 I MultiDex: Installing application
10-18 11:28:31.027 30361 30361 I MultiDex: VM has multidex support, MultiDex support library is disabled.
10-18 11:28:31.046 30361 30361 V FA      : Registered activity lifecycle callback
10-18 11:28:31.064 30361 30361 D NetworkSecurityConfig: No Network Security Config specified, using platform default
10-18 11:28:31.066 30361 30388 V FA      : Collection enabled
10-18 11:28:31.067 30361 30388 V FA      : App package, google app id: com.google.firebase.fiamquickstart, 1:935591897676:android:15f4eb80a9b07720
10-18 11:28:31.067 30361 30388 I FA      : App measurement is starting up, version: 13001
10-18 11:28:31.067 30361 30388 I FA      : To enable debug logging run: adb shell setprop log.tag.FA VERBOSE
10-18 11:28:31.067 30361 30388 I FA      : To enable faster debug mode event logging run:
10-18 11:28:31.067 30361 30388 I FA      :   adb shell setprop debug.firebase.analytics.app com.google.firebase.fiamquickstart
10-18 11:28:31.067 30361 30388 D FA      : Debug-level message logging enabled
10-18 11:28:31.068 30361 30388 V FA      : Persisting first open: 1539854911045
10-18 11:28:31.075 30361 30388 V FA      : Updating deferred analytics collection: false
10-18 11:28:31.341 30361 30361 I FIAM.Headless: Starting InAppMessaging runtime with Instance ID ePeCOpiHUiM
10-18 11:28:31.350 30361 30361 W Settings: Setting airplane_mode_on has moved from android.provider.Settings.System to android.provider.Settings.Global, returning read-only value.
10-18 11:28:31.355 30361 30361 D FirebaseApp: com.google.firebase.auth.FirebaseAuth is not linked. Skipping initialization.
10-18 11:28:31.355 30361 30361 D FirebaseApp: com.google.firebase.crash.FirebaseCrash is not linked. Skipping initialization.
10-18 11:28:31.356 30361 30361 I FirebaseInitProvider: FirebaseApp initialization successful
10-18 11:28:31.357 30361 30388 V FA      : Checking service availability
10-18 11:28:31.358 30361 30388 V FA      : Service available
10-18 11:28:31.358 30361 30388 V FA      : Setting useService: true
10-18 11:28:31.359 30361 30388 V FA      : Connecting to remote service
10-18 11:28:31.369 30361 30388 V FA      : Connection attempt already in progress
10-18 11:28:31.376 30361 30361 V FA      : onActivityCreated
10-18 11:28:31.397 30361 30361 I zygote64: Rejecting re-init on previously-failed class java.lang.Class<android.support.v4.view.ViewCompat$OnUnhandledKeyEventListenerWrapper>: java.lang.NoClassDefFoundError: Failed resolution of: Landroid/view/View$OnUnhandledKeyEventListener;
10-18 11:28:31.397 30361 30361 I zygote64:   at void android.support.v4.view.ViewCompat.setBackground(android.view.View, android.graphics.drawable.Drawable) (ViewCompat.java:2341)
10-18 11:28:31.397 30361 30361 I zygote64:   at void android.support.v7.widget.ActionBarContainer.<init>(android.content.Context, android.util.AttributeSet) (ActionBarContainer.java:62)
10-18 11:28:31.397 30361 30361 I zygote64:   at java.lang.Object java.lang.reflect.Constructor.newInstance0(java.lang.Object[]) (Constructor.java:-2)
10-18 11:28:31.397 30361 30361 I zygote64:   at java.lang.Object java.lang.reflect.Constructor.newInstance(java.lang.Object[]) (Constructor.java:334)
10-18 11:28:31.397 30361 30361 I zygote64:   at android.view.View android.view.LayoutInflater.createView(java.lang.String, java.lang.String, android.util.AttributeSet) (LayoutInflater.java:647)
10-18 11:28:31.397 30361 30361 I zygote64:   at android.view.View android.view.LayoutInflater.createViewFromTag(android.view.View, java.lang.String, android.content.Context, android.util.AttributeSet, boolean) (LayoutInflater.java:790)
10-18 11:28:31.397 30361 30361 I zygote64:   at android.view.View android.view.LayoutInflater.createViewFromTag(android.view.View, java.lang.String, android.content.Context, android.util.AttributeSet) (LayoutInflater.java:730)
10-18 11:28:31.397 30361 30361 I zygote64:   at void android.view.LayoutInflater.rInflate(org.xmlpull.v1.XmlPullParser, android.view.View, android.content.Context, android.util.AttributeSet, boolean) (LayoutInflater.java:863)
10-18 11:28:31.397 30361 30361 I zygote64:   at void android.view.LayoutInflater.rInflateChildren(org.xmlpull.v1.XmlPullParser, android.view.View, android.util.AttributeSet, boolean) (LayoutInflater.java:824)
10-18 11:28:31.397 30361 30361 I zygote64:   at android.view.View android.view.LayoutInflater.inflate(org.xmlpull.v1.XmlPullParser, android.view.ViewGroup, boolean) (LayoutInflater.java:515)
10-18 11:28:31.397 30361 30361 I zygote64:   at android.view.View android.view.LayoutInflater.inflate(int, android.view.ViewGroup, boolean) (LayoutInflater.java:423)
10-18 11:28:31.397 30361 30361 I zygote64:   at android.view.View android.view.LayoutInflater.inflate(int, android.view.ViewGroup) (LayoutInflater.java:374)
10-18 11:28:31.397 30361 30361 I zygote64:   at android.view.ViewGroup android.support.v7.app.AppCompatDelegateImpl.createSubDecor() (AppCompatDelegateImpl.java:607)
10-18 11:28:31.397 30361 30361 I zygote64:   at void android.support.v7.app.AppCompatDelegateImpl.ensureSubDecor() (AppCompatDelegateImpl.java:518)
10-18 11:28:31.397 30361 30361 I zygote64:   at void android.support.v7.app.AppCompatDelegateImpl.setContentView(int) (AppCompatDelegateImpl.java:466)
10-18 11:28:31.397 30361 30361 I zygote64:   at void android.support.v7.app.AppCompatActivity.setContentView(int) (AppCompatActivity.java:140)
10-18 11:28:31.397 30361 30361 I zygote64:   at void com.firebase.example.internal.BaseEntryChoiceActivity.onCreate(android.os.Bundle) (BaseEntryChoiceActivity.java:17)
10-18 11:28:31.397 30361 30361 I zygote64:   at void android.app.Activity.performCreate(android.os.Bundle, android.os.PersistableBundle) (Activity.java:7041)
10-18 11:28:31.397 30361 30361 I zygote64:   at void android.app.Activity.performCreate(android.os.Bundle) (Activity.java:7032)
10-18 11:28:31.397 30361 30361 I zygote64:   at void android.app.Instrumentation.callActivityOnCreate(android.app.Activity, android.os.Bundle) (Instrumentation.java:1231)
10-18 11:28:31.397 30361 30361 I zygote64:   at android.app.Activity android.app.ActivityThread.performLaunchActivity(android.app.ActivityThread$ActivityClientRecord, android.content.Intent) (ActivityThread.java:2864)
10-18 11:28:31.397 30361 30361 I zygote64:   at void android.app.ActivityThread.handleLaunchActivity(android.app.ActivityThread$ActivityClientRecord, android.content.Intent, java.lang.String) (ActivityThread.java:2989)
10-18 11:28:31.397 30361 30361 I zygote64:   at void android.app.ActivityThread.-wrap11(android.app.ActivityThread, android.app.ActivityThread$ActivityClientRecord, android.content.Intent, java.lang.String) (ActivityThread.java:-1)
10-18 11:28:31.397 30361 30361 I zygote64:   at void android.app.ActivityThread$H.handleMessage(android.os.Message) (ActivityThread.java:1688)
10-18 11:28:31.397 30361 30361 I zygote64:   at void android.os.Handler.dispatchMessage(android.os.Message) (Handler.java:106)
10-18 11:28:31.397 30361 30361 I zygote64:   at void android.os.Looper.loop() (Looper.java:164)
10-18 11:28:31.397 30361 30361 I zygote64:   at void android.app.ActivityThread.main(java.lang.String[]) (ActivityThread.java:6753)
10-18 11:28:31.397 30361 30361 I zygote64:   at java.lang.Object java.lang.reflect.Method.invoke(java.lang.Object, java.lang.Object[]) (Method.java:-2)
10-18 11:28:31.397 30361 30361 I zygote64:   at void com.android.internal.os.RuntimeInit$MethodAndArgsCaller.run() (RuntimeInit.java:482)
10-18 11:28:31.397 30361 30361 I zygote64:   at void com.android.internal.os.ZygoteInit.main(java.lang.String[]) (ZygoteInit.java:807)
10-18 11:28:31.397 30361 30361 I zygote64: Caused by: java.lang.ClassNotFoundException: Didn't find class "android.view.View$OnUnhandledKeyEventListener" on path: DexPathList[[zip file "/data/app/com.google.firebase.fiamquickstart-D6es8FmvSotGqlmGsi378g==/base.apk"],nativeLibraryDirectories=[/data/app/com.google.firebase.fiamquickstart-D6es8FmvSotGqlmGsi378g==/lib/arm64, /system/lib64, /vendor/lib64]]
10-18 11:28:31.397 30361 30361 I zygote64:   at java.lang.Class dalvik.system.BaseDexClassLoader.findClass(java.lang.String) (BaseDexClassLoader.java:125)
10-18 11:28:31.397 30361 30361 I zygote64:   at java.lang.Class java.lang.ClassLoader.loadClass(java.lang.String, boolean) (ClassLoader.java:379)
10-18 11:28:31.397 30361 30361 I zygote64:   at java.lang.Class java.lang.ClassLoader.loadClass(java.lang.String) (ClassLoader.java:312)
10-18 11:28:31.397 30361 30361 I zygote64:   at void android.support.v4.view.ViewCompat.setBackground(android.view.View, android.graphics.drawable.Drawable) (ViewCompat.java:2341)
10-18 11:28:31.397 30361 30361 I zygote64:   at void android.support.v7.widget.ActionBarContainer.<init>(android.content.Context, android.util.AttributeSet) (ActionBarContainer.java:62)
10-18 11:28:31.397 30361 30361 I zygote64:   at java.lang.Object java.lang.reflect.Constructor.newInstance0(java.lang.Object[]) (Constructor.java:-2)
10-18 11:28:31.397 30361 30361 I zygote64:   at java.lang.Object java.lang.reflect.Constructor.newInstance(java.lang.Object[]) (Constructor.java:334)
10-18 11:28:31.397 30361 30361 I zygote64:   at android.view.View android.view.LayoutInflater.createView(java.lang.String, java.lang.String, android.util.AttributeSet) (LayoutInflater.java:647)
10-18 11:28:31.397 30361 30361 I zygote64:   at android.view.View android.view.LayoutInflater.createViewFromTag(android.view.View, java.lang.String, android.content.Context, android.util.AttributeSet, boolean) (LayoutInflater.java:790)
10-18 11:28:31.397 30361 30361 I zygote64:   at android.view.View android.view.LayoutInflater.createViewFromTag(android.view.View, java.lang.String, android.content.Context, android.util.AttributeSet) (LayoutInflater.java:730)
10-18 11:28:31.397 30361 30361 I zygote64:   at void android.view.LayoutInflater.rInflate(org.xmlpull.v1.XmlPullParser, android.view.View, android.content.Context, android.util.AttributeSet, boolean) (LayoutInflater.java:863)
10-18 11:28:31.397 30361 30361 I zygote64:   at void android.view.LayoutInflater.rInflateChildren(org.xmlpull.v1.XmlPullParser, android.view.View, android.util.AttributeSet, boolean) (LayoutInflater.java:824)
10-18 11:28:31.397 30361 30361 I zygote64:   at android.view.View android.view.LayoutInflater.inflate(org.xmlpull.v1.XmlPullParser, android.view.ViewGroup, boolean) (LayoutInflater.java:515)
10-18 11:28:31.397 30361 30361 I zygote64:   at android.view.View android.view.LayoutInflater.inflate(int, android.view.ViewGroup, boolean) (LayoutInflater.java:423)
10-18 11:28:31.397 30361 30361 I zygote64:   at android.view.View android.view.LayoutInflater.inflate(int, android.view.ViewGroup) (LayoutInflater.java:374)
10-18 11:28:31.397 30361 30361 I zygote64:   at android.view.ViewGroup android.support.v7.app.AppCompatDelegateImpl.createSubDecor() (AppCompatDelegateImpl.java:607)
10-18 11:28:31.397 30361 30361 I zygote64:   at void android.support.v7.app.AppCompatDelegateImpl.ensureSubDecor() (AppCompatDelegateImpl.java:518)
10-18 11:28:31.397 30361 30361 I zygote64:   at void android.support.v7.app.AppCompatDelegateImpl.setContentView(int) (AppCompatDelegateImpl.java:466)
10-18 11:28:31.397 30361 30361 I zygote64:   at void android.support.v7.app.AppCompatActivity.setContentView(int) (AppCompatActivity.java:140)
10-18 11:28:31.397 30361 30361 I zygote64:   at void com.firebase.example.internal.BaseEntryChoiceActivity.onCreate(android.os.Bundle) (BaseEntryChoiceActivity.java:17)
10-18 11:28:31.397 30361 30361 I zygote64:   at void android.app.Activity.performCreate(android.os.Bundle, android.os.PersistableBundle) (Activity.java:7041)
10-18 11:28:31.397 30361 30361 I zygote64:   at void android.app.Activity.performCreate(android.os.Bundle) (Activity.java:7032)
10-18 11:28:31.397 30361 30361 I zygote64:   at void android.app.Instrumentation.callActivityOnCreate(android.app.Activity, android.os.Bundle) (Instrumentation.java:1231)
10-18 11:28:31.397 30361 30361 I zygote64:   at android.app.Activity android.app.ActivityThread.performLaunchActivity(android.app.ActivityThread$ActivityClientRecord, android.content.Intent) (ActivityThread.java:2864)
10-18 11:28:31.397 30361 30361 I zygote64:   at void android.app.ActivityThread.handleLaunchActivity(android.app.ActivityThread$ActivityClientRecord, android.content.Intent, java.lang.String) (ActivityThread.java:2989)
10-18 11:28:31.397 30361 30361 I zygote64:   at void android.app.ActivityThread.-wrap11(android.app.ActivityThread, android.app.ActivityThread$ActivityClientRecord, android.content.Intent, java.lang.String) (ActivityThread.java:-1)
