10-18 11:21:28.235  2377  4267 W Conscrypt: Could not set socket write timeout: java.net.SocketException: Socket closed
10-18 11:21:28.236  2377  4267 W Conscrypt: 	at com.google.android.gms.org.conscrypt.Platform.setSocketWriteTimeout(:com.google.android.gms@14366019@14.3.66 (040400-213742215):2)
10-18 11:21:28.236  2377  4267 W Conscrypt: 	at com.google.android.gms.org.conscrypt.ConscryptFileDescriptorSocket.setSoWriteTimeout(:com.google.android.gms@14366019@14.3.66 (040400-213742215):2)
10-18 11:21:28.313  2377  4267 W Conscrypt: Could not set socket write timeout: java.net.SocketException: Socket closed
10-18 11:21:28.313  2377  4267 W Conscrypt: 	at com.google.android.gms.org.conscrypt.Platform.setSocketWriteTimeout(:com.google.android.gms@14366019@14.3.66 (040400-213742215):2)
10-18 11:21:28.313  2377  4267 W Conscrypt: 	at com.google.android.gms.org.conscrypt.ConscryptFileDescriptorSocket.setSoWriteTimeout(:com.google.android.gms@14366019@14.3.66 (040400-213742215):2)
10-18 11:21:28.538  2377 29533 I GCoreUlr: Batch Location Update succeeded for account account#16#
10-18 11:21:28.546  2377  5097 E ExecutionCriteria: Package unavailable for task: com.google.android.talk/com.google.android.apps.hangouts.concurrent.impl.GcmTriggeredNotifier{u=0 tag="network_connectivity_wakeup:persisted" trigger=window{start=259111s,end=259112s,earliest=-39621977s,latest=-39621976s} requirements=[NET_CONNECTED] attributes=[PERSISTED] scheduled=-39881088s last_run=N/A jid=N/A status=PENDING retries=0 client_lib=MANCHEGO_GCM-0}
10-18 11:21:38.965   808  2356 V LocSvc_HIDL_IzatProvider: [onLocationChanged][71] [HS] =>>>> [HC]
10-18 11:21:38.965  1315 19107 V LocSvc_HIDL_IzatProvider_jni: [onLocationChanged][136] [HC] <<= [HS]
10-18 11:21:38.966   808  2356 V LocSvc_HIDL_IzatProvider: [onLocationChanged][71] [HS] =>>>> [HC]
10-18 11:21:38.967  1315 19107 V LocSvc_HIDL_IzatProvider_jni: [onLocationChanged][136] [HC] <<= [HS]
10-18 11:21:39.379  1315  1593 V AlarmManager: Triggering alarm #0: 3 when =72147297 package =com.google.android.gms operation =*alarm*:com.google.android.gms/.lockbox.LockboxAlarmReceiver flags =0x0
10-18 11:21:39.466  2377  4129 W arqp    : Empty context buffer. Thus might mean that the context is not synced down.
10-18 11:21:39.467  2377  4129 W armt    : Empty context model while retrieving upload opt-in status!
10-18 11:21:49.697 25617 29620 I DpmTcmClient: RegisterTcmMonitor from: com.android.okhttp.TcmIdleTimerMonitor
10-18 11:21:49.700 25617 29620 I DpmTcmClient: RegisterTcmMonitor from: com.android.okhttp.TcmIdleTimerMonitor
10-18 11:21:55.422 27615 27615 V b       : Invalid Activity context in window interactive check, assuming interactive.
10-18 11:21:55.431 27615 27615 E SensorManager: sensorName:BMI160 Accelerometer,isWakeUpSensor:false,callingApp: com.tinder,callingPid:27615,callingUid:10029
10-18 11:21:55.452 27615 27615 E SensorManager: sensorName:BMI160 Gyroscope,isWakeUpSensor:false,callingApp: com.tinder,callingPid:27615,callingUid:10029
10-18 11:21:55.454   885   907 E Sensors : sns_reg_la.c(188):reg read: offset 2304, num bytes: 1
10-18 11:21:55.473 27615 27615 D IS_UNITY: false
10-18 11:21:55.762   885   907 E Sensors : sns_reg_la.c(297):reg write: offset 1792, num bytes: 24
10-18 11:22:00.001  1315  1593 V AlarmManager: Triggering alarm #0: 3 when =72167919 package =android operation =*alarm*:android.intent.action.TIME_TICK flags =0x1
10-18 11:22:00.043  2152  2409 I ClockCtrl:  schedule next: 59958
10-18 11:22:00.043  2152  2409 I KeyguardUpdateMonitor: onTimeChanged
10-18 11:22:00.044  2152  2152 D KeyguardUpdateMonitor: handleTimeUpdate
10-18 11:22:00.050  2152  2152 I Clock   : onTimeChanged
10-18 11:22:00.051  2152  2152 I DateView: onTimeChanged
10-18 11:22:06.177  4121  8945 D NetworkStateUtils: netWorkState=1
10-18 11:22:14.053 27942 27963 I Finsky  : [530] com.google.android.finsky.bo.ad.run(6): Stats for Executor: BlockingExecutor com.google.android.finsky.bo.ae@2d22b47[Running, pool size = 0, active threads = 0, queued tasks = 0, completed tasks = 6]
10-18 11:22:14.054 27942 27963 I Finsky  : [530] com.google.android.finsky.bo.ad.run(6): Stats for Executor: LightweightExecutor com.google.android.finsky.bo.ae@c963f74[Running, pool size = 4, active threads = 0, queued tasks = 0, completed tasks = 42]
10-18 11:22:14.055 27942 27963 I Finsky  : [530] com.google.android.finsky.bo.ad.run(6): Stats for Executor: bgExecutor com.google.android.finsky.bo.ae@b068c9d[Running, pool size = 4, active threads = 0, queued tasks = 0, completed tasks = 32]
10-18 11:22:15.552 28595 28610 V xiaomi  : [Thread:722] JOB: bind time out. chid=5
10-18 11:22:15.553 28595 28610 V xiaomi  : [Thread:722] update the client 5 status. binding->unbind OPEN ERROR_BIND_TIMEOUT null null
10-18 11:22:15.556 28595 28610 V xiaomi  : [Thread:722] JOB: notify job
10-18 11:22:16.943   932  1064 I ThermalEngine: Monitor : quiet_therm = 30, msm_therm = 30, ufs_therm = -40, battery_therm = 272,current_now = -404000 
10-18 11:22:17.016  2152  2152 D DataSwitchTile: mSimReceiver:onReceive
10-18 11:22:17.023  2152  2684 D DataSwitchTile: virtual sim state change: false to false
10-18 11:22:17.025  2152  2684 D DataSwitchTile: default data phone id=0
10-18 11:22:17.026  2152  2684 D DataSwitchTile: DataSwitchTile:updateSimCount:simState=READY,NOT_READY
10-18 11:22:17.026  2152  2684 D DataSwitchTile: DataSwitchTile:updateSimCount:mSimCount=1
10-18 11:22:17.028  2152  2684 D DataSwitchTile: default data phone id=0
10-18 11:22:17.028  2152  2684 D DataSwitchTile: DataSwitchTile:updateSimCount:simState=READY,NOT_READY
10-18 11:22:17.028  2152  2684 D DataSwitchTile: DataSwitchTile:updateSimCount:mSimCount=1
10-18 11:22:17.030  2152  2684 D DataSwitchTile: default data phone id=0
10-18 11:22:17.030  2152  2684 D DataSwitchTile: DataSwitchTile:updateSimCount:simState=READY,NOT_READY
10-18 11:22:17.030  2152  2684 D DataSwitchTile: DataSwitchTile:updateSimCount:mSimCount=1
10-18 11:22:17.032  2152  2684 D DataSwitchTile: default data phone id=0
10-18 11:22:17.032  2152  2684 D DataSwitchTile: DataSwitchTile:updateSimCount:simState=READY,NOT_READY
10-18 11:22:17.032  2152  2684 D DataSwitchTile: DataSwitchTile:updateSimCount:mSimCount=1
10-18 11:22:17.038  2152  2684 D Tile.ReadModeTile: handleUpdateState:state.value=false
10-18 11:22:17.039  2152  2684 D Tile.ReadModeTile: handleUpdateState:state.value=false
10-18 11:22:17.040  2152  2684 D Tile.HotspotTile: virtual sim state change: false to false
10-18 11:22:38.966   808  2356 V LocSvc_HIDL_IzatProvider: [onLocationChanged][71] [HS] =>>>> [HC]
10-18 11:22:38.966  1315 19107 V LocSvc_HIDL_IzatProvider_jni: [onLocationChanged][136] [HC] <<= [HS]
10-18 11:22:38.967   808  2356 V LocSvc_HIDL_IzatProvider: [onLocationChanged][71] [HS] =>>>> [HC]
10-18 11:22:38.967  1315 19107 V LocSvc_HIDL_IzatProvider_jni: [onLocationChanged][136] [HC] <<= [HS]
10-18 11:22:39.501  1315  1593 V AlarmManager: Triggering alarm #0: 3 when =72207419 package =com.google.android.gms operation =*alarm*:com.google.android.gms/.lockbox.LockboxAlarmReceiver flags =0x0
10-18 11:22:39.576  2377  4129 W arqp    : Empty context buffer. Thus might mean that the context is not synced down.
10-18 11:22:39.576  2377  4129 W armt    : Empty context model while retrieving upload opt-in status!
10-18 11:23:00.001  1315  1593 V AlarmManager: Triggering alarm #0: 3 when =72227919 package =android operation =*alarm*:android.intent.action.TIME_TICK flags =0x1
10-18 11:23:00.061  2152  2409 I ClockCtrl:  schedule next: 59940
10-18 11:23:00.061  2152  2409 I KeyguardUpdateMonitor: onTimeChanged
10-18 11:23:00.061  2152  2152 D KeyguardUpdateMonitor: handleTimeUpdate
10-18 11:23:00.064  2152  2152 I Clock   : onTimeChanged
10-18 11:23:00.065  2152  2152 I DateView: onTimeChanged
10-18 11:23:06.177  4121  8945 D NetworkStateUtils: netWorkState=1
10-18 11:23:14.058 27942 27963 I Finsky  : [530] com.google.android.finsky.bo.ad.run(6): Stats for Executor: BlockingExecutor com.google.android.finsky.bo.ae@2d22b47[Running, pool size = 0, active threads = 0, queued tasks = 0, completed tasks = 6]
10-18 11:23:14.059 27942 27963 I Finsky  : [530] com.google.android.finsky.bo.ad.run(6): Stats for Executor: LightweightExecutor com.google.android.finsky.bo.ae@c963f74[Running, pool size = 4, active threads = 0, queued tasks = 0, completed tasks = 42]
10-18 11:23:14.060 27942 27963 I Finsky  : [530] com.google.android.finsky.bo.ad.run(6): Stats for Executor: bgExecutor com.google.android.finsky.bo.ae@b068c9d[Running, pool size = 4, active threads = 0, queued tasks = 0, completed tasks = 32]
10-18 11:23:16.964   932  1064 I ThermalEngine: Monitor : quiet_therm = 29, msm_therm = 30, ufs_therm = -40, battery_therm = 272,current_now = -387000 
10-18 11:23:34.684  1315  1360 I WifiService: reportActivityInfo uid=1000
10-18 11:23:34.689  4121  4121 D WidgetViewService: ------BatteryReceiver------power=78
10-18 11:23:34.695  2152  2152 D KeyguardIndication: onRefreshBatteryInfo: plugged:true, charged:false, level:78, speed:0, last speed:0, visible:false
10-18 11:23:34.723  1315  1360 E BatteryExternalStatsWorker: no controller energy info supplied for bluetooth
10-18 11:23:34.807  1315 29737 E OHPD    : [BgDetect] AppForkedProc kworker/0:1 pid 29353 uid 0 can't find pkgName
10-18 11:23:35.696  4121  4121 D WidgetViewService: --------updateRemoteViews widgetDataItems={0=WidgetData [type=0, value=2,07, units=GB], 1=WidgetData [type=1, value=21, units=%], 2=WidgetData [type=2, value=78, units=%]},widgets.length:1
10-18 11:23:35.703  3694  3694 D LauncherWidgetHostView: updateAppWidget: com.oneplus.security
10-18 11:23:38.964   808  2356 V LocSvc_HIDL_IzatProvider: [onLocationChanged][71] [HS] =>>>> [HC]
10-18 11:23:38.965  1315 19107 V LocSvc_HIDL_IzatProvider_jni: [onLocationChanged][136] [HC] <<= [HS]
10-18 11:23:38.966   808  2356 V LocSvc_HIDL_IzatProvider: [onLocationChanged][71] [HS] =>>>> [HC]
10-18 11:23:38.966  1315 19107 V LocSvc_HIDL_IzatProvider_jni: [onLocationChanged][136] [HC] <<= [HS]
10-18 11:23:39.604  1315  1593 V AlarmManager: Triggering alarm #0: 3 when =72267522 package =com.google.android.gms operation =*alarm*:com.google.android.gms/.lockbox.LockboxAlarmReceiver flags =0x0
10-18 11:23:39.676  2377  4129 W arqp    : Empty context buffer. Thus might mean that the context is not synced down.
10-18 11:23:39.676  2377  4129 W armt    : Empty context model while retrieving upload opt-in status!
10-18 11:23:52.479   784   784 I vendor.qti.bluetooth@1.0-ibs_handler: SerialClockVote: vote for UART CLK ON
10-18 11:23:52.484   784   784 D vendor.qti.bluetooth@1.0-wake_lock: Acquire wakelock is acquired 
10-18 11:23:52.484   784   784 I vendor.qti.bluetooth@1.0-ibs_handler: DeviceWakeUp: Writing IBS_WAKE_IND
10-18 11:23:52.488   784  6245 I vendor.qti.bluetooth@1.0-ibs_handler: ProcessIbsCmd: Received IBS_WAKE_ACK: 0xFC
10-18 11:23:52.489   784  6245 I vendor.qti.bluetooth@1.0-ibs_handler: ProcessIbsCmd: Received IBS_WAKE_IND: 0xFD
10-18 11:23:52.489   784  6245 I vendor.qti.bluetooth@1.0-ibs_handler: ProcessIbsCmd: Writing IBS_WAKE_ACK
10-18 11:23:52.534   784  6245 I vendor.qti.bluetooth@1.0-ibs_handler: ProcessIbsCmd: Received IBS_SLEEP_IND: 0xFE
10-18 11:23:53.494   784  6250 I vendor.qti.bluetooth@1.0-ibs_handler: DeviceSleep: TX Awake, Sending SLEEP_IND
10-18 11:23:53.495   784  6250 I vendor.qti.bluetooth@1.0-ibs_handler: SerialClockVote: vote for UART CLK OFF
10-18 11:23:53.646   784  6134 E vendor.qti.bluetooth@1.0-wake_lock: Release wakelock is released 
10-18 11:24:00.000  1315  1593 V AlarmManager: Triggering alarm #0: 3 when =72287919 package =android operation =*alarm*:android.intent.action.TIME_TICK flags =0x1
10-18 11:24:00.061  2152  2409 I ClockCtrl:  schedule next: 59939
10-18 11:24:00.061  2152  2409 I KeyguardUpdateMonitor: onTimeChanged
10-18 11:24:00.061  2152  2152 D KeyguardUpdateMonitor: handleTimeUpdate
10-18 11:24:00.069  2152  2152 I Clock   : onTimeChanged
10-18 11:24:00.071  2152  2152 I DateView: onTimeChanged
10-18 11:24:05.304  1315  1356 E OHPD    : [BgDetect] AppForkedProc kworker/u16:9 pid 29596 uid 0 can't find pkgName
10-18 11:24:05.304  1315  1356 E OHPD    : [BgDetect] AppForkedProc kworker/u16:10 pid 29597 uid 0 can't find pkgName
10-18 11:24:05.309  1315  1356 D RestartProcessManager: Start to rank all packages
10-18 11:24:05.310  1315  1356 D RestartProcessManager: updateSelf :  com.revolut.revolut, size : 30
10-18 11:24:05.310  1315  1356 D RestartProcessManager: updateSelf :  com.ubercab, size : 30
10-18 11:24:05.310  1315  1356 D RestartProcessManager: updateSelf :  com.google.android.apps.tasks, size : 30
10-18 11:24:05.310  1315  1356 D RestartProcessManager: updateSelf :  com.llollo.customer.debug, size : 30
10-18 11:24:05.310  1315  1356 D RestartProcessManager: updateSelf :  com.amazon.kindle, size : 30
10-18 11:24:05.310  1315  1356 D RestartProcessManager: updateSelf :  com.justeat.app.es, size : 30
10-18 11:24:05.310  1315  1356 D RestartProcessManager: updateSelf :  com.ideashower.readitlater.pro, size : 30
10-18 11:24:05.310  1315  1356 D RestartProcessManager: updateSelf :  com.banananadco.blackjack, size : 30
10-18 11:24:05.310  1315  1356 D RestartProcessManager: updateSelf :  com.llollo.bipivalet, size : 30
10-18 11:24:05.310  1315  1356 D RestartProcessManager: updateSelf :  com.google.android.apps.books, size : 30
10-18 11:24:05.310  1315  1356 D RestartProcessManager: updateSelf :  com.google.android.apps.walletnfcrel, size : 30
10-18 11:24:05.310  1315  1356 D RestartProcessManager: updateSelf :  com.android.contacts, size : 30
10-18 11:24:05.310  1315  1356 D RestartProcessManager: updateSelf :  com.llollo.bipivalet.debug, size : 30
10-18 11:24:05.310  1315  1356 D RestartProcessManager: updateSelf :  com.chollometro, size : 30
10-18 11:24:05.310  1315  1356 D RestartProcessManager: updateSelf :  com.twitter.android, size : 30
10-18 11:24:05.310  1315  1356 D RestartProcessManager: updateSelf :  com.wallapop, size : 30
10-18 11:24:05.310  1315  1356 D RestartProcessManager: updateSelf :  com.zen.zbike, size : 30
10-18 11:24:05.310  1315  1356 D RestartProcessManager: updateSelf :  com.google.android.apps.photos, size : 30
10-18 11:24:05.310  1315  1356 D RestartProcessManager: updateSelf :  com.android.documentsui, size : 30
10-18 11:24:05.310  1315  1356 D RestartProcessManager: updateSelf :  com.llollo.bipi, size : 30
10-18 11:24:05.310  1315  1356 D RestartProcessManager: updateSelf :  com.paypal.android.p2pmobile, size : 30
10-18 11:24:05.310  1315  1356 D RestartProcessManager: updateSelf :  com.guillefix.loscanteros, size : 30
10-18 11:24:05.310  1315  1356 D RestartProcessManager: updateSelf :  com.google.android.apps.maps, size : 30
10-18 11:24:05.310  1315  1356 D RestartProcessManager: updateSelf :  com.google.android.apps.tachyon, size : 30
10-18 11:24:05.310  1315  1356 D RestartProcessManager: updateSelf :  com.bbva.bbvawallet, size : 30
10-18 11:24:05.310  1315  1356 D RestartProcessManager: updateSelf :  net.oneplus.weather, size : 30
10-18 11:24:05.310  1315  1356 D RestartProcessManager: updateSelf :  com.google.android.apps.messaging, size : 30
10-18 11:24:05.310  1315  1356 D RestartProcessManager: updateSelf :  com.google.android.googlequicksearchbox, size : 30
10-18 11:24:05.310  1315  1356 D RestartProcessManager: updateSelf :  com.Splitwise.SplitwiseMobile, size : 30
10-18 11:24:05.310  1315  1356 D RestartProcessManager: updateSelf :  com.pushbullet.android, size : 30
10-18 11:24:05.310  1315  1356 D RestartProcessManager: updateSelf :  com.google.android.play.games, size : 30
10-18 11:24:05.310  1315  1356 D RestartProcessManager: updateSelf :  com.lafourchette.lafourchette, size : 30
10-18 11:24:05.310  1315  1356 D RestartProcessManager: updateSelf :  je.fit, size : 30
10-18 11:24:05.310  1315  1356 D RestartProcessManager: updateSelf :  org.telegram.messenger, size : 30
10-18 11:24:05.310  1315  1356 D RestartProcessManager: updateSelf :  com.mobime.ecooltra, size : 30
10-18 11:24:05.310  1315  1356 D RestartProcessManager: updateSelf :  com.facebook.mlite, size : 30
10-18 11:24:05.311  1315  1356 D RestartProcessManager: updateSelf :  com.facebook.katana, size : 30
10-18 11:24:05.311  1315  1356 D RestartProcessManager: updateSelf :  com.bbva.bbvacontigo, size : 30
10-18 11:24:05.311  1315  1356 D RestartProcessManager: updateSelf :  com.waze, size : 30
10-18 11:24:05.311  1315  1356 D RestartProcessManager: updateSelf :  com.google.android.apps.playconsole, size : 30
10-18 11:24:05.311  1315  1356 D RestartProcessManager: updateSelf :  net.oneplus.forums, size : 30
10-18 11:24:05.311  1315  1356 D RestartProcessManager: updateSelf :  tursky.jan.settings, size : 30
10-18 11:24:05.311  1315  1356 D RestartProcessManager: updateSelf :  com.android.mms, size : 30
10-18 11:24:05.311  1315  1356 D RestartProcessManager: updateSelf :  com.android.settings, size : 30
10-18 11:24:05.311  1315  1356 D RestartProcessManager: updateSelf :  com.oneplus.note, size : 30
10-18 11:24:05.311  1315  1356 D RestartProcessManager: updateSelf :  com.blizzard.bma, size : 30
10-18 11:24:05.311  1315  1356 D RestartProcessManager: updateSelf :  com.oneplus.soundrecorder, size : 30
10-18 11:24:05.311  1315  1356 D RestartProcessManager: updateSelf :  com.nibbleapps.fitmencook, size : 30
10-18 11:24:05.311  1315  1356 D RestartProcessManager: updateSelf :  com.playtomic, size : 30
10-18 11:24:05.311  1315  1356 D RestartProcessManager: updateSelf :  com.xiaomi.hm.health, size : 30
10-18 11:24:05.311  1315  1356 D RestartProcessManager: updateSelf :  com.instagram.android, size : 30
10-18 11:24:05.311  1315  1356 D RestartProcessManager: updateSelf :  com.android.dialer, size : 30
10-18 11:24:05.311  1315  1356 D RestartProcessManager: updateSelf :  com.fintonic, size : 30
10-18 11:24:05.311  1315  1356 D RestartProcessManager: updateSelf :  com.oneplus.camera, size : 30
10-18 11:24:05.311  1315  1356 D RestartProcessManager: updateSelf :  com.limebike, size : 30
10-18 11:24:05.311  1315  1356 D RestartProcessManager: updateSelf :  com.cabify.rider, size : 30
10-18 11:24:05.311  1315  1356 D RestartProcessManager: updateSelf :  com.Slack, size : 30
10-18 11:24:05.311  1315  1356 D RestartProcessManager: updateSelf :  com.joincoup.app, size : 30
10-18 11:24:05.311  1315  1356 D RestartProcessManager: updateSelf :  com.renfe.wsm, size : 30
10-18 11:24:05.311  1315  1356 D RestartProcessManager: updateSelf :  com.llollo.valet, size : 30
10-18 11:24:05.311  1315  1356 D RestartProcessManager: updateSelf :  com.android.vending, size : 30
10-18 11:24:05.311  1315  1356 D RestartProcessManager: updateSelf :  com.deliveroo.orderapp, size : 30
10-18 11:24:05.311  1315  1356 D RestartProcessManager: updateSelf :  es.eltiempo.weatherapp, size : 30
10-18 11:24:05.311  1315  1356 D RestartProcessManager: updateSelf :  com.llollo.customer, size : 30
10-18 11:24:05.311  1315  1356 D RestartProcessManager: updateSelf :  com.android.chrome, size : 30
10-18 11:24:05.311  1315  1356 D RestartProcessManager: updateSelf :  com.tribab.tricount.android, size : 30
10-18 11:24:05.311  1315  1356 D RestartProcessManager: updateSelf :  com.google.android.diskusage, size : 30
10-18 11:24:05.311  1315  1356 D RestartProcessManager: updateSelf :  com.ubercab.eats, size : 30
10-18 11:24:05.311  1315  1356 D RestartProcessManager: updateSelf :  com.google.android.apps.docs, size : 30
10-18 11:24:05.311  1315  1356 D RestartProcessManager: updateSelf :  com.google.android.apps.chromecast.app, size : 30
10-18 11:24:05.311  1315  1356 D RestartProcessManager: updateSelf :  com.google.android.youtube, size : 30
10-18 11:24:05.311  1315  1356 D RestartProcessManager: updateSelf :  ch.bitspin.timely, size : 30
10-18 11:24:05.311  1315  1356 D RestartProcessManager: updateSelf :  com.supercell.clashroyale, size : 30
10-18 11:24:05.311  1315  1356 D RestartProcessManager: updateSelf :  com.netflix.mediaclient, size : 30
10-18 11:24:05.311  1315  1356 D RestartProcessManager: updateSelf :  com.storybeat, size : 30
10-18 11:24:05.311  1315  1356 D RestartProcessManager: updateSelf :  es.bancopopular.nbmpopular, size : 30
10-18 11:24:05.311  1315  1356 D RestartProcessManager: updateSelf :  com.epicgames.fortnite, size : 30
10-18 11:24:05.311  1315  1356 D RestartProcessManager: updateSelf :  ch.publisheria.bring, size : 30
10-18 11:24:05.311  1315  1356 D RestartProcessManager: updateSelf :  com.spotify.music, size : 30
10-18 11:24:05.311  1315  1356 D RestartProcessManager: updateSelf :  com.idealista.android, size : 30
10-18 11:24:05.311  1315  1356 D RestartProcessManager: updateSelf :  com.spanishcoders.pepephone, size : 30
10-18 11:24:05.311  1315  1356 D RestartProcessManager: updateSelf :  com.glovo, size : 30
10-18 11:24:05.311  1315  1356 D RestartProcessManager: updateSelf :  com.backdrops.wallpapers, size : 30
10-18 11:24:05.311  1315  1356 D RestartProcessManager: updateSelf :  com.google.android.videos, size : 30
10-18 11:24:05.311  1315  1356 D RestartProcessManager: updateSelf :  com.google.firebase.fiamquickstart, size : 30
10-18 11:24:05.311  1315  1356 D RestartProcessManager: updateSelf :  com.selae.misLoterias.movil, size : 30
10-18 11:24:05.311  1315  1356 D RestartProcessManager: updateSelf :  com.oneplus.deskclock, size : 30
10-18 11:24:05.311  1315  1356 D RestartProcessManager: updateSelf :  com.tinder, size : 30
10-18 11:24:05.311  1315  1356 D RestartProcessManager: updateSelf :  com.whatsapp, size : 30
10-18 11:24:05.311  1315  1356 D RestartProcessManager: updateSelf :  com.oneplus.filemanager, size : 30
10-18 11:24:05.311  1315  1356 D RestartProcessManager: updateSelf :  tv.twitch.android.app, size : 30
10-18 11:24:05.311  1315  1356 D RestartProcessManager: updateSelf :  com.oneplus.gallery, size : 30
10-18 11:24:05.311  1315  1356 D RestartProcessManager: updateSelf :  com.llollo.valet.debug, size : 30
10-18 11:24:05.311  1315  1356 D RestartProcessManager: updateSelf :  com.oneplus.calculator, size : 30
10-18 11:24:05.311  1315  1356 D RestartProcessManager: updateSelf :  com.proyecto.mygofit, size : 30
10-18 11:24:05.311  1315  1356 D RestartProcessManager: updateSelf :  com.amazon.mShop.android.shopping, size : 30
10-18 11:24:05.311  1315  1356 D RestartProcessManager: updateSelf :  com.appsisle.developerassistant, size : 30
10-18 11:24:05.311  1315  1356 D RestartProcessManager: updateSelf :  com.llollo.bipi.debug, size : 30
10-18 11:24:05.311  1315  1356 D RestartProcessManager: updateSelf :  com.google.android.gm, size : 30
10-18 11:24:05.311  1315  1356 D RestartProcessManager: updateSelf :  com.petraapps.gymmentor.pro, size : 30
10-18 11:24:05.311  1315  1356 D RestartProcessManager: updateSelf :  com.google.android.music, size : 30
10-18 11:24:05.311  1315  1356 D RestartProcessManager: updateSelf :  com.google.android.calendar, size : 30
10-18 11:24:05.313  1315  1356 D RestartProcessManager: Max day duration : 2839057
10-18 11:24:05.313  1315  1356 D RestartProcessManager: com.facebook.katana got score 0.1233155938750085 in DayDuration for duration : 3501
10-18 11:24:05.313  1315  1356 D RestartProcessManager: com.twitter.android got score 0.20186280162744177 in DayDuration for duration : 5731
10-18 11:24:05.313  1315  1356 D RestartProcessManager: com.android.settings got score 0.6239043457035205 in DayDuration for duration : 17713
10-18 11:24:05.313  1315  1356 D RestartProcessManager: com.google.android.googlequicksearchbox got score 2.6778962169480924 in DayDuration for duration : 76027
10-18 11:24:05.313  1315  1356 D RestartProcessManager: com.spotify.music got score 3.2283959075143613 in DayDuration for duration : 91656
10-18 11:24:05.313  1315  1356 D RestartProcessManager: com.instagram.android got score 7.266462068214903 in DayDuration for duration : 206299
10-18 11:24:05.313  1315  1356 D RestartProcessManager: com.whatsapp got score 7.292174831290812 in DayDuration for duration : 207029
10-18 11:24:05.313  1315  1356 D RestartProcessManager: com.tinder got score 15.821978917647655 in DayDuration for duration : 449195
10-18 11:24:05.313  1315  1356 D RestartProcessManager: com.llollo.bipi.debug got score 100.0 in DayDuration for duration : 2839057
10-18 11:24:05.313  1315  1356 D RestartProcessManager: Max LRU Diff : 33552033
10-18 11:24:05.313  1315  1356 D RestartProcessManager: com.tinder got score 67.8939276198256 in DayLRU for LRU diff : 22779793
10-18 11:24:05.313  1315  1356 D RestartProcessManager: com.google.android.googlequicksearchbox got score 73.24866722681156 in DayLRU for LRU diff : 24576417
10-18 11:24:05.313  1315  1356 D RestartProcessManager: com.android.settings got score 77.18621402166599 in DayLRU for LRU diff : 25897544
10-18 11:24:05.314  1315  1356 D RestartProcessManager: com.spotify.music got score 77.1893226261431 in DayLRU for LRU diff : 25898587
10-18 11:24:05.314  1315  1356 D RestartProcessManager: com.twitter.android got score 79.56991160565443 in DayLRU for LRU diff : 26697323
10-18 11:24:05.314  1315  1356 D RestartProcessManager: com.facebook.katana got score 89.8345772370932 in DayLRU for LRU diff : 30141327
10-18 11:24:05.314  1315  1356 D RestartProcessManager: com.llollo.bipi.debug got score 94.71632613141506 in DayLRU for LRU diff : 31779253
10-18 11:24:05.314  1315  1356 D RestartProcessManager: com.whatsapp got score 97.19583013047227 in DayLRU for LRU diff : 32611177
10-18 11:24:05.314  1315  1356 D RestartProcessManager: com.instagram.android got score 97.27921404941394 in DayLRU for LRU diff : 32639154
10-18 11:24:05.314  1315  1356 D RestartProcessManager: com.google.firebase.fiamquickstart got score 100.0 in DayLRU for LRU diff : 33552033
10-18 11:24:05.314  1315  1356 D RestartProcessManager: Max launch times : 63
10-18 11:24:05.314  1315  1356 D RestartProcessManager: com.google.android.googlequicksearchbox got score 1.5873015873015872 in DayLaunchTimes for launch times : 1
10-18 11:24:05.314  1315  1356 D RestartProcessManager: com.android.settings got score 1.5873015873015872 in DayLaunchTimes for launch times : 1
10-18 11:24:05.314  1315  1356 D RestartProcessManager: com.twitter.android got score 1.5873015873015872 in DayLaunchTimes for launch times : 1
10-18 11:24:05.314  1315  1356 D RestartProcessManager: com.facebook.katana got score 1.5873015873015872 in DayLaunchTimes for launch times : 1
10-18 11:24:05.314  1315  1356 D RestartProcessManager: com.tinder got score 3.1746031746031744 in DayLaunchTimes for launch times : 2
10-18 11:24:05.314  1315  1356 D RestartProcessManager: com.spotify.music got score 3.1746031746031744 in DayLaunchTimes for launch times : 2
10-18 11:24:05.314  1315  1356 D RestartProcessManager: com.google.firebase.fiamquickstart got score 6.349206349206349 in DayLaunchTimes for launch times : 4
10-18 11:24:05.314  1315  1356 D RestartProcessManager: com.instagram.android got score 12.698412698412698 in DayLaunchTimes for launch times : 8
10-18 11:24:05.314  1315  1356 D RestartProcessManager: com.whatsapp got score 15.873015873015872 in DayLaunchTimes for launch times : 10
10-18 11:24:05.314  1315  1356 D RestartProcessManager: com.llollo.bipi.debug got score 100.0 in DayLaunchTimes for launch times : 63
10-18 11:24:05.315  1315  1356 D RestartProcessManager: maxScoreX : 39516.44034989488, maxScoreY : 25397.95282748903, maxScoreZ : 46009.89108507859
10-18 11:24:05.315  1315  1356 D RestartProcessManager: minScoreX : 0.0, minScoreY : 0.0, minScoreZ : 0.0
10-18 11:24:05.315  1315  1356 D RestartProcessManager: Point X : 0.0, Y : 0.0, Z : 0.0
10-18 11:24:05.315  1315  1356 D RestartProcessManager: Point X : 9879.11008747372, Y : 6349.488206872257, Z : 11502.472771269648
10-18 11:24:05.315  1315  1356 D RestartProcessManager: Point X : 19758.22017494744, Y : 12698.976413744515, Z : 23004.945542539295
10-18 11:24:05.315  1315  1356 D RestartProcessManager: Point X : 29637.33026242116, Y : 19048.46462061677, Z : 34507.41831380894
10-18 11:24:05.315  1315  1356 D RestartProcessManager: Point X : 39516.44034989488, Y : 25397.95282748903, Z : 46009.89108507859
10-18 11:24:05.315  1315  1356 D RestartProcessManager: Point X : 201.54267418182928, Y : 175.2533738135344, Z : 2065.4075071692746
10-18 11:24:05.315  1315  1356 D RestartProcessManager: Point X : 1376.7216191518705, Y : 926.7725339936001, Z : 18282.9830647237
10-18 11:24:05.315  1315  1356 D RestartProcessManager: Point X : 4406.500187333882, Y : 5901.391823912347, Z : 33564.56971208496
10-18 11:24:05.315  1315  1356 D RestartProcessManager: Point X : 15565.484709080629, Y : 23673.982830317676, Z : 44704.958621824844
10-18 11:24:05.315  1315  1356 D RestartProcessManager: Point X : 39516.44034989488, Y : 25397.95282748903, Z : 46009.89108507859
10-18 11:24:05.315  1315  1356 D RestartProcessManager: Iteration: 1
10-18 11:24:05.315  1315  1356 D RestartProcessManager: Centroid distances: 52052.029982659704
10-18 11:24:05.315  1315  1356 D RestartProcessManager: Point X : 201.54267418182928, Y : 175.2533738135344, Z : 2065.4075071692746
10-18 11:24:05.315  1315  1356 D RestartProcessManager: Point X : 1334.7081555576397, Y : 926.8166801091936, Z : 17739.64530623451
10-18 11:24:05.315  1315  1356 D RestartProcessManager: Point X : 3934.9875571990187, Y : 4906.326698358698, Z : 32246.933209778123
10-18 11:24:05.316  1315  1356 D RestartProcessManager: Point X : 15565.484709080629, Y : 23673.982830317676, Z : 44704.958621824844
10-18 11:24:05.316  1315  1356 D RestartProcessManager: Point X : 39516.44034989488, Y : 25397.95282748903, Z : 46009.89108507859
10-18 11:24:05.316  1315  1356 D RestartProcessManager: Iteration: 2
10-18 11:24:05.316  1315  1356 D RestartProcessManager: Centroid distances: 2262.121500221801
10-18 11:24:05.316  1315  1356 D RestartProcessManager: Point X : 191.96693878091187, Y : 160.8414806735445, Z : 1857.8621750158004
10-18 11:24:05.316  1315  1356 D RestartProcessManager: Point X : 1249.7637479531406, Y : 904.9605222862992, Z : 16885.89613832823
10-18 11:24:05.316  1315  1356 D RestartProcessManager: Point X : 3934.9875571990187, Y : 4906.326698358698, Z : 32246.933209778123
10-18 11:24:05.316  1315  1356 D RestartProcessManager: Point X : 15565.484709080629, Y : 23673.982830317676, Z : 44704.958621824844
10-18 11:24:05.316  1315  1356 D RestartProcessManager: Point X : 39516.44034989488, Y : 25397.95282748903, Z : 46009.89108507859
10-18 11:24:05.316  1315  1356 D RestartProcessManager: Iteration: 3
10-18 11:24:05.316  1315  1356 D RestartProcessManager: Centroid distances: 1066.5082710412148
10-18 11:24:05.316  1315  1356 D RestartProcessManager: Point X : 191.96693878091187, Y : 160.8414806735445, Z : 1857.8621750158004
10-18 11:24:05.316  1315  1356 D RestartProcessManager: Point X : 1249.7637479531406, Y : 904.9605222862992, Z : 16885.89613832823
10-18 11:24:05.316  1315  1356 D RestartProcessManager: Point X : 3934.9875571990187, Y : 4906.326698358698, Z : 32246.933209778123
10-18 11:24:05.316  1315  1356 D RestartProcessManager: Point X : 15565.484709080629, Y : 23673.982830317676, Z : 44704.958621824844
10-18 11:24:05.316  1315  1356 D RestartProcessManager: Point X : 39516.44034989488, Y : 25397.95282748903, Z : 46009.89108507859
10-18 11:24:05.316  1315  1356 D RestartProcessManager: Iteration: 4
10-18 11:24:05.316  1315  1356 D RestartProcessManager: Centroid distances: 0.0
10-18 11:24:05.316  1315  1356 D RestartProcessManager: Finish all packages
10-18 11:24:05.316  1315  1356 D RestartProcessManager: Total packages : 102
10-18 11:24:05.316  1315  1356 D RestartProcessManager: -----------------------------------------------------------------------
10-18 11:24:05.316  1315  1356 D RestartProcessManager: Cluster 0
10-18 11:24:05.316  1315  1356 D RestartProcessManager: Point X : 191.96693878091187, Y : 160.8414806735445, Z : 1857.8621750158004
10-18 11:24:05.316  1315  1356 D RestartProcessManager: Distance from 0 : 1874.666143302485
10-18 11:24:05.316  1315  1356 D RestartProcessManager: All data : 
10-18 11:24:05.316  1315  1356 D RestartProcessManager: com.ubercab : X : 162.65885335568396, Y : 61.24994733478678, Z : 3141.0818510627473
10-18 11:24:05.316  1315  1356 D RestartProcessManager: com.google.android.apps.tasks : X : 72.66305758970668, Y : 12.37405971943359, Z : 3150.169753473315
10-18 11:24:05.316  1315  1356 D RestartProcessManager: com.llollo.customer.debug : X : 0.0, Y : 0.0, Z : 0.0
10-18 11:24:05.316  1315  1356 D RestartProcessManager: com.amazon.kindle : X : 0.0, Y : 0.0, Z : 0.0
10-18 11:24:05.317  1315  1356 D RestartProcessManager: com.justeat.app.es : X : 225.75496888511512, Y : 121.52946271787815, Z : 4103.837020801221
10-18 11:24:05.317  1315  1356 D RestartProcessManager: com.ideashower.readitlater.pro : X : 118.18181818181819, Y : 2.6772423167063653, Z : 2164.0000953061526
10-18 11:24:05.317  1315  1356 D RestartProcessManager: com.banananadco.blackjack : X : 0.0, Y : 0.0, Z : 0.0
10-18 11:24:05.317  1315  1356 D RestartProcessManager: com.llollo.bipivalet : X : 462.14638381506205, Y : 2594.18553062415, Z : 3522.324810935743
10-18 11:24:05.317  1315  1356 D RestartProcessManager: com.google.android.apps.books : X : 0.0, Y : 0.0, Z : 0.0
10-18 11:24:05.317  1315  1356 D RestartProcessManager: com.google.android.apps.walletnfcrel : X : 109.87888612985839, Y : 8.188457371780657, Z : 5727.2783239891505
10-18 11:24:05.317  1315  1356 D RestartProcessManager: com.android.contacts : X : 425.57933306959114, Y : 63.84149511402007, Z : 6642.967020013755
10-18 11:24:05.317  1315  1356 D RestartProcessManager: com.llollo.bipivalet.debug : X : 1536.1526020352785, Y : 2302.594487448372, Z : 4233.603773551798
10-18 11:24:05.317  1315  1356 D RestartProcessManager: com.wallapop : X : 38.5899814471243, Y : 169.36864969911053, Z : 1007.1062790301478
10-18 11:24:05.317  1315  1356 D RestartProcessManager: com.zen.zbike : X : 128.64114114114113, Y : 108.53307863169253, Z : 3147.1896878203806
10-18 11:24:05.317  1315  1356 D RestartProcessManager: com.android.documentsui : X : 73.48484848484848, Y : 17.42837559804711, Z : 1024.662178653968
10-18 11:24:05.317  1315  1356 D RestartProcessManager: com.llollo.bipi : X : 255.8823529411765, Y : 265.4946872248914, Z : 1493.045619790094
10-18 11:24:05.317  1315  1356 D RestartProcessManager: com.paypal.android.p2pmobile : X : 145.36961284548278, Y : 62.10042524631346, Z : 4506.958870475501
10-18 11:24:05.317  1315  1356 D RestartProcessManager: com.guillefix.loscanteros : X : 0.0, Y : 0.0, Z : 0.0
10-18 11:24:05.317  1315  1356 D RestartProcessManager: com.google.android.apps.tachyon : X : 0.0, Y : 0.0, Z : 0.0
10-18 11:24:05.317  1315  1356 D RestartProcessManager: net.oneplus.weather : X : 0.0, Y : 0.0, Z : 0.0
10-18 11:24:05.317  1315  1356 D RestartProcessManager: com.google.android.apps.messaging : X : 1.7857142857142856, Y : 0.3668717535403664, Z : 46.842102986088854
10-18 11:24:05.317  1315  1356 D RestartProcessManager: com.Splitwise.SplitwiseMobile : X : 392.92065663474693, Y : 68.29926325925499, Z : 1913.4597660701593
10-18 11:24:05.317  1315  1356 D RestartProcessManager: com.pushbullet.android : X : 0.0, Y : 0.0, Z : 0.0
10-18 11:24:05.317  1315  1356 D RestartProcessManager: com.google.android.play.games : X : 0.0, Y : 0.0, Z : 0.0
10-18 11:24:05.317  1315  1356 D RestartProcessManager: com.lafourchette.lafourchette : X : 136.36363636363637, Y : 19.75762475585526, Z : 2438.541332229195
10-18 11:24:05.317  1315  1356 D RestartProcessManager: com.mobime.ecooltra : X : 28.44374643061108, Y : 9.703566867716175, Z : 999.6281405078557
10-18 11:24:05.317  1315  1356 D RestartProcessManager: com.facebook.mlite : X : 100.75075075075074, Y : 22.203344190452803, Z : 2169.1108326034728
10-18 11:24:05.317  1315  1356 D RestartProcessManager: com.facebook.katana : X : 254.83469131024455, Y : 53.55053853247847, Z : 8626.332628140024
10-18 11:24:05.317  1315  1356 D RestartProcessManager: com.waze : X : 0.0, Y : 0.0, Z : 0.0
10-18 11:24:05.317  1315  1356 D RestartProcessManager: com.google.android.apps.playconsole : X : 91.28424657534246, Y : 21.90694635165037, Z : 3065.432872819739
10-18 11:24:05.317  1315  1356 D RestartProcessManager: net.oneplus.forums : X : 0.0, Y : 0.0, Z : 0.0
10-18 11:24:05.317  1315  1356 D RestartProcessManager: tursky.jan.settings : X : 0.0, Y : 0.0, Z : 0.0
10-18 11:24:05.317  1315  1356 D RestartProcessManager: com.android.mms : X : 0.0, Y : 0.0, Z : 0.0
10-18 11:24:05.317  1315  1356 D RestartProcessManager: com.oneplus.note : X : 15.384615384615383, Y : 21.722375352012527, Z : 151.71479279905972
10-18 11:24:05.317  1315  1356 D RestartProcessManager: com.blizzard.bma : X : 0.0, Y : 0.0, Z : 0.0
10-18 11:24:05.317  1315  1356 D RestartProcessManager: com.oneplus.soundrecorder : X : 0.0, Y : 0.0, Z : 0.0
10-18 11:24:05.317  1315  1356 D RestartProcessManager: com.nibbleapps.fitmencook : X : 0.0, Y : 0.0, Z : 0.0
10-18 11:24:05.317  1315  1356 D RestartProcessManager: com.playtomic : X : 0.0, Y : 0.0, Z : 0.0
10-18 11:24:05.317  1315  1356 D RestartProcessManager: com.limebike : X : 397.5857192084515, Y : 262.55223062704675, Z : 4428.851284640918
10-18 11:24:05.317  1315  1356 D RestartProcessManager: com.cabify.rider : X : 60.8206535041201, Y : 39.718008805906976, Z : 1837.964997288479
10-18 11:24:05.317  1315  1356 D RestartProcessManager: com.joincoup.app : X : 86.30136986301369, Y : 8.83540583454574, Z : 2034.1410097547869
10-18 11:24:05.317  1315  1356 D RestartProcessManager: com.renfe.wsm : X : 619.1425669042476, Y : 326.68842662487367, Z : 6747.963732514771
10-18 11:24:05.317  1315  1356 D RestartProcessManager: com.llollo.valet : X : 0.0, Y : 0.0, Z : 0.0
10-18 11:24:05.317  1315  1356 D RestartProcessManager: com.deliveroo.orderapp : X : 22.78481012658228, Y : 34.043404035496984, Z : 1687.1338343824007
10-18 11:24:05.317  1315  1356 D RestartProcessManager: es.eltiempo.weatherapp : X : 128.00431711145998, Y : 27.637499315063987, Z : 3658.77640006246
10-18 11:24:05.317  1315  1356 D RestartProcessManager: com.llollo.customer : X : 0.0, Y : 0.0, Z : 0.0
10-18 11:24:05.317  1315  1356 D RestartProcessManager: com.tribab.tricount.android : X : 123.2689812902952, Y : 75.71748941411828, Z : 3684.5278087152183
10-18 11:24:05.317  1315  1356 D RestartProcessManager: com.google.android.diskusage : X : 0.0, Y : 0.0, Z : 0.0
10-18 11:24:05.317  1315  1356 D RestartProcessManager: com.ubercab.eats : X : 208.79715941525487, Y : 80.18139671663758, Z : 5053.594212405982
10-18 11:24:05.317  1315  1356 D RestartProcessManager: com.google.android.apps.docs : X : 54.80263157894737, Y : 0.6226215466423344, Z : 2248.7396679081457
10-18 11:24:05.317  1315  1356 D RestartProcessManager: com.google.android.apps.chromecast.app : X : 177.96610169491527, Y : 58.723073495305904, Z : 1049.7142646232385
10-18 11:24:05.317  1315  1356 D RestartProcessManager: ch.bitspin.timely : X : 0.0, Y : 0.0, Z : 0.0
10-18 11:24:05.317  1315  1356 D RestartProcessManager: com.supercell.clashroyale : X : 37.93103448275862, Y : 2.7530365191599264, Z : 1002.30068687418
10-18 11:24:05.317  1315  1356 D RestartProcessManager: com.netflix.mediaclient : X : 22.972972972972972, Y : 2.241883388031437, Z : 823.6344007217826
10-18 11:24:05.317  1315  1356 D RestartProcessManager: com.storybeat : X : 11.111111111111112, Y : 1.072255144760894, Z : 870.4134196056486
10-18 11:24:05.317  1315  1356 D RestartProcessManager: es.bancopopular.nbmpopular : X : 0.0, Y : 0.0, Z : 0.0
10-18 11:24:05.317  1315  1356 D RestartProcessManager: com.epicgames.fortnite : X : 19.444444444444443, Y : 0.5508714792238, Z : 1099.6908999839593
10-18 11:24:05.317  1315  1356 D RestartProcessManager: ch.publisheria.bring : X : 193.70790916789548, Y : 54.002111251540626, Z : 4848.843363871463
10-18 11:24:05.317  1315  1356 D RestartProcessManager: com.idealista.android : X : 0.0, Y : 0.0, Z : 0.0
10-18 11:24:05.317  1315  1356 D RestartProcessManager: com.spanishcoders.pepephone : X : 38.46153846153847, Y : 56.061903223191614, Z : 1483.5819090072682
10-18 11:24:05.317  1315  1356 D RestartProcessManager: com.glovo : X : 527.560414269275, Y : 1028.8470551199237, Z : 3908.4268735110886
10-18 11:24:05.317  1315  1356 D RestartProcessManager: com.backdrops.wallpapers : X : 158.83777239709443, Y : 11.47249265179071, Z : 792.9588289490146
10-18 11:24:05.317  1315  1356 D RestartProcessManager: com.google.android.videos : X : 0.0, Y : 0.0, Z : 0.0
10-18 11:24:05.318  1315  1356 D RestartProcessManager: com.google.firebase.fiamquickstart : X : 190.47619047619045, Y : 0.0, Z : 3000.0
10-18 11:24:05.318  1315  1356 D RestartProcessManager: com.selae.misLoterias.movil : X : 420.16312668449535, Y : 428.2067262930767, Z : 4165.870108829945
10-18 11:24:05.318  1315  1356 D RestartProcessManager: com.oneplus.filemanager : X : 0.0, Y : 0.0, Z : 0.0
10-18 11:24:05.318  1315  1356 D RestartProcessManager: tv.twitch.android.app : X : 18.18181818181818, Y : 59.432115464653066, Z : 590.0253988118758
10-18 11:24:05.318  1315  1356 D RestartProcessManager: com.oneplus.gallery : X : 145.67098156081207, Y : 16.48231772292702, Z : 4383.37668042749
10-18 11:24:05.318  1315  1356 D RestartProcessManager: com.llollo.valet.debug : X : 7.142857142857143, Y : 0.07461731267572377, Z : 65.6789170137081
10-18 11:24:05.318  1315  1356 D RestartProcessManager: com.oneplus.calculator : X : 146.39801703739948, Y : 55.53165499758411, Z : 5213.916666118965
10-18 11:24:05.318  1315  1356 D RestartProcessManager: com.proyecto.mygofit : X : 5.59873949579832, Y : 0.7613493519274688, Z : 331.94083527791577
10-18 11:24:05.318  1315  1356 D RestartProcessManager: com.amazon.mShop.android.shopping : X : 144.76303203016806, Y : 173.67854776017163, Z : 6212.0942748269845
10-18 11:24:05.318  1315  1356 D RestartProcessManager: com.appsisle.developerassistant : X : 36.92307692307693, Y : 1.5860362659155949, Z : 1343.5450171494476
10-18 11:24:05.318  1315  1356 D RestartProcessManager: com.llollo.bipi.debug : X : 5900.0, Y : 3450.307455779239, Z : 4473.501133181086
10-18 11:24:05.318  1315  1356 D RestartProcessManager: com.petraapps.gymmentor.pro : X : 0.0, Y : 0.0, Z : 0.0
10-18 11:24:05.318  1315  1356 D RestartProcessManager: com.google.android.music : X : 0.0, Y : 0.0, Z : 0.0
10-18 11:24:05.318  1315  1356 D RestartProcessManager: com.google.android.calendar : X : 99.88304093567251, Y : 119.9355956113553, Z : 2738.8930966987946
10-18 11:24:05.318  1315  1356 D RestartProcessManager: -----------------------------------------------------------------------
10-18 11:24:05.318  1315  1356 D RestartProcessManager: -----------------------------------------------------------------------
10-18 11:24:05.318  1315  1356 D RestartProcessManager: Cluster 1
10-18 11:24:05.318  1315  1356 D RestartProcessManager: Point X : 1249.7637479531406, Y : 904.9605222862992, Z : 16885.89613832823
10-18 11:24:05.318  1315  1356 D RestartProcessManager: Distance from 0 : 16956.248151256892
10-18 11:24:05.318  1315  1356 D RestartProcessManager: All data : 
10-18 11:24:05.318  1315  1356 D RestartProcessManager: com.revolut.revolut : X : 799.718724743274, Y : 301.8165663364689, Z : 12094.102207344515
10-18 11:24:05.318  1315  1356 D RestartProcessManager: com.chollometro : X : 1136.513956711129, Y : 1786.3801831225983, Z : 23455.595279231813
10-18 11:24:05.318  1315  1356 D RestartProcessManager: com.google.android.apps.photos : X : 749.0509611441269, Y : 869.2375531342522, Z : 14601.974843901548
10-18 11:24:05.318  1315  1356 D RestartProcessManager: com.google.android.apps.maps : X : 908.4696609402553, Y : 562.5171452375872, Z : 19610.13427089248
10-18 11:24:05.318  1315  1356 D RestartProcessManager: com.bbva.bbvawallet : X : 971.6324984235158, Y : 1474.3256423165044, Z : 20778.57938853706
10-18 11:24:05.318  1315  1356 D RestartProcessManager: com.google.android.googlequicksearchbox : X : 934.2416049792841, Y : 550.6915155304816, Z : 20791.34820699542
10-18 11:24:05.318  1315  1356 D RestartProcessManager: je.fit : X : 5917.014551321497, Y : 2170.2108282045347, Z : 13595.108716087765
10-18 11:24:05.318  1315  1356 D RestartProcessManager: org.telegram.messenger : X : 415.4221186235927, Y : 317.95211264565893, Z : 12978.053238467715
10-18 11:24:05.318  1315  1356 D RestartProcessManager: com.bbva.bbvacontigo : X : 761.0511303164741, Y : 996.0107926665394, Z : 10098.119806941972
10-18 11:24:05.318  1315  1356 D RestartProcessManager: com.xiaomi.hm.health : X : 439.20518357957536, Y : 347.59334356200793, Z : 15119.563705343875
10-18 11:24:05.318  1315  1356 D RestartProcessManager: com.android.dialer : X : 1429.1555607365221, Y : 176.70238303398943, Z : 17798.82047579867
10-18 11:24:05.318  1315  1356 D RestartProcessManager: com.fintonic : X : 379.3658439178215, Y : 464.2117267397491, Z : 10013.685783214056
10-18 11:24:05.318  1315  1356 D RestartProcessManager: com.oneplus.camera : X : 723.5872121739791, Y : 328.24717956670116, Z : 18698.894717084117
10-18 11:24:05.318  1315  1356 D RestartProcessManager: com.Slack : X : 1211.3242164593603, Y : 229.21167637339585, Z : 13873.931805405377
10-18 11:24:05.318  1315  1356 D RestartProcessManager: com.android.vending : X : 2152.4336212441153, Y : 956.1259340167287, Z : 16661.213769627204
10-18 11:24:05.318  1315  1356 D RestartProcessManager: com.oneplus.deskclock : X : 1018.2853000777485, Y : 1919.8665131809587, Z : 18309.765300415784
10-18 11:24:05.318  1315  1356 D RestartProcessManager: com.tinder : X : 1321.651788959834, Y : 2253.2105000525107, Z : 24595.305717795974
10-18 11:24:05.318  1315  1356 D RestartProcessManager: com.google.android.gm : X : 1227.6235288044302, Y : 584.9778054327185, Z : 20871.933256822787
10-18 11:24:05.318  1315  1356 D RestartProcessManager: -----------------------------------------------------------------------
10-18 11:24:05.318  1315  1356 D RestartProcessManager: -----------------------------------------------------------------------
10-18 11:24:05.318  1315  1356 D RestartProcessManager: Cluster 2
10-18 11:24:05.318  1315  1356 D RestartProcessManager: Point X : 3934.9875571990187, Y : 4906.326698358698, Z : 32246.933209778123
10-18 11:24:05.318  1315  1356 D RestartProcessManager: Distance from 0 : 32854.54108920454
10-18 11:24:05.318  1315  1356 D RestartProcessManager: All data : 
10-18 11:24:05.318  1315  1356 D RestartProcessManager: com.twitter.android : X : 3068.5238002305223, Y : 6179.941930245162, Z : 36702.005169588076
10-18 11:24:05.318  1315  1356 D RestartProcessManager: com.android.settings : X : 2048.9370366595635, Y : 926.0661961441035, Z : 26976.387200550776
10-18 11:24:05.318  1315  1356 D RestartProcessManager: com.android.chrome : X : 8881.462028666034, Y : 5528.181285192772, Z : 35429.582915956955
10-18 11:24:05.318  1315  1356 D RestartProcessManager: com.google.android.youtube : X : 2980.5641478241682, Y : 10064.569920828924, Z : 30012.157489594043
10-18 11:24:05.318  1315  1356 D RestartProcessManager: com.spotify.music : X : 2695.4507726148076, Y : 1832.874159382528, Z : 32114.533273200756
10-18 11:24:05.318  1315  1356 D RestartProcessManager: -----------------------------------------------------------------------
10-18 11:24:05.318  1315  1356 D RestartProcessManager: -----------------------------------------------------------------------
10-18 11:24:05.318  1315  1356 D RestartProcessManager: Cluster 3
10-18 11:24:05.318  1315  1356 D RestartProcessManager: Point X : 15565.484709080629, Y : 23673.982830317676, Z : 44704.958621824844
10-18 11:24:05.318  1315  1356 D RestartProcessManager: Distance from 0 : 52927.073437493884
10-18 11:24:05.318  1315  1356 D RestartProcessManager: All data : 
10-18 11:24:05.318  1315  1356 D RestartProcessManager: com.instagram.android : X : 15565.484709080629, Y : 23673.982830317676, Z : 44704.958621824844
10-18 11:24:05.318  1315  1356 D RestartProcessManager: -----------------------------------------------------------------------
10-18 11:24:05.318  1315  1356 D RestartProcessManager: -----------------------------------------------------------------------
10-18 11:24:05.318  1315  1356 D RestartProcessManager: Cluster 4
10-18 11:24:05.318  1315  1356 D RestartProcessManager: Point X : 39516.44034989488, Y : 25397.95282748903, Z : 46009.89108507859
10-18 11:24:05.318  1315  1356 D RestartProcessManager: Distance from 0 : 65753.44206514936
10-18 11:24:05.319  1315  1356 D RestartProcessManager: All data : 
10-18 11:24:05.319  1315  1356 D RestartProcessManager: com.whatsapp : X : 39516.44034989488, Y : 25397.95282748903, Z : 46009.89108507859
10-18 11:24:05.319  1315  1356 D RestartProcessManager: -----------------------------------------------------------------------
10-18 11:24:05.319  1315  1356 D RestartProcessManager: KEY_HIGH_USED_PACKAGES : 7
10-18 11:24:05.319  1315  1356 D RestartProcessManager: KEY_GENERAL_USED_PACKAGES : 18
10-18 11:24:05.319  1315  1356 D RestartProcessManager: KEY_LOW_USED_PACKAGES : 77
10-18 11:24:05.319  1315  1356 I OHPD    : [BgDetect]chkExcessCpu level: 3 doKills: true critical false uptime: 1200264
10-18 11:24:05.530  1315  1356 I ActivityManager: Killing 27772:com.facebook.katana/u0a132 (adj 900): [BgDetect][RNK] kill com.facebook.katana (uid 10132) usage 0
10-18 11:24:05.531  1315  1356 D ActivityManager: Process com.facebook.katana has 0 services
10-18 11:24:05.531  1315  1358 W zygote64: kill(-27772, 9) failed: No such process
10-18 11:24:05.533  1315  1356 D EmbryoManager: prepare com.facebook.katana user 0
10-18 11:24:05.534  1315  1356 I ActivityManager: Killing 28527:com.lafourchette.lafourchette/u0a360 (adj 904): [BgDetect][RNK] kill com.lafourchette.lafourchette (uid 10360) usage 0
10-18 11:24:05.534  1315  1356 D ActivityManager: Process com.lafourchette.lafourchette has 0 services
10-18 11:24:05.535  1315  1356 D EmbryoManager: prepare com.lafourchette.lafourchette user 0
