10-18 11:19:12.653 29458 29458 I zygote64:   at android.view.View android.view.LayoutInflater.createViewFromTag(android.view.View, java.lang.String, android.content.Context, android.util.AttributeSet, boolean) (LayoutInflater.java:790)
10-18 11:19:12.653 29458 29458 I zygote64:   at android.view.View android.view.LayoutInflater.createViewFromTag(android.view.View, java.lang.String, android.content.Context, android.util.AttributeSet) (LayoutInflater.java:730)
10-18 11:19:12.653 29458 29458 I zygote64:   at void android.view.LayoutInflater.rInflate(org.xmlpull.v1.XmlPullParser, android.view.View, android.content.Context, android.util.AttributeSet, boolean) (LayoutInflater.java:863)
10-18 11:19:12.653 29458 29458 I zygote64:   at void android.view.LayoutInflater.rInflateChildren(org.xmlpull.v1.XmlPullParser, android.view.View, android.util.AttributeSet, boolean) (LayoutInflater.java:824)
10-18 11:19:12.653 29458 29458 I zygote64:   at android.view.View android.view.LayoutInflater.inflate(org.xmlpull.v1.XmlPullParser, android.view.ViewGroup, boolean) (LayoutInflater.java:515)
10-18 11:19:12.653 29458 29458 I zygote64:   at android.view.View android.view.LayoutInflater.inflate(int, android.view.ViewGroup, boolean) (LayoutInflater.java:423)
10-18 11:19:12.653 29458 29458 I zygote64:   at android.view.View android.view.LayoutInflater.inflate(int, android.view.ViewGroup) (LayoutInflater.java:374)
10-18 11:19:12.653 29458 29458 I zygote64:   at android.view.ViewGroup android.support.v7.app.AppCompatDelegateImpl.createSubDecor() (AppCompatDelegateImpl.java:607)
10-18 11:19:12.653 29458 29458 I zygote64:   at void android.support.v7.app.AppCompatDelegateImpl.ensureSubDecor() (AppCompatDelegateImpl.java:518)
10-18 11:19:12.653 29458 29458 I zygote64:   at void android.support.v7.app.AppCompatDelegateImpl.setContentView(int) (AppCompatDelegateImpl.java:466)
10-18 11:19:12.653 29458 29458 I zygote64:   at void android.support.v7.app.AppCompatActivity.setContentView(int) (AppCompatActivity.java:140)
10-18 11:19:12.653 29458 29458 I zygote64:   at void com.firebase.example.internal.BaseEntryChoiceActivity.onCreate(android.os.Bundle) (BaseEntryChoiceActivity.java:17)
10-18 11:19:12.653 29458 29458 I zygote64:   at void android.app.Activity.performCreate(android.os.Bundle, android.os.PersistableBundle) (Activity.java:7041)
10-18 11:19:12.653 29458 29458 I zygote64:   at void android.app.Activity.performCreate(android.os.Bundle) (Activity.java:7032)
10-18 11:19:12.653 29458 29458 I zygote64:   at void android.app.Instrumentation.callActivityOnCreate(android.app.Activity, android.os.Bundle) (Instrumentation.java:1231)
10-18 11:19:12.653 29458 29458 I zygote64:   at android.app.Activity android.app.ActivityThread.performLaunchActivity(android.app.ActivityThread$ActivityClientRecord, android.content.Intent) (ActivityThread.java:2864)
10-18 11:19:12.653 29458 29458 I zygote64:   at void android.app.ActivityThread.handleLaunchActivity(android.app.ActivityThread$ActivityClientRecord, android.content.Intent, java.lang.String) (ActivityThread.java:2989)
10-18 11:19:12.653 29458 29458 I zygote64:   at void android.app.ActivityThread.-wrap11(android.app.ActivityThread, android.app.ActivityThread$ActivityClientRecord, android.content.Intent, java.lang.String) (ActivityThread.java:-1)
10-18 11:19:12.653 29458 29458 I zygote64:   at void android.app.ActivityThread$H.handleMessage(android.os.Message) (ActivityThread.java:1688)
10-18 11:19:12.653 29458 29458 I zygote64:   at void android.os.Handler.dispatchMessage(android.os.Message) (Handler.java:106)
10-18 11:19:12.653 29458 29458 I zygote64:   at void android.os.Looper.loop() (Looper.java:164)
10-18 11:19:12.653 29458 29458 I zygote64:   at void android.app.ActivityThread.main(java.lang.String[]) (ActivityThread.java:6753)
10-18 11:19:12.653 29458 29458 I zygote64:   at java.lang.Object java.lang.reflect.Method.invoke(java.lang.Object, java.lang.Object[]) (Method.java:-2)
10-18 11:19:12.653 29458 29458 I zygote64:   at void com.android.internal.os.RuntimeInit$MethodAndArgsCaller.run() (RuntimeInit.java:482)
10-18 11:19:12.653 29458 29458 I zygote64:   at void com.android.internal.os.ZygoteInit.main(java.lang.String[]) (ZygoteInit.java:807)
10-18 11:19:12.653 29458 29458 I zygote64: Caused by: java.lang.ClassNotFoundException: Didn't find class "android.view.View$OnUnhandledKeyEventListener" on path: DexPathList[[zip file "/data/app/com.google.firebase.fiamquickstart-D6es8FmvSotGqlmGsi378g==/base.apk"],nativeLibraryDirectories=[/data/app/com.google.firebase.fiamquickstart-D6es8FmvSotGqlmGsi378g==/lib/arm64, /system/lib64, /vendor/lib64]]
10-18 11:19:12.653 29458 29458 I zygote64:   at java.lang.Class dalvik.system.BaseDexClassLoader.findClass(java.lang.String) (BaseDexClassLoader.java:125)
10-18 11:19:12.653 29458 29458 I zygote64:   at java.lang.Class java.lang.ClassLoader.loadClass(java.lang.String, boolean) (ClassLoader.java:379)
10-18 11:19:12.653 29458 29458 I zygote64:   at java.lang.Class java.lang.ClassLoader.loadClass(java.lang.String) (ClassLoader.java:312)
10-18 11:19:12.653 29458 29458 I zygote64:   at void android.support.v4.view.ViewCompat.setBackground(android.view.View, android.graphics.drawable.Drawable) (ViewCompat.java:2341)
10-18 11:19:12.653 29458 29458 I zygote64:   at void android.support.v7.widget.ActionBarContainer.<init>(android.content.Context, android.util.AttributeSet) (ActionBarContainer.java:62)
10-18 11:19:12.653 29458 29458 I zygote64:   at java.lang.Object java.lang.reflect.Constructor.newInstance0(java.lang.Object[]) (Constructor.java:-2)
10-18 11:19:12.653 29458 29458 I zygote64:   at java.lang.Object java.lang.reflect.Constructor.newInstance(java.lang.Object[]) (Constructor.java:334)
10-18 11:19:12.653 29458 29458 I zygote64:   at android.view.View android.view.LayoutInflater.createView(java.lang.String, java.lang.String, android.util.AttributeSet) (LayoutInflater.java:647)
10-18 11:19:12.653 29458 29458 I zygote64:   at android.view.View android.view.LayoutInflater.createViewFromTag(android.view.View, java.lang.String, android.content.Context, android.util.AttributeSet, boolean) (LayoutInflater.java:790)
10-18 11:19:12.653 29458 29458 I zygote64:   at android.view.View android.view.LayoutInflater.createViewFromTag(android.view.View, java.lang.String, android.content.Context, android.util.AttributeSet) (LayoutInflater.java:730)
10-18 11:19:12.653 29458 29458 I zygote64:   at void android.view.LayoutInflater.rInflate(org.xmlpull.v1.XmlPullParser, android.view.View, android.content.Context, android.util.AttributeSet, boolean) (LayoutInflater.java:863)
10-18 11:19:12.653 29458 29458 I zygote64:   at void android.view.LayoutInflater.rInflateChildren(org.xmlpull.v1.XmlPullParser, android.view.View, android.util.AttributeSet, boolean) (LayoutInflater.java:824)
10-18 11:19:12.653 29458 29458 I zygote64:   at android.view.View android.view.LayoutInflater.inflate(org.xmlpull.v1.XmlPullParser, android.view.ViewGroup, boolean) (LayoutInflater.java:515)
10-18 11:19:12.653 29458 29458 I zygote64:   at android.view.View android.view.LayoutInflater.inflate(int, android.view.ViewGroup, boolean) (LayoutInflater.java:423)
10-18 11:19:12.653 29458 29458 I zygote64:   at android.view.View android.view.LayoutInflater.inflate(int, android.view.ViewGroup) (LayoutInflater.java:374)
10-18 11:19:12.653 29458 29458 I zygote64:   at android.view.ViewGroup android.support.v7.app.AppCompatDelegateImpl.createSubDecor() (AppCompatDelegateImpl.java:607)
10-18 11:19:12.653 29458 29458 I zygote64:   at void android.support.v7.app.AppCompatDelegateImpl.ensureSubDecor() (AppCompatDelegateImpl.java:518)
10-18 11:19:12.653 29458 29458 I zygote64:   at void android.support.v7.app.AppCompatDelegateImpl.setContentView(int) (AppCompatDelegateImpl.java:466)
10-18 11:19:12.653 29458 29458 I zygote64:   at void android.support.v7.app.AppCompatActivity.setContentView(int) (AppCompatActivity.java:140)
10-18 11:19:12.653 29458 29458 I zygote64:   at void com.firebase.example.internal.BaseEntryChoiceActivity.onCreate(android.os.Bundle) (BaseEntryChoiceActivity.java:17)
10-18 11:19:12.653 29458 29458 I zygote64:   at void android.app.Activity.performCreate(android.os.Bundle, android.os.PersistableBundle) (Activity.java:7041)
10-18 11:19:12.653 29458 29458 I zygote64:   at void android.app.Activity.performCreate(android.os.Bundle) (Activity.java:7032)
10-18 11:19:12.653 29458 29458 I zygote64:   at void android.app.Instrumentation.callActivityOnCreate(android.app.Activity, android.os.Bundle) (Instrumentation.java:1231)
10-18 11:19:12.653 29458 29458 I zygote64:   at android.app.Activity android.app.ActivityThread.performLaunchActivity(android.app.ActivityThread$ActivityClientRecord, android.content.Intent) (ActivityThread.java:2864)
10-18 11:19:12.653 29458 29458 I zygote64:   at void android.app.ActivityThread.handleLaunchActivity(android.app.ActivityThread$ActivityClientRecord, android.content.Intent, java.lang.String) (ActivityThread.java:2989)
10-18 11:19:12.653 29458 29458 I zygote64:   at void android.app.ActivityThread.-wrap11(android.app.ActivityThread, android.app.ActivityThread$ActivityClientRecord, android.content.Intent, java.lang.String) (ActivityThread.java:-1)
10-18 11:19:12.653 29458 29458 I zygote64:   at void android.app.ActivityThread$H.handleMessage(android.os.Message) (ActivityThread.java:1688)
10-18 11:19:12.653 29458 29458 I zygote64:   at void android.os.Handler.dispatchMessage(android.os.Message) (Handler.java:106)
10-18 11:19:12.653 29458 29458 I zygote64:   at void android.os.Looper.loop() (Looper.java:164)
10-18 11:19:12.653 29458 29458 I zygote64:   at void android.app.ActivityThread.main(java.lang.String[]) (ActivityThread.java:6753)
10-18 11:19:12.653 29458 29458 I zygote64:   at java.lang.Object java.lang.reflect.Method.invoke(java.lang.Object, java.lang.Object[]) (Method.java:-2)
10-18 11:19:12.653 29458 29458 I zygote64:   at void com.android.internal.os.RuntimeInit$MethodAndArgsCaller.run() (RuntimeInit.java:482)
10-18 11:19:12.653 29458 29458 I zygote64:   at void com.android.internal.os.ZygoteInit.main(java.lang.String[]) (ZygoteInit.java:807)
10-18 11:19:12.653 29458 29458 I zygote64: 
10-18 11:19:12.688 29458 29458 I FIAM.Headless: Setting display event listener
10-18 11:19:12.691 29458 29458 I FIAM.Headless: went foreground
10-18 11:19:12.693 29458 29491 I FIAM.Headless: Forcing fetch from service rather than cache. Test Device: false | App Fresh Install: true
10-18 11:19:12.694 29458 29478 I FA      : Tag Manager is not found and thus will not be used
10-18 11:19:12.695 29458 29491 W FIAM.Headless: Recoverable exception while reading cache: /data/user/0/com.google.firebase.fiamquickstart/files/fiam_impressions_store_file (No such file or directory)
10-18 11:19:12.696 29458 29491 I FIAM.Headless: FirebaseInstanceId not yet initialized, not attempting campaign fetch from service.
10-18 11:19:12.697 29458 29491 I FIAM.Headless: Successfully fetched 0 messages from backend
10-18 11:19:12.699 29458 29478 D FA      : Logging event (FE): screen_view(_vs), Bundle[{firebase_event_origin(_o)=auto, firebase_screen_class(_sc)=EntryChoiceActivity, firebase_screen_id(_si)=8840417714410460123}]
10-18 11:19:12.700 29458 29499 D OpenGLRenderer: HWUI GL Pipeline
10-18 11:19:12.734  1315  1583 I SettingsState: [PERSIST START] 
10-18 11:19:12.734  1315  1583 I SettingsState: file:settings_system.xml
10-18 11:19:12.734 29458 29464 I zygote64: Do partial code cache collection, code=29KB, data=23KB
10-18 11:19:12.734 29458 29464 I zygote64: After code cache collection, code=29KB, data=23KB
10-18 11:19:12.734 29458 29464 I zygote64: Increasing code cache capacity to 128KB
10-18 11:19:12.737  2377 28864 W Conscrypt: Could not set socket write timeout: java.net.SocketException: Socket closed
10-18 11:19:12.737  2377 28864 W Conscrypt: 	at com.google.android.gms.org.conscrypt.Platform.setSocketWriteTimeout(:com.google.android.gms@14366019@14.3.66 (040400-213742215):2)
10-18 11:19:12.737  2377 28864 W Conscrypt: 	at com.google.android.gms.org.conscrypt.ConscryptFileDescriptorSocket.setSoWriteTimeout(:com.google.android.gms@14366019@14.3.66 (040400-213742215):2)
10-18 11:19:12.742  1315  1583 I SettingsState: [PERSIST END]
10-18 11:19:12.756 29458 29478 V FA      : Connection attempt already in progress
10-18 11:19:12.757 29458 29478 V FA      : Connection attempt already in progress
10-18 11:19:12.757 29458 29478 V FA      : Activity resumed, time: 72000610
10-18 11:19:12.774  2377 28864 W Conscrypt: Could not set socket write timeout: java.net.SocketException: Socket closed
10-18 11:19:12.774  2377 28864 W Conscrypt: 	at com.google.android.gms.org.conscrypt.Platform.setSocketWriteTimeout(:com.google.android.gms@14366019@14.3.66 (040400-213742215):2)
10-18 11:19:12.774  2377 28864 W Conscrypt: 	at com.google.android.gms.org.conscrypt.ConscryptFileDescriptorSocket.setSoWriteTimeout(:com.google.android.gms@14366019@14.3.66 (040400-213742215):2)
10-18 11:19:12.799 29458 29499 I Adreno  : QUALCOMM build                   : 4bff8b9, Ida6448821d
10-18 11:19:12.799 29458 29499 I Adreno  : Build Date                       : 06/14/18
10-18 11:19:12.799 29458 29499 I Adreno  : OpenGL ES Shader Compiler Version: EV031.22.00.01
10-18 11:19:12.799 29458 29499 I Adreno  : Local Branch                     : 
10-18 11:19:12.799 29458 29499 I Adreno  : Remote Branch                    : refs/tags/AU_LINUX_ANDROID_LA.UM.6.4.R1.08.01.00.309.061
10-18 11:19:12.799 29458 29499 I Adreno  : Remote Branch                    : NONE
10-18 11:19:12.799 29458 29499 I Adreno  : Reconstruct Branch               : NOTHING
10-18 11:19:12.802 29458 29499 I Adreno  : PFP: 0x005ff087, ME: 0x005ff063
10-18 11:19:12.807 29458 29499 I zygote64: android::hardware::configstore::V1_0::ISurfaceFlingerConfigs::hasWideColorDisplay retrieved: 0
10-18 11:19:12.808 29458 29499 I OpenGLRenderer: Initialized EGL, version 1.4
10-18 11:19:12.808 29458 29499 D OpenGLRenderer: Swap behavior 2
10-18 11:19:12.811 29458 29499 D libGLESv1: Successfully load libGLESv2_oneplus.so, this=0x7af9db6008
10-18 11:19:12.813 29458 29499 D OpenGLRenderer: Successfully load libhwui_plugin.so, this=0x7af78bf558
10-18 11:19:12.845 29458 29499 D         : Successfully load libGraphicBuffer_oneplus.so, this=0x7af6e751c8
10-18 11:19:12.919 29458 29499 D         : Successfully load libgui-plugin.so, this=0x7af6e751f8
10-18 11:19:12.921 29458 29478 D FA      : Connected to remote service
10-18 11:19:12.922 29458 29478 V FA      : Processing queued up service tasks: 4
10-18 11:19:12.928  1315  1406 I ActivityManager: Displayed com.google.firebase.fiamquickstart/.EntryChoiceActivity: +888ms
10-18 11:19:12.928   607   607 W /system/bin/hwservicemanager: getTransport: Cannot find entry vendor.qti.hardware.iop@1.0::IIop/default in either framework or device manifest.
10-18 11:19:12.928  1315  1406 E ANDR-PERF-JNI: Iop tryGetService failed
10-18 11:19:12.931  3694  3986 W OpenGLRenderer: Incorrectly called buildLayer on View: ShortcutAndWidgetContainer, destroying layer...
10-18 11:19:12.932  3694  3986 W OpenGLRenderer: Incorrectly called buildLayer on View: ShortcutAndWidgetContainer, destroying layer...
10-18 11:19:12.933  3694  3694 D Launcher: onStop
10-18 11:19:12.935  3103 29507 V FA-SVC  : Logging event: origin=auto,name=app_clear_data(_cd),params=}]
10-18 11:19:12.936  3103 29507 V FA-SVC  : Saving event, name, data size: app_clear_data(_cd), 19
10-18 11:19:12.936  3103 29507 V FA-SVC  : Event recorded: Event{appId='com.google.firebase.fiamquickstart', name='app_clear_data(_cd)', params=Bundle[{firebase_event_origin(_o)=auto}]}
10-18 11:19:12.937  3103 29507 V FA-SVC  : Upload scheduled in approximately ms: 3046647
10-18 11:19:12.938  3103 29507 V FA-SVC  : Cancelling job. JobID: 812057698
10-18 11:19:12.939  3103 29507 V FA-SVC  : Scheduling upload with GcmTaskService
10-18 11:19:12.939  3103 29507 V FA-SVC  : Scheduling task with Gcm. time: 3046647
10-18 11:19:12.940  3103 29507 V FA-SVC  : Background event processing time, ms: 6
10-18 11:19:12.944  2377 26624 E NetworkScheduler: Invalid component specified.
10-18 11:19:12.950  3103 29507 V FA-SVC  : Logging event: origin=auto,name=screen_view(_vs),params=Bundle[{firebase_event_origin(_o)=auto, firebase_screen_class(_sc)=EntryChoiceActivity, firebase_screen_id(_si)=8840417714410460123}]
10-18 11:19:12.952  3103 29507 V FA-SVC  : Saving event, name, data size: screen_view(_vs), 64
10-18 11:19:12.952  3103 29507 V FA-SVC  : Event recorded: Event{appId='com.google.firebase.fiamquickstart', name='screen_view(_vs)', params=Bundle[{firebase_event_origin(_o)=auto, firebase_screen_class(_sc)=EntryChoiceActivity, firebase_screen_id(_si)=8840417714410460123}]}
10-18 11:19:12.953  3103 29507 V FA-SVC  : Upload scheduled in approximately ms: 3046631
10-18 11:19:12.953  3103 29507 V FA-SVC  : Cancelling job. JobID: 812057698
10-18 11:19:12.953  2377  5097 E ExecutionCriteria: Package unavailable for task: com.google.android.talk/com.google.android.apps.hangouts.concurrent.impl.GcmTriggeredNotifier{u=0 tag="network_connectivity_wakeup:persisted" trigger=window{start=259111s,end=259112s,earliest=-39621842s,latest=-39621841s} requirements=[NET_CONNECTED] attributes=[PERSISTED] scheduled=-39880953s last_run=N/A jid=N/A status=PENDING retries=0 client_lib=MANCHEGO_GCM-0}
10-18 11:19:12.954  3103 29507 V FA-SVC  : Scheduling upload with GcmTaskService
10-18 11:19:12.954  3103 29507 V FA-SVC  : Scheduling task with Gcm. time: 3046631
10-18 11:19:12.956  3103 29507 V FA-SVC  : Background event processing time, ms: 6
10-18 11:19:12.959  2377 26624 E NetworkScheduler: Invalid component specified.
10-18 11:19:12.975  2377  5097 E ExecutionCriteria: Package unavailable for task: com.google.android.talk/com.google.android.apps.hangouts.concurrent.impl.GcmTriggeredNotifier{u=0 tag="network_connectivity_wakeup:persisted" trigger=window{start=259111s,end=259112s,earliest=-39621842s,latest=-39621841s} requirements=[NET_CONNECTED] attributes=[PERSISTED] scheduled=-39880953s last_run=N/A jid=N/A status=PENDING retries=0 client_lib=MANCHEGO_GCM-0}
10-18 11:19:13.019  1315 10725 W ActivityManager: Unable to start service Intent { act=com.google.firebase.MESSAGING_EVENT pkg=com.google.firebase.fiamquickstart } U=0: not found
10-18 11:19:13.008  2377  5097 E ExecutionCriteria: Package unavailable for task: com.google.android.talk/com.google.android.apps.hangouts.concurrent.impl.GcmTriggeredNotifier{u=0 tag="network_connectivity_wakeup:persisted" trigger=window{start=259111s,end=259112s,earliest=-39621842s,latest=-39621841s} requirements=[NET_CONNECTED] attributes=[PERSISTED] scheduled=-39880953s last_run=N/A jid=N/A status=PENDING retries=0 client_lib=MANCHEGO_GCM-0}
10-18 11:19:13.019 29458 29458 E EnhancedIntentService: binding to the service failed
10-18 11:19:13.513   784  6250 I vendor.qti.bluetooth@1.0-ibs_handler: DeviceSleep: TX Awake, Sending SLEEP_IND
10-18 11:19:13.513   784  6250 I vendor.qti.bluetooth@1.0-ibs_handler: SerialClockVote: vote for UART CLK OFF
10-18 11:19:13.663   784  6134 E vendor.qti.bluetooth@1.0-wake_lock: Release wakelock is released 
10-18 11:19:14.031   809   852 E ANDR-PERF-OPTSHANDLER: perf_lock_rel: updated /sys/class/scsi_host/host0/../../../clkscale_enable with 1
10-18 11:19:14.031   809   852 E ANDR-PERF-OPTSHANDLER:  return value 2
10-18 11:19:14.043 27942 27963 I Finsky  : [530] com.google.android.finsky.bo.ad.run(6): Stats for Executor: BlockingExecutor com.google.android.finsky.bo.ae@2d22b47[Running, pool size = 0, active threads = 0, queued tasks = 0, completed tasks = 6]
10-18 11:19:14.044 27942 27963 I Finsky  : [530] com.google.android.finsky.bo.ad.run(6): Stats for Executor: LightweightExecutor com.google.android.finsky.bo.ae@c963f74[Running, pool size = 4, active threads = 0, queued tasks = 0, completed tasks = 42]
10-18 11:19:14.045 27942 27963 I Finsky  : [530] com.google.android.finsky.bo.ad.run(6): Stats for Executor: bgExecutor com.google.android.finsky.bo.ae@b068c9d[Running, pool size = 4, active threads = 0, queued tasks = 0, completed tasks = 32]
10-18 11:19:14.488  2377 29330 I GCoreUlr: Starting BLE scan: mode: 3
10-18 11:19:14.489  2377 29330 I GCoreUlr: BLE: collected 0 results
10-18 11:19:14.489  2377  2377 I BeaconBle: Client requested scan, settings=BleSettings [scanMode=ZERO_POWER, callbackType=ALL_MATCHES, reportDelayMillis=0, 2 filters, 0 clients, callingClientName=ULR]
10-18 11:19:14.504  2377  2377 I BeaconBle: Stopping scan on delegate scanner. BT state: 15
10-18 11:19:14.505  2377  2377 D BluetoothAdapter: isLeEnabled(): BLE_ON
10-18 11:19:14.507   784   784 I vendor.qti.bluetooth@1.0-ibs_handler: SerialClockVote: vote for UART CLK ON
10-18 11:19:14.508   784   784 D vendor.qti.bluetooth@1.0-wake_lock: Acquire wakelock is acquired 
10-18 11:19:14.509   784   784 I vendor.qti.bluetooth@1.0-ibs_handler: DeviceWakeUp: Writing IBS_WAKE_IND
10-18 11:19:14.509   784  6245 I vendor.qti.bluetooth@1.0-ibs_handler: ProcessIbsCmd: Received IBS_WAKE_ACK: 0xFC
10-18 11:19:14.509  2377  2377 I BeaconBle: Resetting - new scanner available: true
10-18 11:19:14.509  2377  2377 I BeaconBle: ZERO_POWER is disabled.
10-18 11:19:14.509  2377  2377 I BeaconBle: 'L' hardware scan: scan stopped, no powered clients
10-18 11:19:14.510   784  6245 I vendor.qti.bluetooth@1.0-ibs_handler: ProcessIbsCmd: Received IBS_WAKE_IND: 0xFD
10-18 11:19:14.510   784  6245 I vendor.qti.bluetooth@1.0-ibs_handler: ProcessIbsCmd: Writing IBS_WAKE_ACK
10-18 11:19:14.567   784  6245 I vendor.qti.bluetooth@1.0-ibs_handler: ProcessIbsCmd: Received IBS_SLEEP_IND: 0xFE
10-18 11:19:14.846  1315  1355 I Embryo_Uterus: BirthRunnable checkProc return, uid 10413
10-18 11:19:15.526   784  6250 I vendor.qti.bluetooth@1.0-ibs_handler: DeviceSleep: TX Awake, Sending SLEEP_IND
10-18 11:19:15.527   784  6250 I vendor.qti.bluetooth@1.0-ibs_handler: SerialClockVote: vote for UART CLK OFF
10-18 11:19:15.552  1315  1929 E TaskPersister: File error accessing recents directory (directory doesn't exist?).
10-18 11:19:15.677   784  6134 E vendor.qti.bluetooth@1.0-wake_lock: Release wakelock is released 
10-18 11:19:16.881   932  1064 I ThermalEngine: Monitor : quiet_therm = 30, msm_therm = 32, ufs_therm = -40, battery_therm = 272,current_now = -314000 
10-18 11:19:17.976 29458 29478 V FA      : Inactivity, disconnecting from the service
10-18 11:19:22.762 29458 29478 V FA      : Session started, time: 72010680
10-18 11:19:22.789 29458 29478 D FA      : Setting user property (FE): _sid
10-18 11:19:22.843 29458 29478 V FA      : Connecting to remote service
10-18 11:19:22.863 29458 29478 D FA      : Logging event (FE): session_start(_s), Bundle[{firebase_event_origin(_o)=auto, firebase_screen_class(_sc)=EntryChoiceActivity, firebase_screen_id(_si)=8840417714410460123}]
10-18 11:19:22.863 29458 29464 I zygote64: Do partial code cache collection, code=61KB, data=39KB
10-18 11:19:22.864 29458 29464 I zygote64: After code cache collection, code=61KB, data=39KB
10-18 11:19:22.864 29458 29464 I zygote64: Increasing code cache capacity to 256KB
10-18 11:19:22.888 29458 29478 V FA      : Connection attempt already in progress
10-18 11:19:22.889 29458 29478 D FA      : Connected to remote service
10-18 11:19:22.891 29458 29478 V FA      : Processing queued up service tasks: 2
10-18 11:19:22.907  3103 29507 D FA-SVC  : Removing user property: _sid
10-18 11:19:22.909  3103 29507 V FA-SVC  : Deleted user attribute rows: 0
10-18 11:19:22.909  3103 29507 D FA-SVC  : User property removed: _sid
10-18 11:19:22.911  3103 29507 V FA-SVC  : Logging event: origin=auto,name=session_start(_s),params=Bundle[{firebase_event_origin(_o)=auto, firebase_screen_class(_sc)=EntryChoiceActivity, firebase_screen_id(_si)=8840417714410460123}]
10-18 11:19:22.915  3103 29507 V FA-SVC  : Saving event, name, data size: session_start(_s), 64
10-18 11:19:22.915  3103 29507 V FA-SVC  : Event recorded: Event{appId='com.google.firebase.fiamquickstart', name='session_start(_s)', params=Bundle[{firebase_event_origin(_o)=auto, firebase_screen_class(_sc)=EntryChoiceActivity, firebase_screen_id(_si)=8840417714410460123}]}
10-18 11:19:22.917  3103 29507 V FA-SVC  : Upload scheduled in approximately ms: 3036667
10-18 11:19:22.918  3103 29507 V FA-SVC  : Cancelling job. JobID: 812057698
10-18 11:19:22.921  3103 29507 V FA-SVC  : Scheduling upload with GcmTaskService
10-18 11:19:22.921  3103 29507 V FA-SVC  : Scheduling task with Gcm. time: 3036667
10-18 11:19:22.930  3103 29507 V FA-SVC  : Background event processing time, ms: 19
10-18 11:19:22.933  2377 29489 E NetworkScheduler: Invalid component specified.
10-18 11:19:22.948  2377  5097 E ExecutionCriteria: Package unavailable for task: com.google.android.talk/com.google.android.apps.hangouts.concurrent.impl.GcmTriggeredNotifier{u=0 tag="network_connectivity_wakeup:persisted" trigger=window{start=259111s,end=259112s,earliest=-39621852s,latest=-39621851s} requirements=[NET_CONNECTED] attributes=[PERSISTED] scheduled=-39880963s last_run=N/A jid=N/A status=PENDING retries=0 client_lib=MANCHEGO_GCM-0}
10-18 11:19:23.127  1315  1356 E OHPD    : [BgDetect] AppForkedProc kworker/5:2 pid 26594 uid 0 can't find pkgName
10-18 11:19:23.127  1315  1356 E OHPD    : [BgDetect] AppForkedProc kworker/3:0 pid 29225 uid 0 can't find pkgName
10-18 11:19:23.127  1315  1356 E OHPD    : [BgDetect] AppForkedProc kworker/u16:6 pid 29344 uid 0 can't find pkgName
10-18 11:19:23.135  1315  1356 I OHPD    : [BgDetect]chkExcessCpu level: 0 doKills: true critical false uptime: 300276
10-18 11:19:23.347  1315  1356 I OHPD    : [BgDetect]chkExcessCpu level: 1 doKills: true critical false uptime: 300284
10-18 11:19:27.926 29458 29478 V FA      : Inactivity, disconnecting from the service
10-18 11:19:38.967   808  2356 V LocSvc_HIDL_IzatProvider: [onLocationChanged][71] [HS] =>>>> [HC]
10-18 11:19:38.967  1315 19107 V LocSvc_HIDL_IzatProvider_jni: [onLocationChanged][136] [HC] <<= [HS]
10-18 11:19:38.971   808  2356 V LocSvc_HIDL_IzatProvider: [onLocationChanged][71] [HS] =>>>> [HC]
10-18 11:19:38.971  1315 19107 V LocSvc_HIDL_IzatProvider_jni: [onLocationChanged][136] [HC] <<= [HS]
10-18 11:20:00.001  1315  1593 V AlarmManager: Triggering alarm #0: 3 when =72047918 package =android operation =*alarm*:android.intent.action.TIME_TICK flags =0x1
10-18 11:20:00.061  2152  2409 I ClockCtrl:  schedule next: 59939
10-18 11:20:00.062  2152  2409 I KeyguardUpdateMonitor: onTimeChanged
10-18 11:20:00.062  2152  2152 D KeyguardUpdateMonitor: handleTimeUpdate
10-18 11:20:00.064  2152  2152 I Clock   : onTimeChanged
10-18 11:20:00.065  2152  2152 I DateView: onTimeChanged
10-18 11:20:04.824  2152  2168 I zygote64: Background concurrent copying GC freed 247397(8MB) AllocSpace objects, 0(0B) LOS objects, 49% free, 9MB/19MB, paused 212us total 107.663ms
10-18 11:20:06.175  4121  8945 D NetworkStateUtils: netWorkState=1
10-18 11:20:14.045 27942 27963 I Finsky  : [530] com.google.android.finsky.bo.ad.run(6): Stats for Executor: BlockingExecutor com.google.android.finsky.bo.ae@2d22b47[Running, pool size = 0, active threads = 0, queued tasks = 0, completed tasks = 6]
10-18 11:20:14.046 27942 27963 I Finsky  : [530] com.google.android.finsky.bo.ad.run(6): Stats for Executor: LightweightExecutor com.google.android.finsky.bo.ae@c963f74[Running, pool size = 4, active threads = 0, queued tasks = 0, completed tasks = 42]
10-18 11:20:14.046 27942 27963 I Finsky  : [530] com.google.android.finsky.bo.ad.run(6): Stats for Executor: bgExecutor com.google.android.finsky.bo.ae@b068c9d[Running, pool size = 4, active threads = 0, queued tasks = 0, completed tasks = 32]
10-18 11:20:14.209 28595 28618 V xiaomi  : [Thread:730] [Slim] RCV ping id=0
10-18 11:20:14.209 28595 28610 V xiaomi  : stats key not found
10-18 11:20:14.210 28595 28610 V xiaomi  : [Thread:722] TinyData TinyDataCacheProcessor.pingFollowUpAction ts:1539854414209
10-18 11:20:14.211 28595 28610 V xiaomi  : [Thread:722] TinyData TinyDataCacheProcessor.pingFollowUpAction !canUpload(uploader) ts:1539854414211
10-18 11:20:16.899   932  1064 I ThermalEngine: Monitor : quiet_therm = 30, msm_therm = 31, ufs_therm = -40, battery_therm = 273,current_now = -332000 
10-18 11:20:27.871   802 19891 I WifiHAL : event received NL80211_CMD_VENDOR, vendor_id = 0x1374, subcmd = 0xa
10-18 11:20:27.873 19892 19892 I wpa_supplicant: wlan0: CTRL-EVENT-AVOID-FREQ ranges=
10-18 11:20:38.966   808  2356 V LocSvc_HIDL_IzatProvider: [onLocationChanged][71] [HS] =>>>> [HC]
10-18 11:20:38.966  1315 19107 V LocSvc_HIDL_IzatProvider_jni: [onLocationChanged][136] [HC] <<= [HS]
10-18 11:20:38.967   808  2356 V LocSvc_HIDL_IzatProvider: [onLocationChanged][71] [HS] =>>>> [HC]
10-18 11:20:38.968  1315 19107 V LocSvc_HIDL_IzatProvider_jni: [onLocationChanged][136] [HC] <<= [HS]
10-18 11:20:39.234  1315  1593 V AlarmManager: Triggering alarm #0: 3 when =72036726 package =android operation =*alarm*:com.android.server.action.NETWORK_STATS_POLL flags =0x8
10-18 11:20:39.235  1315  1593 V AlarmManager: Triggering alarm #1: 2 when =72087149 package =android operation = null listenTag =*job.deadline* flags =0x0
10-18 11:20:39.235  1315  1593 V AlarmManager: Triggering alarm #2: 2 when =72087149 package =android operation = null listenTag =*job.delay* flags =0x0
10-18 11:20:39.235  1315  1593 V AlarmManager: Triggering alarm #3: 3 when =72060446 package =com.google.android.gms operation =*alarm*:com.google.android.gms/.lockbox.LockboxAlarmReceiver flags =0x0
10-18 11:20:39.235  1315  1593 V AlarmManager: Triggering alarm #4: 3 when =72074827 package =com.tinder operation =*alarm*:com.mapbox.scheduler_flusher-2049452362 flags =0x0
10-18 11:20:39.241  1315  1670 D NetworkStats: performPollLocked(flags=0x3)
10-18 11:20:39.241  1315  1670 D NtpTrustedTime: currentTimeMillis() cache hit
10-18 11:20:39.269  1315  1670 D NtpTrustedTime: currentTimeMillis() cache hit
10-18 11:20:39.306  1315  1672 D RecurrenceRule: Resolving using anchor 2018-10-18T11:20:39.306+02:00[Europe/Madrid]
10-18 11:20:39.312  1315  1672 D RecurrenceRule: Resolving using anchor 2018-10-18T11:20:39.312+02:00[Europe/Madrid]
10-18 11:20:39.317  1315  1672 D RecurrenceRule: Cycle 21 from 2018-10-14T00:00+02:00[Europe/Madrid] to 2018-11-14T00:00+01:00[Europe/Madrid]
10-18 11:20:39.318  1315  1672 D NetworkStats: Resolving plan for NetworkTemplate: matchRule=MOBILE_ALL, matchSubscriberIds=[null]
10-18 11:20:39.322  1315  1672 D NetworkStats: Found active matching subId 6
10-18 11:20:39.329  1315  1672 D NetworkStats: Resolved to plan null
10-18 11:20:39.334  1315  1672 D RecurrenceRule: Resolving using anchor 2018-10-18T11:20:39.334+02:00[Europe/Madrid]
10-18 11:20:39.338  2377  4129 W arqp    : Empty context buffer. Thus might mean that the context is not synced down.
10-18 11:20:39.339  1315  1672 D RecurrenceRule: Resolving using anchor 2018-10-18T11:20:39.338+02:00[Europe/Madrid]
10-18 11:20:39.339  2377  4129 W armt    : Empty context model while retrieving upload opt-in status!
10-18 11:20:39.343  1315  1672 D RecurrenceRule: Cycle 21 from 2018-10-09T00:00+02:00[Europe/Madrid] to 2018-11-09T00:00+01:00[Europe/Madrid]
10-18 11:20:39.344  1315  1672 D NetworkStats: Resolving plan for NetworkTemplate: matchRule=MOBILE_ALL, subscriberId=214042..., matchSubscriberIds=[214042...]
10-18 11:20:39.347  1315  1672 D NetworkStats: Found active matching subId 5
10-18 11:20:39.352  1315  1672 D NetworkStats: Resolved to plan null
10-18 11:20:39.362  2377  5097 E ExecutionCriteria: Package unavailable for task: com.google.android.talk/com.google.android.apps.hangouts.concurrent.impl.GcmTriggeredNotifier{u=0 tag="network_connectivity_wakeup:persisted" trigger=window{start=259111s,end=259112s,earliest=-39621928s,latest=-39621927s} requirements=[NET_CONNECTED] attributes=[PERSISTED] scheduled=-39881039s last_run=N/A jid=N/A status=PENDING retries=0 client_lib=MANCHEGO_GCM-0}
10-18 11:20:49.119  1315  1593 V AlarmManager: Triggering alarm #0: 2 when =72097038 package =android operation = null listenTag =*job.delay* flags =0x0
10-18 11:20:49.155  1315  1315 I ActivityManager: Start proc 29535:com.revolut.revolut/u0a361 for service com.revolut.revolut/com.evernote.android.job.v21.PlatformJobService
10-18 11:20:49.203 29535 29547 I zygote64: The ClassLoaderContext is a special shared library.
10-18 11:20:49.263 29535 29535 I MultiDex: VM with version 2.1.0 has multidex support
10-18 11:20:49.263 29535 29535 I MultiDex: Installing application
10-18 11:20:49.263 29535 29535 I MultiDex: VM has multidex support, MultiDex support library is disabled.
10-18 11:20:49.270 29535 29535 D FirebaseApp: com.google.firebase.auth.FirebaseAuth is not linked. Skipping initialization.
10-18 11:20:49.275 29535 29535 D FirebaseApp: com.google.firebase.crash.FirebaseCrash is not linked. Skipping initialization.
10-18 11:20:49.280 29535 29535 V FA      : Cancelling job. JobID: 1550959143
10-18 11:20:49.281 29535 29535 V FA      : Registered activity lifecycle callback
10-18 11:20:49.282 29535 29535 I FirebaseInitProvider: FirebaseApp initialization successful
10-18 11:20:49.297 29535 29552 D com.facebook.FacebookSdk: getGraphApiVersion: v3.0
10-18 11:20:49.297 29535 29550 V FA      : Collection enabled
10-18 11:20:49.297 29535 29550 V FA      : App package, google app id: com.revolut.revolut, 1:641524086291:android:5bb8674918564983
10-18 11:20:49.298 29535 29550 I FA      : App measurement is starting up, version: 11910
10-18 11:20:49.298 29535 29550 I FA      : To enable debug logging run: adb shell setprop log.tag.FA VERBOSE
10-18 11:20:49.299 29535 29550 I FA      : To enable faster debug mode event logging run:
10-18 11:20:49.299 29535 29550 I FA      :   adb shell setprop debug.firebase.analytics.app com.revolut.revolut
10-18 11:20:49.299 29535 29550 D FA      : Debug-level message logging enabled
10-18 11:20:49.307 29535 29552 D NetworkSecurityConfig: Using Network Security Config from resource network_security_config debugBuild: false
10-18 11:20:49.313 29535 29552 I DpmTcmClient: RegisterTcmMonitor from: com.android.okhttp.TcmIdleTimerMonitor
10-18 11:20:49.314 29535 29550 V FA      : Connecting to remote service
10-18 11:20:49.317 29535 29552 I DpmTcmClient: RegisterTcmMonitor from: com.android.okhttp.TcmIdleTimerMonitor
10-18 11:20:49.322 29535 29550 V FA      : Connection attempt already in progress
10-18 11:20:49.379  1315  1356 D EmbryoManager: Embryo claimed. com.Slack, pid=25617
10-18 11:20:49.395  2377  5097 E ExecutionCriteria: Package unavailable for task: com.google.android.talk/com.google.android.apps.hangouts.concurrent.impl.GcmTriggeredNotifier{u=0 tag="network_connectivity_wakeup:persisted" trigger=window{start=259111s,end=259112s,earliest=-39621938s,latest=-39621937s} requirements=[NET_CONNECTED] attributes=[PERSISTED] scheduled=-39881049s last_run=N/A jid=N/A status=PENDING retries=0 client_lib=MANCHEGO_GCM-0}
10-18 11:20:49.396 29535 29568 I CrashlyticsCore: Initializing Crashlytics 2.6.3.25
10-18 11:20:49.401 25617 25617 I MultiDex: VM with version 2.1.0 has multidex support
10-18 11:20:49.401 25617 25617 I MultiDex: Installing application
10-18 11:20:49.401 25617 25617 I MultiDex: VM has multidex support, MultiDex support library is disabled.
10-18 11:20:49.415 25617 25617 D FirebaseApp: com.google.firebase.auth.FirebaseAuth is not linked. Skipping initialization.
10-18 11:20:49.416 25617 25617 D FirebaseApp: com.google.firebase.crash.FirebaseCrash is not linked. Skipping initialization.
10-18 11:20:49.419 25617 25617 V FA      : Registered activity lifecycle callback
10-18 11:20:49.420 25617 25617 I FirebaseInitProvider: FirebaseApp initialization successful
10-18 11:20:49.440 29535 29568 I GAv4    : Google Analytics 11.9.10 is starting up. To enable debug logging on a device run:
10-18 11:20:49.440 29535 29568 I GAv4    :   adb shell setprop log.tag.GAv4 DEBUG
10-18 11:20:49.440 29535 29568 I GAv4    :   adb logcat -s GAv4
10-18 11:20:49.447 29535 29598 F HTTPRequest /android e7009a: Request start: 1539854449447
10-18 11:20:49.452 29535 29568 W GAv4    : String xml configuration name not recognized: ga_trackingId
10-18 11:20:49.459 25617 29594 V FA      : Collection enabled
10-18 11:20:49.459 25617 29594 V FA      : App package, google app id: com.Slack, 1:508767403424:android:7c2619785291111d
10-18 11:20:49.460 25617 29594 I FA      : App measurement is starting up, version: 12451
10-18 11:20:49.460 25617 29594 I FA      : To enable debug logging run: adb shell setprop log.tag.FA VERBOSE
10-18 11:20:49.460 25617 29594 I FA      : To enable faster debug mode event logging run:
10-18 11:20:49.460 25617 29594 I FA      :   adb shell setprop debug.firebase.analytics.app com.Slack
10-18 11:20:49.460 25617 29594 D FA      : Debug-level message logging enabled
10-18 11:20:49.461 29535 29598 I HTTPRequest /android e7009a: Timeout value: 5000
10-18 11:20:49.469 29535 29568 W GAv4    : Bool xml configuration name not recognized: ga_autoActivityTracking
10-18 11:20:49.469 29535 29568 W GAv4    : Bool xml configuration name not recognized: ga_reportUncaughtExceptions
10-18 11:20:49.485 29535 29598 I HTTPRequest /android e7009a: URL: https://ota.lokalise.co/v2.0/android
10-18 11:20:49.489 29535 29598 I HTTPRequest /android e7009a: Final URL: https://ota.lokalise.co/v2.0/android
10-18 11:20:49.494 25617 29594 V FA      : Connecting to remote service
10-18 11:20:49.495 29535 29598 I HTTPRequest /android e7009a: Method: GET
10-18 11:20:49.501 29535 29598 I HTTPRequest /android e7009a: User-Agent: Lokalise SDK; 136; Android; com.revolut.revolut; 501902425; es_ES; ONEPLUS A5000 (OnePlus5); 8.1.0 (27);
10-18 11:20:49.504 25617 29594 V FA      : Connection attempt already in progress
10-18 11:20:49.507 25617 29624 D NetworkSecurityConfig: No Network Security Config specified, using platform default
10-18 11:20:49.510 29535 29598 I HTTPRequest /android e7009a: X-Lokalise-Api-Key: a45d8d34653939f9c17d2407efd837ad3f3ecfef
10-18 11:20:49.533 29535 29598 I HTTPRequest /android e7009a: X-Lokalise-App-Build: 501902425
10-18 11:20:49.554 29535 29598 I HTTPRequest /android e7009a: X-Lokalise-App-Language: es_ES
10-18 11:20:49.558 29535 29598 I HTTPRequest /android e7009a: X-Lokalise-Current-Bundle: 32750
10-18 11:20:49.567  1315  3660 D ConnectivityService: listenForNetwork for uid/pid:10115/25617 NetworkRequest [ LISTEN id=151, [ Capabilities: INTERNET&NOT_RESTRICTED&TRUSTED&NOT_VPN&FOREGROUND] ]
10-18 11:20:49.568  1315  1685 D ConnectivityService: rematching NetworkAgentInfo [WIFI () - 123]
10-18 11:20:49.568  1315  1685 D ConnectivityService:  network has: [ Transports: WIFI Capabilities: NOT_METERED&INTERNET&NOT_RESTRICTED&TRUSTED&NOT_VPN&VALIDATED&FOREGROUND LinkUpBandwidth>=1048576Kbps LinkDnBandwidth>=1048576Kbps SignalStrength: -39]
10-18 11:20:49.595 29535 29598 I HTTPRequest /android e7009a: X-Lokalise-Device-Language: es_ES
10-18 11:20:49.607 29535 29598 I HTTPRequest /android e7009a: X-Lokalise-Language: es
10-18 11:20:49.608 29535 29665 D PlatformJobService: Run job, request{id=1176, tag=BACKGROUND_LOCATION, transient=false}, waited 00:25:00, interval 00:30:00, flex 00:05:00
10-18 11:20:49.609 29535 29550 D FA      : Connected to remote service
10-18 11:20:49.614 29535 29550 V FA      : Processing queued up service tasks: 2
10-18 11:20:49.620 25617 29594 D FA      : Connected to remote service
10-18 11:20:49.620 25617 29594 V FA      : Processing queued up service tasks: 2
10-18 11:20:49.643 29535 29598 I HTTPRequest /android e7009a: X-Lokalise-Project-Id: 73974158594d2da43998f6.97749471
10-18 11:20:49.651 29535 29665 W Java7Support: Unable to load JDK7 types (annotations, java.nio.file.Path): no Java7 support added
10-18 11:20:49.664 29535 29554 D com.facebook.FacebookSdk: getGraphApiVersion: v3.0
10-18 11:20:49.665 29535 29598 I HTTPRequest /android e7009a: X-Lokalise-Region: ES
10-18 11:20:49.678 29535 29598 I HTTPRequest /android e7009a: X-Lokalise-SDK-Build: 136
10-18 11:20:49.686 29535 29555 D com.facebook.FacebookSdk: getGraphApiVersion: v3.0
10-18 11:20:49.700 29535 29598 I HTTPRequest /android e7009a: X-Lokalise-UID: a68a0809-e42e-4b1b-8d11-a906ce5b25b0
10-18 11:20:49.704 29535 29598 I HTTPRequest /android e7009a: X-Request-Id: e7009a45-758e-4890-b868-ae8d2b324d07
10-18 11:20:49.904 29535 29665 I JobExecutor: Executing request{id=1176, tag=BACKGROUND_LOCATION, transient=false}, context PlatformJobService
10-18 11:20:49.936 29535 29598 I HTTPRequest /android e7009a: Response status: 200
10-18 11:20:49.939 29535 29598 I HTTPRequest /android e7009a: Response text: {"bundle":{"file":"https://mdn01.lokalise.co/bundles/73974158594d2da43998f6.97749471/android/32750.json","version":"32750"}}￿
10-18 11:20:49.941 29535 29598 F HTTPRequest /android e7009a: Request end: 1539854449941
10-18 11:20:50.134 25617 29642 D AppsFlyer_4.8.12: Initializing AppsFlyer SDK: (v4.8.12.386)
10-18 11:20:50.265 29535 29535 I JobManager: Found pending job request{id=1176, tag=BACKGROUND_LOCATION, transient=false}, canceling
10-18 11:20:50.271 29535 29696 I JobExecutor: Finished job{id=1176, finished=true, result=SUCCESS, canceled=false, periodic=true, class=a, tag=BACKGROUND_LOCATION}
10-18 11:20:50.282 29535 29665 D PlatformJobService: Finished job, request{id=1176, tag=BACKGROUND_LOCATION, transient=false} SUCCESS
10-18 11:20:50.299 29535 29535 D JobProxy26: Schedule periodic jobInfo success, request{id=1177, tag=BACKGROUND_LOCATION, transient=false}, interval 00:30:00, flex 00:05:00
10-18 11:20:50.300 29535 29535 D PlatformJobService: Called onStopJob for job{id=1176, finished=true, result=SUCCESS, canceled=false, periodic=true, class=a, tag=BACKGROUND_LOCATION}
10-18 11:20:52.638  1315  7719 I ActivityManager: Killing 28132:com.google.android.gms.learning/u0a14 (adj 906): empty #17
10-18 11:20:52.641  1315  1358 W zygote64: kill(-28132, 9) failed: No such process
10-18 11:20:52.660  1315  1358 I chatty  : uid=1000(system) ActivityManager identical 2 lines
10-18 11:20:52.666  1315  1358 W zygote64: kill(-28132, 9) failed: No such process
10-18 11:20:52.674  1315  2165 D EmbryoManager: prepare com.google.android.gms user 0
10-18 11:20:52.674  1315  1358 W zygote64: kill(-28132, 9) failed: No such process
10-18 11:20:52.674  1315  2165 D ActivityManager: Process com.google.android.gms.learning has 0 services
10-18 11:20:52.679  1315  1358 W zygote64: kill(-28132, 9) failed: No such process
10-18 11:20:52.680  1315  1358 I zygote64: Successfully killed process cgroup uid 10014 pid 28132 in 38ms
10-18 11:20:54.256 29535 29548 I zygote64: Waiting for a blocking GC ProfileSaver
10-18 11:20:54.300  4121 29706 D FileSizeUtil: getAvailableStoragePercentValue totalBytes=56548761600,freeBytes=11828596736,availableStoragePercent=0.20917516849741233
10-18 11:20:54.301  4121 29706 D WidgetViewService: availableStorage has no change,availableStorage:21%
10-18 11:20:54.339 29535 29548 I zygote64: WaitForGcToComplete blocked ProfileSaver on AddRemoveAppImageSpace for 83.561ms
10-18 11:20:54.680 25617 29594 V FA      : Inactivity, disconnecting from the service
10-18 11:20:54.693 29535 29550 V FA      : Inactivity, disconnecting from the service
10-18 11:20:55.870  1315  1325 I zygote64: Background concurrent copying GC freed 330190(15MB) AllocSpace objects, 166(7MB) LOS objects, 42% free, 29MB/52MB, paused 143us total 122.509ms
10-18 11:21:00.003  1315  1593 V AlarmManager: Triggering alarm #0: 3 when =72107919 package =android operation =*alarm*:android.intent.action.TIME_TICK flags =0x1
10-18 11:21:00.062  2152  2409 I ClockCtrl:  schedule next: 59939
10-18 11:21:00.062  2152  2409 I KeyguardUpdateMonitor: onTimeChanged
10-18 11:21:00.063  2152  2152 D KeyguardUpdateMonitor: handleTimeUpdate
10-18 11:21:00.071  2152  2152 I Clock   : onTimeChanged
10-18 11:21:00.072  2152  2152 I DateView: onTimeChanged
10-18 11:21:04.639 29535 29559 D com.facebook.FacebookSdk: getGraphApiVersion: v3.0
10-18 11:21:04.649 29535 29559 D NativeCrypto: jniThrowException: java/net/SocketTimeoutException: Read timed out
10-18 11:21:06.176  4121  8945 D NetworkStateUtils: netWorkState=1
10-18 11:21:10.789  1315  3653 I ActivityManager: Killing 24523:com.google.android.gms/u999a14 (adj 906): empty #17
10-18 11:21:10.795  1315  1358 W zygote64: kill(-24523, 9) failed: No such process
10-18 11:21:10.835  1315  2165 D ActivityManager: Process com.google.android.gms has 0 services
10-18 11:21:10.835  1315  1358 I chatty  : uid=1000(system) ActivityManager identical 7 lines
10-18 11:21:10.841  1315  1358 W zygote64: kill(-24523, 9) failed: No such process
10-18 11:21:10.841  1315  1358 I zygote64: Successfully killed process cgroup uid 99910014 pid 24523 in 46ms
10-18 11:21:14.048 27942 27963 I Finsky  : [530] com.google.android.finsky.bo.ad.run(6): Stats for Executor: BlockingExecutor com.google.android.finsky.bo.ae@2d22b47[Running, pool size = 0, active threads = 0, queued tasks = 0, completed tasks = 6]
10-18 11:21:14.049 27942 27963 I Finsky  : [530] com.google.android.finsky.bo.ad.run(6): Stats for Executor: LightweightExecutor com.google.android.finsky.bo.ae@c963f74[Running, pool size = 4, active threads = 0, queued tasks = 0, completed tasks = 42]
10-18 11:21:14.052 27942 27963 I Finsky  : [530] com.google.android.finsky.bo.ad.run(6): Stats for Executor: bgExecutor com.google.android.finsky.bo.ae@b068c9d[Running, pool size = 4, active threads = 0, queued tasks = 0, completed tasks = 32]
10-18 11:21:14.118 28595 28618 V xiaomi  : [Thread:730] [Slim] read Blob [] Err:Connection reset
10-18 11:21:14.119 28595 28610 V xiaomi  : [Thread:722] JOB: shutdown the connection. 9, java.net.SocketException: Connection reset
10-18 11:21:14.120 28595 28610 V xiaomi  : [Thread:722] disconnect 140075490, 60848591
10-18 11:21:14.122 28595 28610 V xiaomi  : 
10-18 11:21:14.122 28595 28610 V xiaomi  : java.net.SocketException: Broken pipe
10-18 11:21:14.122 28595 28610 V xiaomi  : 	at java.net.SocketOutputStream.socketWrite0(Native Method)
10-18 11:21:14.122 28595 28610 V xiaomi  : 	at java.net.SocketOutputStream.socketWrite(SocketOutputStream.java:109)
10-18 11:21:14.122 28595 28610 V xiaomi  : 	at java.net.SocketOutputStream.write(SocketOutputStream.java:153)
10-18 11:21:14.122 28595 28610 V xiaomi  : 	at java.io.BufferedOutputStream.flushBuffer(BufferedOutputStream.java:82)
10-18 11:21:14.122 28595 28610 V xiaomi  : 	at java.io.BufferedOutputStream.flush(BufferedOutputStream.java:140)
10-18 11:21:14.122 28595 28610 V xiaomi  : 	at com.xiaomi.g.d.a(Unknown Source:241)
10-18 11:21:14.122 28595 28610 V xiaomi  : 	at com.xiaomi.g.d.b(Unknown Source:11)
10-18 11:21:14.122 28595 28610 V xiaomi  : 	at com.xiaomi.g.g.a(Unknown Source:19)
10-18 11:21:14.122 28595 28610 V xiaomi  : 	at com.xiaomi.h.h.b(Unknown Source:0)
10-18 11:21:14.122 28595 28610 V xiaomi  : 	at com.xiaomi.push.service.XMPushService.a(Unknown Source:48)
10-18 11:21:14.122 28595 28610 V xiaomi  : 	at com.xiaomi.h.j.a(Unknown Source:8)
10-18 11:21:14.122 28595 28610 V xiaomi  : 	at com.xiaomi.push.service.XMPushService$i.run(Unknown Source:37)
10-18 11:21:14.122 28595 28610 V xiaomi  : 	at com.xiaomi.push.service.bl$c.run(Unknown Source:175)
10-18 11:21:14.122 28595 28610 V xiaomi  : [Thread:722] update the connection status. connected -> disconnected : ERROR_READ_ERROR 
10-18 11:21:14.135 28595 28610 V xiaomi  : [Thread:722] schedule reconnect in 0ms
10-18 11:21:14.137 28595 28610 V xiaomi  : [Thread:722] JOB: do reconnect..
10-18 11:21:14.142 28595 28610 V xiaomi  : [Thread:722] update the connection status. disconnected -> connecting : ERROR_OK 
10-18 11:21:14.146 28595 28610 V xiaomi  : [Thread:722] begin to connect to 47.74.170.157:5222
10-18 11:21:14.832 28595 28610 V xiaomi  : [Thread:722] tcp connected
10-18 11:21:14.834 28595 28610 V xiaomi  : [Thread:722] [slim] open conn: andver=27 sdk=37 hash=MWn_GXQzaavcuikD tz=1:1 Model=ONEPLUS A5000 os=1808081927
10-18 11:21:14.835 28595 28610 V xiaomi  : [Thread:722] connected to 47.74.170.157:5222 in 689
10-18 11:21:14.863 28595 28610 V xiaomi  : [Thread:722] JOB: notify job
10-18 11:21:15.543 28595 29712 V xiaomi  : [Thread:733] setChallenge hash = b324c208
10-18 11:21:15.544 28595 29712 V xiaomi  : [Thread:733] update the connection status. connecting -> connected : ERROR_OK 
10-18 11:21:15.551 28595 29712 V xiaomi  : [Thread:733] [Slim] CONN: host = 42db
10-18 11:21:15.551 28595 28610 V xiaomi  : [Thread:722] JOB: bind the client. 5
10-18 11:21:15.551 28595 28610 V xiaomi  : [Thread:722] update the client 5 status. unbind->binding unknown ERROR_OK null null
10-18 11:21:15.551 28595 28610 V xiaomi  : [Thread:722] [Slim]: bind id=0p6Sv-3
10-18 11:21:16.921   932  1064 I ThermalEngine: Monitor : quiet_therm = 30, msm_therm = 31, ufs_therm = -40, battery_therm = 273,current_now = -372000 
10-18 11:21:21.654  3103 26470 I CastDatabase: Saving the database
10-18 11:21:21.669  3103 26470 E SQLiteCastStore: Skip saving CastDeviceInfo: "Dispositivo cercano" (__cast_nearby___V_aaef0b97-7896-48ee-8279-e2934cd9da66)
10-18 11:21:21.676  3103 26470 I SQLiteCastStore: [CastNetworkInfo] saved: 3, skipped: 0, [CastDeviceInfo]: saved 2, skipped 1, Paired Guest Mode DeviceInfo] saved: 0, skipped: 0. [ProbedNetworks]: saved 2, skipped: 0, [ProbedSocketAddress]: saved 0, skipped: 0
10-18 11:21:27.927  2377 29330 I GCoreUlr: Starting scheduled upload task
10-18 11:21:27.940  2377 29330 I GCoreUlr: Starting service, intent=Intent { act=com.google.android.location.reporting.UPLOAD cmp=com.google.android.gms/com.google.android.location.reporting.service.DispatchingService }, extras=null
10-18 11:21:28.138  2377 29533 I GCoreUlr: LocationReporter sending 8 locations, 0 activities, and 11 metadata for account account#16# request #0; requests: []
10-18 11:21:28.147  2377  2377 W ChimeraUtils: Non Chimera context
10-18 11:21:28.147  2377  2377 W ChimeraUtils: Non Chimera context
